<!doctype html public "-//w3c//dtd html 4.0 transitional//en">
<html><head>
<title>Static Call Graph - [.\Objects\rttreads32f144project.axf]</title></head>
<body><HR>
<H1>Static Call Graph for image .\Objects\rttreads32f144project.axf</H1><HR>
<BR><P>#&#060CALLGRAPH&#062# ARM Linker, 5050106: Last Updated: Sat Apr 11 19:03:28 2020
<BR><P>
<H3>Maximum Stack Usage =        312 bytes + Unknown(Cycles, Untraceable Function Pointers)</H3><H3>
Call chain for Maximum Stack Depth:</H3>
__rt_entry_main &rArr; main &rArr; CLOCK_SYS_UpdateConfiguration &rArr; CLOCK_SYS_SetConfiguration &rArr; CLOCK_DRV_Init &rArr; CLOCK_SYS_SetScgConfiguration &rArr; CLOCK_SYS_ConfigureModulesFromScg &rArr; CLOCK_SYS_TransitionSystemClock &rArr; CLOCK_SYS_SetSystemClockConfig &rArr; CLOCK_SYS_GetSrcFreq &rArr; CLOCK_SYS_GetSysPllFreq
<P>
<H3>
Mutually Recursive functions
</H3> <LI><a href="#[6]">NMI_Handler</a>&nbsp;&nbsp;&nbsp;&rArr;&nbsp;&nbsp;&nbsp;<a href="#[6]">NMI_Handler</a><BR>
 <LI><a href="#[7]">HardFault_Handler</a>&nbsp;&nbsp;&nbsp;&rArr;&nbsp;&nbsp;&nbsp;<a href="#[7]">HardFault_Handler</a><BR>
 <LI><a href="#[8]">MemManage_Handler</a>&nbsp;&nbsp;&nbsp;&rArr;&nbsp;&nbsp;&nbsp;<a href="#[8]">MemManage_Handler</a><BR>
 <LI><a href="#[9]">BusFault_Handler</a>&nbsp;&nbsp;&nbsp;&rArr;&nbsp;&nbsp;&nbsp;<a href="#[9]">BusFault_Handler</a><BR>
 <LI><a href="#[a]">UsageFault_Handler</a>&nbsp;&nbsp;&nbsp;&rArr;&nbsp;&nbsp;&nbsp;<a href="#[a]">UsageFault_Handler</a><BR>
 <LI><a href="#[b]">SVC_Handler</a>&nbsp;&nbsp;&nbsp;&rArr;&nbsp;&nbsp;&nbsp;<a href="#[b]">SVC_Handler</a><BR>
 <LI><a href="#[c]">DebugMon_Handler</a>&nbsp;&nbsp;&nbsp;&rArr;&nbsp;&nbsp;&nbsp;<a href="#[c]">DebugMon_Handler</a><BR>
 <LI><a href="#[d]">PendSV_Handler</a>&nbsp;&nbsp;&nbsp;&rArr;&nbsp;&nbsp;&nbsp;<a href="#[d]">PendSV_Handler</a><BR>
 <LI><a href="#[e]">SysTick_Handler</a>&nbsp;&nbsp;&nbsp;&rArr;&nbsp;&nbsp;&nbsp;<a href="#[e]">SysTick_Handler</a><BR>
</UL>
<P>
<H3>
Function Pointers
</H3><UL>
 <LI><a href="#[36]">ADC0_IRQHandler</a> from startup_s32k144.o(.text) referenced from startup_s32k144.o(RESET)
 <LI><a href="#[37]">ADC1_IRQHandler</a> from startup_s32k144.o(.text) referenced from startup_s32k144.o(RESET)
 <LI><a href="#[9]">BusFault_Handler</a> from startup_s32k144.o(.text) referenced from startup_s32k144.o(RESET)
 <LI><a href="#[5e]">CAN0_Error_IRQHandler</a> from startup_s32k144.o(.text) referenced from startup_s32k144.o(RESET)
 <LI><a href="#[60]">CAN0_ORed_0_15_MB_IRQHandler</a> from startup_s32k144.o(.text) referenced from startup_s32k144.o(RESET)
 <LI><a href="#[61]">CAN0_ORed_16_31_MB_IRQHandler</a> from startup_s32k144.o(.text) referenced from startup_s32k144.o(RESET)
 <LI><a href="#[5d]">CAN0_ORed_IRQHandler</a> from startup_s32k144.o(.text) referenced from startup_s32k144.o(RESET)
 <LI><a href="#[5f]">CAN0_Wake_Up_IRQHandler</a> from startup_s32k144.o(.text) referenced from startup_s32k144.o(RESET)
 <LI><a href="#[65]">CAN1_Error_IRQHandler</a> from startup_s32k144.o(.text) referenced from startup_s32k144.o(RESET)
 <LI><a href="#[67]">CAN1_ORed_0_15_MB_IRQHandler</a> from startup_s32k144.o(.text) referenced from startup_s32k144.o(RESET)
 <LI><a href="#[64]">CAN1_ORed_IRQHandler</a> from startup_s32k144.o(.text) referenced from startup_s32k144.o(RESET)
 <LI><a href="#[6c]">CAN2_Error_IRQHandler</a> from startup_s32k144.o(.text) referenced from startup_s32k144.o(RESET)
 <LI><a href="#[6e]">CAN2_ORed_0_15_MB_IRQHandler</a> from startup_s32k144.o(.text) referenced from startup_s32k144.o(RESET)
 <LI><a href="#[6b]">CAN2_ORed_IRQHandler</a> from startup_s32k144.o(.text) referenced from startup_s32k144.o(RESET)
 <LI><a href="#[38]">CMP0_IRQHandler</a> from startup_s32k144.o(.text) referenced from startup_s32k144.o(RESET)
 <LI><a href="#[f]">DMA0_IRQHandler</a> from startup_s32k144.o(.text) referenced from startup_s32k144.o(RESET)
 <LI><a href="#[19]">DMA10_IRQHandler</a> from startup_s32k144.o(.text) referenced from startup_s32k144.o(RESET)
 <LI><a href="#[1a]">DMA11_IRQHandler</a> from startup_s32k144.o(.text) referenced from startup_s32k144.o(RESET)
 <LI><a href="#[1b]">DMA12_IRQHandler</a> from startup_s32k144.o(.text) referenced from startup_s32k144.o(RESET)
 <LI><a href="#[1c]">DMA13_IRQHandler</a> from startup_s32k144.o(.text) referenced from startup_s32k144.o(RESET)
 <LI><a href="#[1d]">DMA14_IRQHandler</a> from startup_s32k144.o(.text) referenced from startup_s32k144.o(RESET)
 <LI><a href="#[1e]">DMA15_IRQHandler</a> from startup_s32k144.o(.text) referenced from startup_s32k144.o(RESET)
 <LI><a href="#[10]">DMA1_IRQHandler</a> from startup_s32k144.o(.text) referenced from startup_s32k144.o(RESET)
 <LI><a href="#[11]">DMA2_IRQHandler</a> from startup_s32k144.o(.text) referenced from startup_s32k144.o(RESET)
 <LI><a href="#[12]">DMA3_IRQHandler</a> from startup_s32k144.o(.text) referenced from startup_s32k144.o(RESET)
 <LI><a href="#[13]">DMA4_IRQHandler</a> from startup_s32k144.o(.text) referenced from startup_s32k144.o(RESET)
 <LI><a href="#[14]">DMA5_IRQHandler</a> from startup_s32k144.o(.text) referenced from startup_s32k144.o(RESET)
 <LI><a href="#[15]">DMA6_IRQHandler</a> from startup_s32k144.o(.text) referenced from startup_s32k144.o(RESET)
 <LI><a href="#[16]">DMA7_IRQHandler</a> from startup_s32k144.o(.text) referenced from startup_s32k144.o(RESET)
 <LI><a href="#[17]">DMA8_IRQHandler</a> from startup_s32k144.o(.text) referenced from startup_s32k144.o(RESET)
 <LI><a href="#[18]">DMA9_IRQHandler</a> from startup_s32k144.o(.text) referenced from startup_s32k144.o(RESET)
 <LI><a href="#[1f]">DMA_Error_IRQHandler</a> from startup_s32k144.o(.text) referenced from startup_s32k144.o(RESET)
 <LI><a href="#[c]">DebugMon_Handler</a> from startup_s32k144.o(.text) referenced from startup_s32k144.o(RESET)
 <LI><a href="#[8a]">DefaultISR</a> from startup_s32k144.o(.text) referenced 116 times from startup_s32k144.o(RESET)
 <LI><a href="#[3c]">ERM_double_fault_IRQHandler</a> from startup_s32k144.o(.text) referenced from startup_s32k144.o(RESET)
 <LI><a href="#[3b]">ERM_single_fault_IRQHandler</a> from startup_s32k144.o(.text) referenced from startup_s32k144.o(RESET)
 <LI><a href="#[54]">FLEXIO_IRQHandler</a> from startup_s32k144.o(.text) referenced from startup_s32k144.o(RESET)
 <LI><a href="#[24]">FTFC_Fault_IRQHandler</a> from startup_s32k144.o(.text) referenced from startup_s32k144.o(RESET)
 <LI><a href="#[21]">FTFC_IRQHandler</a> from startup_s32k144.o(.text) referenced from startup_s32k144.o(RESET)
 <LI><a href="#[72]">FTM0_Ch0_Ch1_IRQHandler</a> from startup_s32k144.o(.text) referenced from startup_s32k144.o(RESET)
 <LI><a href="#[73]">FTM0_Ch2_Ch3_IRQHandler</a> from startup_s32k144.o(.text) referenced from startup_s32k144.o(RESET)
 <LI><a href="#[74]">FTM0_Ch4_Ch5_IRQHandler</a> from startup_s32k144.o(.text) referenced from startup_s32k144.o(RESET)
 <LI><a href="#[75]">FTM0_Ch6_Ch7_IRQHandler</a> from startup_s32k144.o(.text) referenced from startup_s32k144.o(RESET)
 <LI><a href="#[76]">FTM0_Fault_IRQHandler</a> from startup_s32k144.o(.text) referenced from startup_s32k144.o(RESET)
 <LI><a href="#[77]">FTM0_Ovf_Reload_IRQHandler</a> from startup_s32k144.o(.text) referenced from startup_s32k144.o(RESET)
 <LI><a href="#[78]">FTM1_Ch0_Ch1_IRQHandler</a> from startup_s32k144.o(.text) referenced from startup_s32k144.o(RESET)
 <LI><a href="#[79]">FTM1_Ch2_Ch3_IRQHandler</a> from startup_s32k144.o(.text) referenced from startup_s32k144.o(RESET)
 <LI><a href="#[7a]">FTM1_Ch4_Ch5_IRQHandler</a> from startup_s32k144.o(.text) referenced from startup_s32k144.o(RESET)
 <LI><a href="#[7b]">FTM1_Ch6_Ch7_IRQHandler</a> from startup_s32k144.o(.text) referenced from startup_s32k144.o(RESET)
 <LI><a href="#[7c]">FTM1_Fault_IRQHandler</a> from startup_s32k144.o(.text) referenced from startup_s32k144.o(RESET)
 <LI><a href="#[7d]">FTM1_Ovf_Reload_IRQHandler</a> from startup_s32k144.o(.text) referenced from startup_s32k144.o(RESET)
 <LI><a href="#[7e]">FTM2_Ch0_Ch1_IRQHandler</a> from startup_s32k144.o(.text) referenced from startup_s32k144.o(RESET)
 <LI><a href="#[7f]">FTM2_Ch2_Ch3_IRQHandler</a> from startup_s32k144.o(.text) referenced from startup_s32k144.o(RESET)
 <LI><a href="#[80]">FTM2_Ch4_Ch5_IRQHandler</a> from startup_s32k144.o(.text) referenced from startup_s32k144.o(RESET)
 <LI><a href="#[81]">FTM2_Ch6_Ch7_IRQHandler</a> from startup_s32k144.o(.text) referenced from startup_s32k144.o(RESET)
 <LI><a href="#[82]">FTM2_Fault_IRQHandler</a> from startup_s32k144.o(.text) referenced from startup_s32k144.o(RESET)
 <LI><a href="#[83]">FTM2_Ovf_Reload_IRQHandler</a> from startup_s32k144.o(.text) referenced from startup_s32k144.o(RESET)
 <LI><a href="#[84]">FTM3_Ch0_Ch1_IRQHandler</a> from startup_s32k144.o(.text) referenced from startup_s32k144.o(RESET)
 <LI><a href="#[85]">FTM3_Ch2_Ch3_IRQHandler</a> from startup_s32k144.o(.text) referenced from startup_s32k144.o(RESET)
 <LI><a href="#[86]">FTM3_Ch4_Ch5_IRQHandler</a> from startup_s32k144.o(.text) referenced from startup_s32k144.o(RESET)
 <LI><a href="#[87]">FTM3_Ch6_Ch7_IRQHandler</a> from startup_s32k144.o(.text) referenced from startup_s32k144.o(RESET)
 <LI><a href="#[88]">FTM3_Fault_IRQHandler</a> from startup_s32k144.o(.text) referenced from startup_s32k144.o(RESET)
 <LI><a href="#[89]">FTM3_Ovf_Reload_IRQHandler</a> from startup_s32k144.o(.text) referenced from startup_s32k144.o(RESET)
 <LI><a href="#[7]">HardFault_Handler</a> from startup_s32k144.o(.text) referenced from startup_s32k144.o(RESET)
 <LI><a href="#[27]">LPI2C0_Master_IRQHandler</a> from startup_s32k144.o(.text) referenced from startup_s32k144.o(RESET)
 <LI><a href="#[28]">LPI2C0_Slave_IRQHandler</a> from startup_s32k144.o(.text) referenced from startup_s32k144.o(RESET)
 <LI><a href="#[3f]">LPIT0_Ch0_IRQHandler</a> from startup_s32k144.o(.text) referenced from startup_s32k144.o(RESET)
 <LI><a href="#[40]">LPIT0_Ch1_IRQHandler</a> from startup_s32k144.o(.text) referenced from startup_s32k144.o(RESET)
 <LI><a href="#[41]">LPIT0_Ch2_IRQHandler</a> from startup_s32k144.o(.text) referenced from startup_s32k144.o(RESET)
 <LI><a href="#[42]">LPIT0_Ch3_IRQHandler</a> from startup_s32k144.o(.text) referenced from startup_s32k144.o(RESET)
 <LI><a href="#[29]">LPSPI0_IRQHandler</a> from startup_s32k144.o(.text) referenced from startup_s32k144.o(RESET)
 <LI><a href="#[2a]">LPSPI1_IRQHandler</a> from startup_s32k144.o(.text) referenced from startup_s32k144.o(RESET)
 <LI><a href="#[2b]">LPSPI2_IRQHandler</a> from startup_s32k144.o(.text) referenced from startup_s32k144.o(RESET)
 <LI><a href="#[49]">LPTMR0_IRQHandler</a> from startup_s32k144.o(.text) referenced from startup_s32k144.o(RESET)
 <LI><a href="#[2e]">LPUART0_RxTx_IRQHandler</a> from startup_s32k144.o(.text) referenced from startup_s32k144.o(RESET)
 <LI><a href="#[30]">LPUART1_RxTx_IRQHandler</a> from startup_s32k144.o(.text) referenced from startup_s32k144.o(RESET)
 <LI><a href="#[32]">LPUART2_RxTx_IRQHandler</a> from startup_s32k144.o(.text) referenced from startup_s32k144.o(RESET)
 <LI><a href="#[23]">LVD_LVW_IRQHandler</a> from startup_s32k144.o(.text) referenced from startup_s32k144.o(RESET)
 <LI><a href="#[20]">MCM_IRQHandler</a> from startup_s32k144.o(.text) referenced from startup_s32k144.o(RESET)
 <LI><a href="#[8]">MemManage_Handler</a> from startup_s32k144.o(.text) referenced from startup_s32k144.o(RESET)
 <LI><a href="#[6]">NMI_Handler</a> from startup_s32k144.o(.text) referenced from startup_s32k144.o(RESET)
 <LI><a href="#[43]">PDB0_IRQHandler</a> from startup_s32k144.o(.text) referenced from startup_s32k144.o(RESET)
 <LI><a href="#[53]">PDB1_IRQHandler</a> from startup_s32k144.o(.text) referenced from startup_s32k144.o(RESET)
 <LI><a href="#[4a]">PORTA_IRQHandler</a> from startup_s32k144.o(.text) referenced from startup_s32k144.o(RESET)
 <LI><a href="#[4b]">PORTB_IRQHandler</a> from startup_s32k144.o(.text) referenced from startup_s32k144.o(RESET)
 <LI><a href="#[4c]">PORTC_IRQHandler</a> from startup_s32k144.o(.text) referenced from startup_s32k144.o(RESET)
 <LI><a href="#[4d]">PORTD_IRQHandler</a> from startup_s32k144.o(.text) referenced from startup_s32k144.o(RESET)
 <LI><a href="#[4e]">PORTE_IRQHandler</a> from startup_s32k144.o(.text) referenced from startup_s32k144.o(RESET)
 <LI><a href="#[d]">PendSV_Handler</a> from startup_s32k144.o(.text) referenced from startup_s32k144.o(RESET)
 <LI><a href="#[26]">RCM_IRQHandler</a> from startup_s32k144.o(.text) referenced from startup_s32k144.o(RESET)
 <LI><a href="#[3d]">RTC_IRQHandler</a> from startup_s32k144.o(.text) referenced from startup_s32k144.o(RESET)
 <LI><a href="#[3e]">RTC_Seconds_IRQHandler</a> from startup_s32k144.o(.text) referenced from startup_s32k144.o(RESET)
 <LI><a href="#[22]">Read_Collision_IRQHandler</a> from startup_s32k144.o(.text) referenced from startup_s32k144.o(RESET)
 <LI><a href="#[63]">Reserved100_IRQHandler</a> from startup_s32k144.o(.text) referenced from startup_s32k144.o(RESET)
 <LI><a href="#[66]">Reserved103_IRQHandler</a> from startup_s32k144.o(.text) referenced from startup_s32k144.o(RESET)
 <LI><a href="#[68]">Reserved105_IRQHandler</a> from startup_s32k144.o(.text) referenced from startup_s32k144.o(RESET)
 <LI><a href="#[69]">Reserved106_IRQHandler</a> from startup_s32k144.o(.text) referenced from startup_s32k144.o(RESET)
 <LI><a href="#[6a]">Reserved107_IRQHandler</a> from startup_s32k144.o(.text) referenced from startup_s32k144.o(RESET)
 <LI><a href="#[6d]">Reserved110_IRQHandler</a> from startup_s32k144.o(.text) referenced from startup_s32k144.o(RESET)
 <LI><a href="#[6f]">Reserved112_IRQHandler</a> from startup_s32k144.o(.text) referenced from startup_s32k144.o(RESET)
 <LI><a href="#[70]">Reserved113_IRQHandler</a> from startup_s32k144.o(.text) referenced from startup_s32k144.o(RESET)
 <LI><a href="#[71]">Reserved114_IRQHandler</a> from startup_s32k144.o(.text) referenced from startup_s32k144.o(RESET)
 <LI><a href="#[2c]">Reserved45_IRQHandler</a> from startup_s32k144.o(.text) referenced from startup_s32k144.o(RESET)
 <LI><a href="#[2d]">Reserved46_IRQHandler</a> from startup_s32k144.o(.text) referenced from startup_s32k144.o(RESET)
 <LI><a href="#[2f]">Reserved48_IRQHandler</a> from startup_s32k144.o(.text) referenced from startup_s32k144.o(RESET)
 <LI><a href="#[31]">Reserved50_IRQHandler</a> from startup_s32k144.o(.text) referenced from startup_s32k144.o(RESET)
 <LI><a href="#[33]">Reserved52_IRQHandler</a> from startup_s32k144.o(.text) referenced from startup_s32k144.o(RESET)
 <LI><a href="#[34]">Reserved53_IRQHandler</a> from startup_s32k144.o(.text) referenced from startup_s32k144.o(RESET)
 <LI><a href="#[35]">Reserved54_IRQHandler</a> from startup_s32k144.o(.text) referenced from startup_s32k144.o(RESET)
 <LI><a href="#[39]">Reserved58_IRQHandler</a> from startup_s32k144.o(.text) referenced from startup_s32k144.o(RESET)
 <LI><a href="#[3a]">Reserved59_IRQHandler</a> from startup_s32k144.o(.text) referenced from startup_s32k144.o(RESET)
 <LI><a href="#[44]">Reserved69_IRQHandler</a> from startup_s32k144.o(.text) referenced from startup_s32k144.o(RESET)
 <LI><a href="#[45]">Reserved70_IRQHandler</a> from startup_s32k144.o(.text) referenced from startup_s32k144.o(RESET)
 <LI><a href="#[46]">Reserved71_IRQHandler</a> from startup_s32k144.o(.text) referenced from startup_s32k144.o(RESET)
 <LI><a href="#[47]">Reserved72_IRQHandler</a> from startup_s32k144.o(.text) referenced from startup_s32k144.o(RESET)
 <LI><a href="#[50]">Reserved81_IRQHandler</a> from startup_s32k144.o(.text) referenced from startup_s32k144.o(RESET)
 <LI><a href="#[51]">Reserved82_IRQHandler</a> from startup_s32k144.o(.text) referenced from startup_s32k144.o(RESET)
 <LI><a href="#[52]">Reserved83_IRQHandler</a> from startup_s32k144.o(.text) referenced from startup_s32k144.o(RESET)
 <LI><a href="#[55]">Reserved86_IRQHandler</a> from startup_s32k144.o(.text) referenced from startup_s32k144.o(RESET)
 <LI><a href="#[56]">Reserved87_IRQHandler</a> from startup_s32k144.o(.text) referenced from startup_s32k144.o(RESET)
 <LI><a href="#[57]">Reserved88_IRQHandler</a> from startup_s32k144.o(.text) referenced from startup_s32k144.o(RESET)
 <LI><a href="#[58]">Reserved89_IRQHandler</a> from startup_s32k144.o(.text) referenced from startup_s32k144.o(RESET)
 <LI><a href="#[59]">Reserved90_IRQHandler</a> from startup_s32k144.o(.text) referenced from startup_s32k144.o(RESET)
 <LI><a href="#[5a]">Reserved91_IRQHandler</a> from startup_s32k144.o(.text) referenced from startup_s32k144.o(RESET)
 <LI><a href="#[5b]">Reserved92_IRQHandler</a> from startup_s32k144.o(.text) referenced from startup_s32k144.o(RESET)
 <LI><a href="#[5c]">Reserved93_IRQHandler</a> from startup_s32k144.o(.text) referenced from startup_s32k144.o(RESET)
 <LI><a href="#[62]">Reserved99_IRQHandler</a> from startup_s32k144.o(.text) referenced from startup_s32k144.o(RESET)
 <LI><a href="#[5]">Reset_Handler</a> from startup_s32k144.o(.text) referenced from startup_s32k144.o(RESET)
 <LI><a href="#[48]">SCG_IRQHandler</a> from startup_s32k144.o(.text) referenced from startup_s32k144.o(RESET)
 <LI><a href="#[b]">SVC_Handler</a> from startup_s32k144.o(.text) referenced from startup_s32k144.o(RESET)
 <LI><a href="#[4f]">SWI_IRQHandler</a> from startup_s32k144.o(.text) referenced from startup_s32k144.o(RESET)
 <LI><a href="#[e]">SysTick_Handler</a> from startup_s32k144.o(.text) referenced from startup_s32k144.o(RESET)
 <LI><a href="#[2]">SystemInit</a> from system_s32k144.o(i.SystemInit) referenced from startup_s32k144.o(.text)
 <LI><a href="#[a]">UsageFault_Handler</a> from startup_s32k144.o(.text) referenced from startup_s32k144.o(RESET)
 <LI><a href="#[25]">WDOG_EWM_IRQHandler</a> from startup_s32k144.o(.text) referenced from startup_s32k144.o(RESET)
 <LI><a href="#[8b]">__main</a> from __main.o(!!!main) referenced from startup_s32k144.o(.text)
 <LI><a href="#[3]">init_data_bss</a> from startup.o(i.init_data_bss) referenced from startup_s32k144.o(.text)
</UL>
<P>
<H3>
Global Symbols
</H3>
<P><STRONG><a name="[8b]"></a>__main</STRONG> (Thumb, 8 bytes, Stack size 0 bytes, __main.o(!!!main))
<BR><BR>[Calls]<UL><LI><a href="#[8c]">&gt;&gt;</a>&nbsp;&nbsp;&nbsp;__scatterload
<LI><a href="#[8d]">&gt;&gt;</a>&nbsp;&nbsp;&nbsp;__rt_entry
</UL>

<P><STRONG><a name="[8c]"></a>__scatterload</STRONG> (Thumb, 0 bytes, Stack size unknown bytes, __scatter.o(!!!scatter))
<BR><BR>[Called By]<UL><LI><a href="#[8b]">&gt;&gt;</a>&nbsp;&nbsp;&nbsp;__main
</UL>

<P><STRONG><a name="[8e]"></a>__scatterload_rt2</STRONG> (Thumb, 44 bytes, Stack size unknown bytes, __scatter.o(!!!scatter), UNUSED)
<BR><BR>[Calls]<UL><LI><a href="#[8d]">&gt;&gt;</a>&nbsp;&nbsp;&nbsp;__rt_entry
</UL>

<P><STRONG><a name="[c9]"></a>__scatterload_rt2_thumb_only</STRONG> (Thumb, 0 bytes, Stack size unknown bytes, __scatter.o(!!!scatter), UNUSED)

<P><STRONG><a name="[ca]"></a>__scatterload_null</STRONG> (Thumb, 0 bytes, Stack size unknown bytes, __scatter.o(!!!scatter), UNUSED)

<P><STRONG><a name="[cb]"></a>__decompress</STRONG> (Thumb, 90 bytes, Stack size unknown bytes, __dczerorl2.o(!!dczerorl2), UNUSED)

<P><STRONG><a name="[cc]"></a>__decompress1</STRONG> (Thumb, 0 bytes, Stack size unknown bytes, __dczerorl2.o(!!dczerorl2), UNUSED)

<P><STRONG><a name="[cd]"></a>__scatterload_zeroinit</STRONG> (Thumb, 28 bytes, Stack size unknown bytes, __scatter_zi.o(!!handler_zi), UNUSED)

<P><STRONG><a name="[92]"></a>__rt_lib_init</STRONG> (Thumb, 0 bytes, Stack size unknown bytes, libinit.o(.ARM.Collect$$libinit$$00000000))
<BR><BR>[Called By]<UL><LI><a href="#[91]">&gt;&gt;</a>&nbsp;&nbsp;&nbsp;__rt_entry_li
</UL>

<P><STRONG><a name="[8f]"></a>__rt_lib_init_fp_1</STRONG> (Thumb, 0 bytes, Stack size unknown bytes, libinit2.o(.ARM.Collect$$libinit$$00000001))
<BR><BR>[Calls]<UL><LI><a href="#[90]">&gt;&gt;</a>&nbsp;&nbsp;&nbsp;_fp_init
</UL>

<P><STRONG><a name="[ce]"></a>__rt_lib_init_alloca_1</STRONG> (Thumb, 0 bytes, Stack size unknown bytes, libinit2.o(.ARM.Collect$$libinit$$0000002E))

<P><STRONG><a name="[cf]"></a>__rt_lib_init_argv_1</STRONG> (Thumb, 0 bytes, Stack size unknown bytes, libinit2.o(.ARM.Collect$$libinit$$0000002C))

<P><STRONG><a name="[d0]"></a>__rt_lib_init_atexit_1</STRONG> (Thumb, 0 bytes, Stack size unknown bytes, libinit2.o(.ARM.Collect$$libinit$$0000001B))

<P><STRONG><a name="[d1]"></a>__rt_lib_init_clock_1</STRONG> (Thumb, 0 bytes, Stack size unknown bytes, libinit2.o(.ARM.Collect$$libinit$$00000021))

<P><STRONG><a name="[d2]"></a>__rt_lib_init_cpp_1</STRONG> (Thumb, 0 bytes, Stack size unknown bytes, libinit2.o(.ARM.Collect$$libinit$$00000032))

<P><STRONG><a name="[d3]"></a>__rt_lib_init_exceptions_1</STRONG> (Thumb, 0 bytes, Stack size unknown bytes, libinit2.o(.ARM.Collect$$libinit$$00000030))

<P><STRONG><a name="[d4]"></a>__rt_lib_init_fp_trap_1</STRONG> (Thumb, 0 bytes, Stack size unknown bytes, libinit2.o(.ARM.Collect$$libinit$$0000001F))

<P><STRONG><a name="[d5]"></a>__rt_lib_init_getenv_1</STRONG> (Thumb, 0 bytes, Stack size unknown bytes, libinit2.o(.ARM.Collect$$libinit$$00000023))

<P><STRONG><a name="[d6]"></a>__rt_lib_init_heap_1</STRONG> (Thumb, 0 bytes, Stack size unknown bytes, libinit2.o(.ARM.Collect$$libinit$$0000000A))

<P><STRONG><a name="[d7]"></a>__rt_lib_init_lc_collate_1</STRONG> (Thumb, 0 bytes, Stack size unknown bytes, libinit2.o(.ARM.Collect$$libinit$$00000011))

<P><STRONG><a name="[d8]"></a>__rt_lib_init_lc_ctype_1</STRONG> (Thumb, 0 bytes, Stack size unknown bytes, libinit2.o(.ARM.Collect$$libinit$$00000013))

<P><STRONG><a name="[d9]"></a>__rt_lib_init_lc_monetary_1</STRONG> (Thumb, 0 bytes, Stack size unknown bytes, libinit2.o(.ARM.Collect$$libinit$$00000015))

<P><STRONG><a name="[da]"></a>__rt_lib_init_lc_numeric_1</STRONG> (Thumb, 0 bytes, Stack size unknown bytes, libinit2.o(.ARM.Collect$$libinit$$00000017))

<P><STRONG><a name="[db]"></a>__rt_lib_init_lc_time_1</STRONG> (Thumb, 0 bytes, Stack size unknown bytes, libinit2.o(.ARM.Collect$$libinit$$00000019))

<P><STRONG><a name="[dc]"></a>__rt_lib_init_preinit_1</STRONG> (Thumb, 0 bytes, Stack size unknown bytes, libinit2.o(.ARM.Collect$$libinit$$00000004))

<P><STRONG><a name="[dd]"></a>__rt_lib_init_rand_1</STRONG> (Thumb, 0 bytes, Stack size unknown bytes, libinit2.o(.ARM.Collect$$libinit$$0000000E))

<P><STRONG><a name="[de]"></a>__rt_lib_init_return</STRONG> (Thumb, 0 bytes, Stack size unknown bytes, libinit2.o(.ARM.Collect$$libinit$$00000033))

<P><STRONG><a name="[df]"></a>__rt_lib_init_signal_1</STRONG> (Thumb, 0 bytes, Stack size unknown bytes, libinit2.o(.ARM.Collect$$libinit$$0000001D))

<P><STRONG><a name="[e0]"></a>__rt_lib_init_stdio_1</STRONG> (Thumb, 0 bytes, Stack size unknown bytes, libinit2.o(.ARM.Collect$$libinit$$00000025))

<P><STRONG><a name="[e1]"></a>__rt_lib_init_user_alloc_1</STRONG> (Thumb, 0 bytes, Stack size unknown bytes, libinit2.o(.ARM.Collect$$libinit$$0000000C))

<P><STRONG><a name="[97]"></a>__rt_lib_shutdown</STRONG> (Thumb, 0 bytes, Stack size unknown bytes, libshutdown.o(.ARM.Collect$$libshutdown$$00000000))
<BR><BR>[Called By]<UL><LI><a href="#[96]">&gt;&gt;</a>&nbsp;&nbsp;&nbsp;__rt_exit_ls
</UL>

<P><STRONG><a name="[e2]"></a>__rt_lib_shutdown_fp_trap_1</STRONG> (Thumb, 0 bytes, Stack size unknown bytes, libshutdown2.o(.ARM.Collect$$libshutdown$$00000006))

<P><STRONG><a name="[e3]"></a>__rt_lib_shutdown_heap_1</STRONG> (Thumb, 0 bytes, Stack size unknown bytes, libshutdown2.o(.ARM.Collect$$libshutdown$$0000000E))

<P><STRONG><a name="[e4]"></a>__rt_lib_shutdown_return</STRONG> (Thumb, 0 bytes, Stack size unknown bytes, libshutdown2.o(.ARM.Collect$$libshutdown$$0000000F))

<P><STRONG><a name="[e5]"></a>__rt_lib_shutdown_signal_1</STRONG> (Thumb, 0 bytes, Stack size unknown bytes, libshutdown2.o(.ARM.Collect$$libshutdown$$00000009))

<P><STRONG><a name="[e6]"></a>__rt_lib_shutdown_stdio_1</STRONG> (Thumb, 0 bytes, Stack size unknown bytes, libshutdown2.o(.ARM.Collect$$libshutdown$$00000003))

<P><STRONG><a name="[e7]"></a>__rt_lib_shutdown_user_alloc_1</STRONG> (Thumb, 0 bytes, Stack size unknown bytes, libshutdown2.o(.ARM.Collect$$libshutdown$$0000000B))

<P><STRONG><a name="[8d]"></a>__rt_entry</STRONG> (Thumb, 0 bytes, Stack size unknown bytes, __rtentry.o(.ARM.Collect$$rtentry$$00000000))
<BR><BR>[Called By]<UL><LI><a href="#[8e]">&gt;&gt;</a>&nbsp;&nbsp;&nbsp;__scatterload_rt2
<LI><a href="#[8b]">&gt;&gt;</a>&nbsp;&nbsp;&nbsp;__main
</UL>

<P><STRONG><a name="[e8]"></a>__rt_entry_presh_1</STRONG> (Thumb, 0 bytes, Stack size unknown bytes, __rtentry2.o(.ARM.Collect$$rtentry$$00000002))

<P><STRONG><a name="[e9]"></a>__rt_entry_sh</STRONG> (Thumb, 0 bytes, Stack size unknown bytes, __rtentry7.o(.ARM.Collect$$rtentry$$00000007))

<P><STRONG><a name="[91]"></a>__rt_entry_li</STRONG> (Thumb, 0 bytes, Stack size unknown bytes, __rtentry2.o(.ARM.Collect$$rtentry$$0000000A))
<BR><BR>[Calls]<UL><LI><a href="#[92]">&gt;&gt;</a>&nbsp;&nbsp;&nbsp;__rt_lib_init
</UL>

<P><STRONG><a name="[ea]"></a>__rt_entry_postsh_1</STRONG> (Thumb, 0 bytes, Stack size unknown bytes, __rtentry2.o(.ARM.Collect$$rtentry$$00000009))

<P><STRONG><a name="[93]"></a>__rt_entry_main</STRONG> (Thumb, 0 bytes, Stack size unknown bytes, __rtentry2.o(.ARM.Collect$$rtentry$$0000000D))
<BR><BR>[Stack]<UL><LI>Max Depth = 312 + Unknown Stack Size
<LI>Call Chain = __rt_entry_main &rArr; main &rArr; CLOCK_SYS_UpdateConfiguration &rArr; CLOCK_SYS_SetConfiguration &rArr; CLOCK_DRV_Init &rArr; CLOCK_SYS_SetScgConfiguration &rArr; CLOCK_SYS_ConfigureModulesFromScg &rArr; CLOCK_SYS_TransitionSystemClock &rArr; CLOCK_SYS_SetSystemClockConfig &rArr; CLOCK_SYS_GetSrcFreq &rArr; CLOCK_SYS_GetSysPllFreq
</UL>
<BR>[Calls]<UL><LI><a href="#[94]">&gt;&gt;</a>&nbsp;&nbsp;&nbsp;main
<LI><a href="#[95]">&gt;&gt;</a>&nbsp;&nbsp;&nbsp;exit
</UL>

<P><STRONG><a name="[eb]"></a>__rt_entry_postli_1</STRONG> (Thumb, 0 bytes, Stack size unknown bytes, __rtentry2.o(.ARM.Collect$$rtentry$$0000000C))

<P><STRONG><a name="[9a]"></a>__rt_exit</STRONG> (Thumb, 0 bytes, Stack size unknown bytes, rtexit.o(.ARM.Collect$$rtexit$$00000000))
<BR><BR>[Called By]<UL><LI><a href="#[95]">&gt;&gt;</a>&nbsp;&nbsp;&nbsp;exit
</UL>

<P><STRONG><a name="[96]"></a>__rt_exit_ls</STRONG> (Thumb, 0 bytes, Stack size unknown bytes, rtexit2.o(.ARM.Collect$$rtexit$$00000003))
<BR><BR>[Calls]<UL><LI><a href="#[97]">&gt;&gt;</a>&nbsp;&nbsp;&nbsp;__rt_lib_shutdown
</UL>

<P><STRONG><a name="[ec]"></a>__rt_exit_prels_1</STRONG> (Thumb, 0 bytes, Stack size unknown bytes, rtexit2.o(.ARM.Collect$$rtexit$$00000002))

<P><STRONG><a name="[98]"></a>__rt_exit_exit</STRONG> (Thumb, 0 bytes, Stack size unknown bytes, rtexit2.o(.ARM.Collect$$rtexit$$00000004))
<BR><BR>[Calls]<UL><LI><a href="#[99]">&gt;&gt;</a>&nbsp;&nbsp;&nbsp;_sys_exit
</UL>

<P><STRONG><a name="[5]"></a>Reset_Handler</STRONG> (Thumb, 18 bytes, Stack size 0 bytes, startup_s32k144.o(.text))
<BR>[Address Reference Count : 1]<UL><LI> startup_s32k144.o(RESET)
</UL>
<P><STRONG><a name="[6]"></a>NMI_Handler</STRONG> (Thumb, 2 bytes, Stack size 0 bytes, startup_s32k144.o(.text))
<BR><BR>[Calls]<UL><LI><a href="#[6]">&gt;&gt;</a>&nbsp;&nbsp;&nbsp;NMI_Handler
</UL>
<BR>[Called By]<UL><LI><a href="#[6]">&gt;&gt;</a>&nbsp;&nbsp;&nbsp;NMI_Handler
</UL>
<BR>[Address Reference Count : 1]<UL><LI> startup_s32k144.o(RESET)
</UL>
<P><STRONG><a name="[7]"></a>HardFault_Handler</STRONG> (Thumb, 2 bytes, Stack size 0 bytes, startup_s32k144.o(.text))
<BR><BR>[Calls]<UL><LI><a href="#[7]">&gt;&gt;</a>&nbsp;&nbsp;&nbsp;HardFault_Handler
</UL>
<BR>[Called By]<UL><LI><a href="#[7]">&gt;&gt;</a>&nbsp;&nbsp;&nbsp;HardFault_Handler
</UL>
<BR>[Address Reference Count : 1]<UL><LI> startup_s32k144.o(RESET)
</UL>
<P><STRONG><a name="[8]"></a>MemManage_Handler</STRONG> (Thumb, 2 bytes, Stack size 0 bytes, startup_s32k144.o(.text))
<BR><BR>[Calls]<UL><LI><a href="#[8]">&gt;&gt;</a>&nbsp;&nbsp;&nbsp;MemManage_Handler
</UL>
<BR>[Called By]<UL><LI><a href="#[8]">&gt;&gt;</a>&nbsp;&nbsp;&nbsp;MemManage_Handler
</UL>
<BR>[Address Reference Count : 1]<UL><LI> startup_s32k144.o(RESET)
</UL>
<P><STRONG><a name="[9]"></a>BusFault_Handler</STRONG> (Thumb, 2 bytes, Stack size 0 bytes, startup_s32k144.o(.text))
<BR><BR>[Calls]<UL><LI><a href="#[9]">&gt;&gt;</a>&nbsp;&nbsp;&nbsp;BusFault_Handler
</UL>
<BR>[Called By]<UL><LI><a href="#[9]">&gt;&gt;</a>&nbsp;&nbsp;&nbsp;BusFault_Handler
</UL>
<BR>[Address Reference Count : 1]<UL><LI> startup_s32k144.o(RESET)
</UL>
<P><STRONG><a name="[a]"></a>UsageFault_Handler</STRONG> (Thumb, 2 bytes, Stack size 0 bytes, startup_s32k144.o(.text))
<BR><BR>[Calls]<UL><LI><a href="#[a]">&gt;&gt;</a>&nbsp;&nbsp;&nbsp;UsageFault_Handler
</UL>
<BR>[Called By]<UL><LI><a href="#[a]">&gt;&gt;</a>&nbsp;&nbsp;&nbsp;UsageFault_Handler
</UL>
<BR>[Address Reference Count : 1]<UL><LI> startup_s32k144.o(RESET)
</UL>
<P><STRONG><a name="[b]"></a>SVC_Handler</STRONG> (Thumb, 2 bytes, Stack size 0 bytes, startup_s32k144.o(.text))
<BR><BR>[Calls]<UL><LI><a href="#[b]">&gt;&gt;</a>&nbsp;&nbsp;&nbsp;SVC_Handler
</UL>
<BR>[Called By]<UL><LI><a href="#[b]">&gt;&gt;</a>&nbsp;&nbsp;&nbsp;SVC_Handler
</UL>
<BR>[Address Reference Count : 1]<UL><LI> startup_s32k144.o(RESET)
</UL>
<P><STRONG><a name="[c]"></a>DebugMon_Handler</STRONG> (Thumb, 2 bytes, Stack size 0 bytes, startup_s32k144.o(.text))
<BR><BR>[Calls]<UL><LI><a href="#[c]">&gt;&gt;</a>&nbsp;&nbsp;&nbsp;DebugMon_Handler
</UL>
<BR>[Called By]<UL><LI><a href="#[c]">&gt;&gt;</a>&nbsp;&nbsp;&nbsp;DebugMon_Handler
</UL>
<BR>[Address Reference Count : 1]<UL><LI> startup_s32k144.o(RESET)
</UL>
<P><STRONG><a name="[d]"></a>PendSV_Handler</STRONG> (Thumb, 2 bytes, Stack size 0 bytes, startup_s32k144.o(.text))
<BR><BR>[Calls]<UL><LI><a href="#[d]">&gt;&gt;</a>&nbsp;&nbsp;&nbsp;PendSV_Handler
</UL>
<BR>[Called By]<UL><LI><a href="#[d]">&gt;&gt;</a>&nbsp;&nbsp;&nbsp;PendSV_Handler
</UL>
<BR>[Address Reference Count : 1]<UL><LI> startup_s32k144.o(RESET)
</UL>
<P><STRONG><a name="[e]"></a>SysTick_Handler</STRONG> (Thumb, 2 bytes, Stack size 0 bytes, startup_s32k144.o(.text))
<BR><BR>[Calls]<UL><LI><a href="#[e]">&gt;&gt;</a>&nbsp;&nbsp;&nbsp;SysTick_Handler
</UL>
<BR>[Called By]<UL><LI><a href="#[e]">&gt;&gt;</a>&nbsp;&nbsp;&nbsp;SysTick_Handler
</UL>
<BR>[Address Reference Count : 1]<UL><LI> startup_s32k144.o(RESET)
</UL>
<P><STRONG><a name="[36]"></a>ADC0_IRQHandler</STRONG> (Thumb, 0 bytes, Stack size 0 bytes, startup_s32k144.o(.text))
<BR><BR>[Calls]<UL><LI><a href="#[8a]">&gt;&gt;</a>&nbsp;&nbsp;&nbsp;DefaultISR
</UL>
<BR>[Address Reference Count : 1]<UL><LI> startup_s32k144.o(RESET)
</UL>
<P><STRONG><a name="[37]"></a>ADC1_IRQHandler</STRONG> (Thumb, 0 bytes, Stack size 0 bytes, startup_s32k144.o(.text))
<BR>[Address Reference Count : 1]<UL><LI> startup_s32k144.o(RESET)
</UL>
<P><STRONG><a name="[5e]"></a>CAN0_Error_IRQHandler</STRONG> (Thumb, 0 bytes, Stack size 0 bytes, startup_s32k144.o(.text))
<BR>[Address Reference Count : 1]<UL><LI> startup_s32k144.o(RESET)
</UL>
<P><STRONG><a name="[60]"></a>CAN0_ORed_0_15_MB_IRQHandler</STRONG> (Thumb, 0 bytes, Stack size 0 bytes, startup_s32k144.o(.text))
<BR>[Address Reference Count : 1]<UL><LI> startup_s32k144.o(RESET)
</UL>
<P><STRONG><a name="[61]"></a>CAN0_ORed_16_31_MB_IRQHandler</STRONG> (Thumb, 0 bytes, Stack size 0 bytes, startup_s32k144.o(.text))
<BR>[Address Reference Count : 1]<UL><LI> startup_s32k144.o(RESET)
</UL>
<P><STRONG><a name="[5d]"></a>CAN0_ORed_IRQHandler</STRONG> (Thumb, 0 bytes, Stack size 0 bytes, startup_s32k144.o(.text))
<BR>[Address Reference Count : 1]<UL><LI> startup_s32k144.o(RESET)
</UL>
<P><STRONG><a name="[5f]"></a>CAN0_Wake_Up_IRQHandler</STRONG> (Thumb, 0 bytes, Stack size 0 bytes, startup_s32k144.o(.text))
<BR>[Address Reference Count : 1]<UL><LI> startup_s32k144.o(RESET)
</UL>
<P><STRONG><a name="[65]"></a>CAN1_Error_IRQHandler</STRONG> (Thumb, 0 bytes, Stack size 0 bytes, startup_s32k144.o(.text))
<BR>[Address Reference Count : 1]<UL><LI> startup_s32k144.o(RESET)
</UL>
<P><STRONG><a name="[67]"></a>CAN1_ORed_0_15_MB_IRQHandler</STRONG> (Thumb, 0 bytes, Stack size 0 bytes, startup_s32k144.o(.text))
<BR>[Address Reference Count : 1]<UL><LI> startup_s32k144.o(RESET)
</UL>
<P><STRONG><a name="[64]"></a>CAN1_ORed_IRQHandler</STRONG> (Thumb, 0 bytes, Stack size 0 bytes, startup_s32k144.o(.text))
<BR>[Address Reference Count : 1]<UL><LI> startup_s32k144.o(RESET)
</UL>
<P><STRONG><a name="[6c]"></a>CAN2_Error_IRQHandler</STRONG> (Thumb, 0 bytes, Stack size 0 bytes, startup_s32k144.o(.text))
<BR>[Address Reference Count : 1]<UL><LI> startup_s32k144.o(RESET)
</UL>
<P><STRONG><a name="[6e]"></a>CAN2_ORed_0_15_MB_IRQHandler</STRONG> (Thumb, 0 bytes, Stack size 0 bytes, startup_s32k144.o(.text))
<BR>[Address Reference Count : 1]<UL><LI> startup_s32k144.o(RESET)
</UL>
<P><STRONG><a name="[6b]"></a>CAN2_ORed_IRQHandler</STRONG> (Thumb, 0 bytes, Stack size 0 bytes, startup_s32k144.o(.text))
<BR>[Address Reference Count : 1]<UL><LI> startup_s32k144.o(RESET)
</UL>
<P><STRONG><a name="[38]"></a>CMP0_IRQHandler</STRONG> (Thumb, 0 bytes, Stack size 0 bytes, startup_s32k144.o(.text))
<BR>[Address Reference Count : 1]<UL><LI> startup_s32k144.o(RESET)
</UL>
<P><STRONG><a name="[f]"></a>DMA0_IRQHandler</STRONG> (Thumb, 0 bytes, Stack size 0 bytes, startup_s32k144.o(.text))
<BR>[Address Reference Count : 1]<UL><LI> startup_s32k144.o(RESET)
</UL>
<P><STRONG><a name="[19]"></a>DMA10_IRQHandler</STRONG> (Thumb, 0 bytes, Stack size 0 bytes, startup_s32k144.o(.text))
<BR>[Address Reference Count : 1]<UL><LI> startup_s32k144.o(RESET)
</UL>
<P><STRONG><a name="[1a]"></a>DMA11_IRQHandler</STRONG> (Thumb, 0 bytes, Stack size 0 bytes, startup_s32k144.o(.text))
<BR>[Address Reference Count : 1]<UL><LI> startup_s32k144.o(RESET)
</UL>
<P><STRONG><a name="[1b]"></a>DMA12_IRQHandler</STRONG> (Thumb, 0 bytes, Stack size 0 bytes, startup_s32k144.o(.text))
<BR>[Address Reference Count : 1]<UL><LI> startup_s32k144.o(RESET)
</UL>
<P><STRONG><a name="[1c]"></a>DMA13_IRQHandler</STRONG> (Thumb, 0 bytes, Stack size 0 bytes, startup_s32k144.o(.text))
<BR>[Address Reference Count : 1]<UL><LI> startup_s32k144.o(RESET)
</UL>
<P><STRONG><a name="[1d]"></a>DMA14_IRQHandler</STRONG> (Thumb, 0 bytes, Stack size 0 bytes, startup_s32k144.o(.text))
<BR>[Address Reference Count : 1]<UL><LI> startup_s32k144.o(RESET)
</UL>
<P><STRONG><a name="[1e]"></a>DMA15_IRQHandler</STRONG> (Thumb, 0 bytes, Stack size 0 bytes, startup_s32k144.o(.text))
<BR>[Address Reference Count : 1]<UL><LI> startup_s32k144.o(RESET)
</UL>
<P><STRONG><a name="[10]"></a>DMA1_IRQHandler</STRONG> (Thumb, 0 bytes, Stack size 0 bytes, startup_s32k144.o(.text))
<BR>[Address Reference Count : 1]<UL><LI> startup_s32k144.o(RESET)
</UL>
<P><STRONG><a name="[11]"></a>DMA2_IRQHandler</STRONG> (Thumb, 0 bytes, Stack size 0 bytes, startup_s32k144.o(.text))
<BR>[Address Reference Count : 1]<UL><LI> startup_s32k144.o(RESET)
</UL>
<P><STRONG><a name="[12]"></a>DMA3_IRQHandler</STRONG> (Thumb, 0 bytes, Stack size 0 bytes, startup_s32k144.o(.text))
<BR>[Address Reference Count : 1]<UL><LI> startup_s32k144.o(RESET)
</UL>
<P><STRONG><a name="[13]"></a>DMA4_IRQHandler</STRONG> (Thumb, 0 bytes, Stack size 0 bytes, startup_s32k144.o(.text))
<BR>[Address Reference Count : 1]<UL><LI> startup_s32k144.o(RESET)
</UL>
<P><STRONG><a name="[14]"></a>DMA5_IRQHandler</STRONG> (Thumb, 0 bytes, Stack size 0 bytes, startup_s32k144.o(.text))
<BR>[Address Reference Count : 1]<UL><LI> startup_s32k144.o(RESET)
</UL>
<P><STRONG><a name="[15]"></a>DMA6_IRQHandler</STRONG> (Thumb, 0 bytes, Stack size 0 bytes, startup_s32k144.o(.text))
<BR>[Address Reference Count : 1]<UL><LI> startup_s32k144.o(RESET)
</UL>
<P><STRONG><a name="[16]"></a>DMA7_IRQHandler</STRONG> (Thumb, 0 bytes, Stack size 0 bytes, startup_s32k144.o(.text))
<BR>[Address Reference Count : 1]<UL><LI> startup_s32k144.o(RESET)
</UL>
<P><STRONG><a name="[17]"></a>DMA8_IRQHandler</STRONG> (Thumb, 0 bytes, Stack size 0 bytes, startup_s32k144.o(.text))
<BR>[Address Reference Count : 1]<UL><LI> startup_s32k144.o(RESET)
</UL>
<P><STRONG><a name="[18]"></a>DMA9_IRQHandler</STRONG> (Thumb, 0 bytes, Stack size 0 bytes, startup_s32k144.o(.text))
<BR>[Address Reference Count : 1]<UL><LI> startup_s32k144.o(RESET)
</UL>
<P><STRONG><a name="[1f]"></a>DMA_Error_IRQHandler</STRONG> (Thumb, 0 bytes, Stack size 0 bytes, startup_s32k144.o(.text))
<BR>[Address Reference Count : 1]<UL><LI> startup_s32k144.o(RESET)
</UL>
<P><STRONG><a name="[8a]"></a>DefaultISR</STRONG> (Thumb, 0 bytes, Stack size 0 bytes, startup_s32k144.o(.text))
<BR><BR>[Called By]<UL><LI><a href="#[36]">&gt;&gt;</a>&nbsp;&nbsp;&nbsp;ADC0_IRQHandler
</UL>
<BR>[Address Reference Count : 1]<UL><LI> startup_s32k144.o(RESET)
</UL>
<P><STRONG><a name="[3c]"></a>ERM_double_fault_IRQHandler</STRONG> (Thumb, 0 bytes, Stack size 0 bytes, startup_s32k144.o(.text))
<BR>[Address Reference Count : 1]<UL><LI> startup_s32k144.o(RESET)
</UL>
<P><STRONG><a name="[3b]"></a>ERM_single_fault_IRQHandler</STRONG> (Thumb, 0 bytes, Stack size 0 bytes, startup_s32k144.o(.text))
<BR>[Address Reference Count : 1]<UL><LI> startup_s32k144.o(RESET)
</UL>
<P><STRONG><a name="[54]"></a>FLEXIO_IRQHandler</STRONG> (Thumb, 0 bytes, Stack size 0 bytes, startup_s32k144.o(.text))
<BR>[Address Reference Count : 1]<UL><LI> startup_s32k144.o(RESET)
</UL>
<P><STRONG><a name="[24]"></a>FTFC_Fault_IRQHandler</STRONG> (Thumb, 0 bytes, Stack size 0 bytes, startup_s32k144.o(.text))
<BR>[Address Reference Count : 1]<UL><LI> startup_s32k144.o(RESET)
</UL>
<P><STRONG><a name="[21]"></a>FTFC_IRQHandler</STRONG> (Thumb, 0 bytes, Stack size 0 bytes, startup_s32k144.o(.text))
<BR>[Address Reference Count : 1]<UL><LI> startup_s32k144.o(RESET)
</UL>
<P><STRONG><a name="[72]"></a>FTM0_Ch0_Ch1_IRQHandler</STRONG> (Thumb, 0 bytes, Stack size 0 bytes, startup_s32k144.o(.text))
<BR>[Address Reference Count : 1]<UL><LI> startup_s32k144.o(RESET)
</UL>
<P><STRONG><a name="[73]"></a>FTM0_Ch2_Ch3_IRQHandler</STRONG> (Thumb, 0 bytes, Stack size 0 bytes, startup_s32k144.o(.text))
<BR>[Address Reference Count : 1]<UL><LI> startup_s32k144.o(RESET)
</UL>
<P><STRONG><a name="[74]"></a>FTM0_Ch4_Ch5_IRQHandler</STRONG> (Thumb, 0 bytes, Stack size 0 bytes, startup_s32k144.o(.text))
<BR>[Address Reference Count : 1]<UL><LI> startup_s32k144.o(RESET)
</UL>
<P><STRONG><a name="[75]"></a>FTM0_Ch6_Ch7_IRQHandler</STRONG> (Thumb, 0 bytes, Stack size 0 bytes, startup_s32k144.o(.text))
<BR>[Address Reference Count : 1]<UL><LI> startup_s32k144.o(RESET)
</UL>
<P><STRONG><a name="[76]"></a>FTM0_Fault_IRQHandler</STRONG> (Thumb, 0 bytes, Stack size 0 bytes, startup_s32k144.o(.text))
<BR>[Address Reference Count : 1]<UL><LI> startup_s32k144.o(RESET)
</UL>
<P><STRONG><a name="[77]"></a>FTM0_Ovf_Reload_IRQHandler</STRONG> (Thumb, 0 bytes, Stack size 0 bytes, startup_s32k144.o(.text))
<BR>[Address Reference Count : 1]<UL><LI> startup_s32k144.o(RESET)
</UL>
<P><STRONG><a name="[78]"></a>FTM1_Ch0_Ch1_IRQHandler</STRONG> (Thumb, 0 bytes, Stack size 0 bytes, startup_s32k144.o(.text))
<BR>[Address Reference Count : 1]<UL><LI> startup_s32k144.o(RESET)
</UL>
<P><STRONG><a name="[79]"></a>FTM1_Ch2_Ch3_IRQHandler</STRONG> (Thumb, 0 bytes, Stack size 0 bytes, startup_s32k144.o(.text))
<BR>[Address Reference Count : 1]<UL><LI> startup_s32k144.o(RESET)
</UL>
<P><STRONG><a name="[7a]"></a>FTM1_Ch4_Ch5_IRQHandler</STRONG> (Thumb, 0 bytes, Stack size 0 bytes, startup_s32k144.o(.text))
<BR>[Address Reference Count : 1]<UL><LI> startup_s32k144.o(RESET)
</UL>
<P><STRONG><a name="[7b]"></a>FTM1_Ch6_Ch7_IRQHandler</STRONG> (Thumb, 0 bytes, Stack size 0 bytes, startup_s32k144.o(.text))
<BR>[Address Reference Count : 1]<UL><LI> startup_s32k144.o(RESET)
</UL>
<P><STRONG><a name="[7c]"></a>FTM1_Fault_IRQHandler</STRONG> (Thumb, 0 bytes, Stack size 0 bytes, startup_s32k144.o(.text))
<BR>[Address Reference Count : 1]<UL><LI> startup_s32k144.o(RESET)
</UL>
<P><STRONG><a name="[7d]"></a>FTM1_Ovf_Reload_IRQHandler</STRONG> (Thumb, 0 bytes, Stack size 0 bytes, startup_s32k144.o(.text))
<BR>[Address Reference Count : 1]<UL><LI> startup_s32k144.o(RESET)
</UL>
<P><STRONG><a name="[7e]"></a>FTM2_Ch0_Ch1_IRQHandler</STRONG> (Thumb, 0 bytes, Stack size 0 bytes, startup_s32k144.o(.text))
<BR>[Address Reference Count : 1]<UL><LI> startup_s32k144.o(RESET)
</UL>
<P><STRONG><a name="[7f]"></a>FTM2_Ch2_Ch3_IRQHandler</STRONG> (Thumb, 0 bytes, Stack size 0 bytes, startup_s32k144.o(.text))
<BR>[Address Reference Count : 1]<UL><LI> startup_s32k144.o(RESET)
</UL>
<P><STRONG><a name="[80]"></a>FTM2_Ch4_Ch5_IRQHandler</STRONG> (Thumb, 0 bytes, Stack size 0 bytes, startup_s32k144.o(.text))
<BR>[Address Reference Count : 1]<UL><LI> startup_s32k144.o(RESET)
</UL>
<P><STRONG><a name="[81]"></a>FTM2_Ch6_Ch7_IRQHandler</STRONG> (Thumb, 0 bytes, Stack size 0 bytes, startup_s32k144.o(.text))
<BR>[Address Reference Count : 1]<UL><LI> startup_s32k144.o(RESET)
</UL>
<P><STRONG><a name="[82]"></a>FTM2_Fault_IRQHandler</STRONG> (Thumb, 0 bytes, Stack size 0 bytes, startup_s32k144.o(.text))
<BR>[Address Reference Count : 1]<UL><LI> startup_s32k144.o(RESET)
</UL>
<P><STRONG><a name="[83]"></a>FTM2_Ovf_Reload_IRQHandler</STRONG> (Thumb, 0 bytes, Stack size 0 bytes, startup_s32k144.o(.text))
<BR>[Address Reference Count : 1]<UL><LI> startup_s32k144.o(RESET)
</UL>
<P><STRONG><a name="[84]"></a>FTM3_Ch0_Ch1_IRQHandler</STRONG> (Thumb, 0 bytes, Stack size 0 bytes, startup_s32k144.o(.text))
<BR>[Address Reference Count : 1]<UL><LI> startup_s32k144.o(RESET)
</UL>
<P><STRONG><a name="[85]"></a>FTM3_Ch2_Ch3_IRQHandler</STRONG> (Thumb, 0 bytes, Stack size 0 bytes, startup_s32k144.o(.text))
<BR>[Address Reference Count : 1]<UL><LI> startup_s32k144.o(RESET)
</UL>
<P><STRONG><a name="[86]"></a>FTM3_Ch4_Ch5_IRQHandler</STRONG> (Thumb, 0 bytes, Stack size 0 bytes, startup_s32k144.o(.text))
<BR>[Address Reference Count : 1]<UL><LI> startup_s32k144.o(RESET)
</UL>
<P><STRONG><a name="[87]"></a>FTM3_Ch6_Ch7_IRQHandler</STRONG> (Thumb, 0 bytes, Stack size 0 bytes, startup_s32k144.o(.text))
<BR>[Address Reference Count : 1]<UL><LI> startup_s32k144.o(RESET)
</UL>
<P><STRONG><a name="[88]"></a>FTM3_Fault_IRQHandler</STRONG> (Thumb, 0 bytes, Stack size 0 bytes, startup_s32k144.o(.text))
<BR>[Address Reference Count : 1]<UL><LI> startup_s32k144.o(RESET)
</UL>
<P><STRONG><a name="[89]"></a>FTM3_Ovf_Reload_IRQHandler</STRONG> (Thumb, 0 bytes, Stack size 0 bytes, startup_s32k144.o(.text))
<BR>[Address Reference Count : 1]<UL><LI> startup_s32k144.o(RESET)
</UL>
<P><STRONG><a name="[27]"></a>LPI2C0_Master_IRQHandler</STRONG> (Thumb, 0 bytes, Stack size 0 bytes, startup_s32k144.o(.text))
<BR>[Address Reference Count : 1]<UL><LI> startup_s32k144.o(RESET)
</UL>
<P><STRONG><a name="[28]"></a>LPI2C0_Slave_IRQHandler</STRONG> (Thumb, 0 bytes, Stack size 0 bytes, startup_s32k144.o(.text))
<BR>[Address Reference Count : 1]<UL><LI> startup_s32k144.o(RESET)
</UL>
<P><STRONG><a name="[3f]"></a>LPIT0_Ch0_IRQHandler</STRONG> (Thumb, 0 bytes, Stack size 0 bytes, startup_s32k144.o(.text))
<BR>[Address Reference Count : 1]<UL><LI> startup_s32k144.o(RESET)
</UL>
<P><STRONG><a name="[40]"></a>LPIT0_Ch1_IRQHandler</STRONG> (Thumb, 0 bytes, Stack size 0 bytes, startup_s32k144.o(.text))
<BR>[Address Reference Count : 1]<UL><LI> startup_s32k144.o(RESET)
</UL>
<P><STRONG><a name="[41]"></a>LPIT0_Ch2_IRQHandler</STRONG> (Thumb, 0 bytes, Stack size 0 bytes, startup_s32k144.o(.text))
<BR>[Address Reference Count : 1]<UL><LI> startup_s32k144.o(RESET)
</UL>
<P><STRONG><a name="[42]"></a>LPIT0_Ch3_IRQHandler</STRONG> (Thumb, 0 bytes, Stack size 0 bytes, startup_s32k144.o(.text))
<BR>[Address Reference Count : 1]<UL><LI> startup_s32k144.o(RESET)
</UL>
<P><STRONG><a name="[29]"></a>LPSPI0_IRQHandler</STRONG> (Thumb, 0 bytes, Stack size 0 bytes, startup_s32k144.o(.text))
<BR>[Address Reference Count : 1]<UL><LI> startup_s32k144.o(RESET)
</UL>
<P><STRONG><a name="[2a]"></a>LPSPI1_IRQHandler</STRONG> (Thumb, 0 bytes, Stack size 0 bytes, startup_s32k144.o(.text))
<BR>[Address Reference Count : 1]<UL><LI> startup_s32k144.o(RESET)
</UL>
<P><STRONG><a name="[2b]"></a>LPSPI2_IRQHandler</STRONG> (Thumb, 0 bytes, Stack size 0 bytes, startup_s32k144.o(.text))
<BR>[Address Reference Count : 1]<UL><LI> startup_s32k144.o(RESET)
</UL>
<P><STRONG><a name="[49]"></a>LPTMR0_IRQHandler</STRONG> (Thumb, 0 bytes, Stack size 0 bytes, startup_s32k144.o(.text))
<BR>[Address Reference Count : 1]<UL><LI> startup_s32k144.o(RESET)
</UL>
<P><STRONG><a name="[2e]"></a>LPUART0_RxTx_IRQHandler</STRONG> (Thumb, 0 bytes, Stack size 0 bytes, startup_s32k144.o(.text))
<BR>[Address Reference Count : 1]<UL><LI> startup_s32k144.o(RESET)
</UL>
<P><STRONG><a name="[30]"></a>LPUART1_RxTx_IRQHandler</STRONG> (Thumb, 0 bytes, Stack size 0 bytes, startup_s32k144.o(.text))
<BR>[Address Reference Count : 1]<UL><LI> startup_s32k144.o(RESET)
</UL>
<P><STRONG><a name="[32]"></a>LPUART2_RxTx_IRQHandler</STRONG> (Thumb, 0 bytes, Stack size 0 bytes, startup_s32k144.o(.text))
<BR>[Address Reference Count : 1]<UL><LI> startup_s32k144.o(RESET)
</UL>
<P><STRONG><a name="[23]"></a>LVD_LVW_IRQHandler</STRONG> (Thumb, 0 bytes, Stack size 0 bytes, startup_s32k144.o(.text))
<BR>[Address Reference Count : 1]<UL><LI> startup_s32k144.o(RESET)
</UL>
<P><STRONG><a name="[20]"></a>MCM_IRQHandler</STRONG> (Thumb, 0 bytes, Stack size 0 bytes, startup_s32k144.o(.text))
<BR>[Address Reference Count : 1]<UL><LI> startup_s32k144.o(RESET)
</UL>
<P><STRONG><a name="[43]"></a>PDB0_IRQHandler</STRONG> (Thumb, 0 bytes, Stack size 0 bytes, startup_s32k144.o(.text))
<BR>[Address Reference Count : 1]<UL><LI> startup_s32k144.o(RESET)
</UL>
<P><STRONG><a name="[53]"></a>PDB1_IRQHandler</STRONG> (Thumb, 0 bytes, Stack size 0 bytes, startup_s32k144.o(.text))
<BR>[Address Reference Count : 1]<UL><LI> startup_s32k144.o(RESET)
</UL>
<P><STRONG><a name="[4a]"></a>PORTA_IRQHandler</STRONG> (Thumb, 0 bytes, Stack size 0 bytes, startup_s32k144.o(.text))
<BR>[Address Reference Count : 1]<UL><LI> startup_s32k144.o(RESET)
</UL>
<P><STRONG><a name="[4b]"></a>PORTB_IRQHandler</STRONG> (Thumb, 0 bytes, Stack size 0 bytes, startup_s32k144.o(.text))
<BR>[Address Reference Count : 1]<UL><LI> startup_s32k144.o(RESET)
</UL>
<P><STRONG><a name="[4c]"></a>PORTC_IRQHandler</STRONG> (Thumb, 0 bytes, Stack size 0 bytes, startup_s32k144.o(.text))
<BR>[Address Reference Count : 1]<UL><LI> startup_s32k144.o(RESET)
</UL>
<P><STRONG><a name="[4d]"></a>PORTD_IRQHandler</STRONG> (Thumb, 0 bytes, Stack size 0 bytes, startup_s32k144.o(.text))
<BR>[Address Reference Count : 1]<UL><LI> startup_s32k144.o(RESET)
</UL>
<P><STRONG><a name="[4e]"></a>PORTE_IRQHandler</STRONG> (Thumb, 0 bytes, Stack size 0 bytes, startup_s32k144.o(.text))
<BR>[Address Reference Count : 1]<UL><LI> startup_s32k144.o(RESET)
</UL>
<P><STRONG><a name="[26]"></a>RCM_IRQHandler</STRONG> (Thumb, 0 bytes, Stack size 0 bytes, startup_s32k144.o(.text))
<BR>[Address Reference Count : 1]<UL><LI> startup_s32k144.o(RESET)
</UL>
<P><STRONG><a name="[3d]"></a>RTC_IRQHandler</STRONG> (Thumb, 0 bytes, Stack size 0 bytes, startup_s32k144.o(.text))
<BR>[Address Reference Count : 1]<UL><LI> startup_s32k144.o(RESET)
</UL>
<P><STRONG><a name="[3e]"></a>RTC_Seconds_IRQHandler</STRONG> (Thumb, 0 bytes, Stack size 0 bytes, startup_s32k144.o(.text))
<BR>[Address Reference Count : 1]<UL><LI> startup_s32k144.o(RESET)
</UL>
<P><STRONG><a name="[22]"></a>Read_Collision_IRQHandler</STRONG> (Thumb, 0 bytes, Stack size 0 bytes, startup_s32k144.o(.text))
<BR>[Address Reference Count : 1]<UL><LI> startup_s32k144.o(RESET)
</UL>
<P><STRONG><a name="[63]"></a>Reserved100_IRQHandler</STRONG> (Thumb, 0 bytes, Stack size 0 bytes, startup_s32k144.o(.text))
<BR>[Address Reference Count : 1]<UL><LI> startup_s32k144.o(RESET)
</UL>
<P><STRONG><a name="[66]"></a>Reserved103_IRQHandler</STRONG> (Thumb, 0 bytes, Stack size 0 bytes, startup_s32k144.o(.text))
<BR>[Address Reference Count : 1]<UL><LI> startup_s32k144.o(RESET)
</UL>
<P><STRONG><a name="[68]"></a>Reserved105_IRQHandler</STRONG> (Thumb, 0 bytes, Stack size 0 bytes, startup_s32k144.o(.text))
<BR>[Address Reference Count : 1]<UL><LI> startup_s32k144.o(RESET)
</UL>
<P><STRONG><a name="[69]"></a>Reserved106_IRQHandler</STRONG> (Thumb, 0 bytes, Stack size 0 bytes, startup_s32k144.o(.text))
<BR>[Address Reference Count : 1]<UL><LI> startup_s32k144.o(RESET)
</UL>
<P><STRONG><a name="[6a]"></a>Reserved107_IRQHandler</STRONG> (Thumb, 0 bytes, Stack size 0 bytes, startup_s32k144.o(.text))
<BR>[Address Reference Count : 1]<UL><LI> startup_s32k144.o(RESET)
</UL>
<P><STRONG><a name="[6d]"></a>Reserved110_IRQHandler</STRONG> (Thumb, 0 bytes, Stack size 0 bytes, startup_s32k144.o(.text))
<BR>[Address Reference Count : 1]<UL><LI> startup_s32k144.o(RESET)
</UL>
<P><STRONG><a name="[6f]"></a>Reserved112_IRQHandler</STRONG> (Thumb, 0 bytes, Stack size 0 bytes, startup_s32k144.o(.text))
<BR>[Address Reference Count : 1]<UL><LI> startup_s32k144.o(RESET)
</UL>
<P><STRONG><a name="[70]"></a>Reserved113_IRQHandler</STRONG> (Thumb, 0 bytes, Stack size 0 bytes, startup_s32k144.o(.text))
<BR>[Address Reference Count : 1]<UL><LI> startup_s32k144.o(RESET)
</UL>
<P><STRONG><a name="[71]"></a>Reserved114_IRQHandler</STRONG> (Thumb, 0 bytes, Stack size 0 bytes, startup_s32k144.o(.text))
<BR>[Address Reference Count : 1]<UL><LI> startup_s32k144.o(RESET)
</UL>
<P><STRONG><a name="[2c]"></a>Reserved45_IRQHandler</STRONG> (Thumb, 0 bytes, Stack size 0 bytes, startup_s32k144.o(.text))
<BR>[Address Reference Count : 1]<UL><LI> startup_s32k144.o(RESET)
</UL>
<P><STRONG><a name="[2d]"></a>Reserved46_IRQHandler</STRONG> (Thumb, 0 bytes, Stack size 0 bytes, startup_s32k144.o(.text))
<BR>[Address Reference Count : 1]<UL><LI> startup_s32k144.o(RESET)
</UL>
<P><STRONG><a name="[2f]"></a>Reserved48_IRQHandler</STRONG> (Thumb, 0 bytes, Stack size 0 bytes, startup_s32k144.o(.text))
<BR>[Address Reference Count : 1]<UL><LI> startup_s32k144.o(RESET)
</UL>
<P><STRONG><a name="[31]"></a>Reserved50_IRQHandler</STRONG> (Thumb, 0 bytes, Stack size 0 bytes, startup_s32k144.o(.text))
<BR>[Address Reference Count : 1]<UL><LI> startup_s32k144.o(RESET)
</UL>
<P><STRONG><a name="[33]"></a>Reserved52_IRQHandler</STRONG> (Thumb, 0 bytes, Stack size 0 bytes, startup_s32k144.o(.text))
<BR>[Address Reference Count : 1]<UL><LI> startup_s32k144.o(RESET)
</UL>
<P><STRONG><a name="[34]"></a>Reserved53_IRQHandler</STRONG> (Thumb, 0 bytes, Stack size 0 bytes, startup_s32k144.o(.text))
<BR>[Address Reference Count : 1]<UL><LI> startup_s32k144.o(RESET)
</UL>
<P><STRONG><a name="[35]"></a>Reserved54_IRQHandler</STRONG> (Thumb, 0 bytes, Stack size 0 bytes, startup_s32k144.o(.text))
<BR>[Address Reference Count : 1]<UL><LI> startup_s32k144.o(RESET)
</UL>
<P><STRONG><a name="[39]"></a>Reserved58_IRQHandler</STRONG> (Thumb, 0 bytes, Stack size 0 bytes, startup_s32k144.o(.text))
<BR>[Address Reference Count : 1]<UL><LI> startup_s32k144.o(RESET)
</UL>
<P><STRONG><a name="[3a]"></a>Reserved59_IRQHandler</STRONG> (Thumb, 0 bytes, Stack size 0 bytes, startup_s32k144.o(.text))
<BR>[Address Reference Count : 1]<UL><LI> startup_s32k144.o(RESET)
</UL>
<P><STRONG><a name="[44]"></a>Reserved69_IRQHandler</STRONG> (Thumb, 0 bytes, Stack size 0 bytes, startup_s32k144.o(.text))
<BR>[Address Reference Count : 1]<UL><LI> startup_s32k144.o(RESET)
</UL>
<P><STRONG><a name="[45]"></a>Reserved70_IRQHandler</STRONG> (Thumb, 0 bytes, Stack size 0 bytes, startup_s32k144.o(.text))
<BR>[Address Reference Count : 1]<UL><LI> startup_s32k144.o(RESET)
</UL>
<P><STRONG><a name="[46]"></a>Reserved71_IRQHandler</STRONG> (Thumb, 0 bytes, Stack size 0 bytes, startup_s32k144.o(.text))
<BR>[Address Reference Count : 1]<UL><LI> startup_s32k144.o(RESET)
</UL>
<P><STRONG><a name="[47]"></a>Reserved72_IRQHandler</STRONG> (Thumb, 0 bytes, Stack size 0 bytes, startup_s32k144.o(.text))
<BR>[Address Reference Count : 1]<UL><LI> startup_s32k144.o(RESET)
</UL>
<P><STRONG><a name="[50]"></a>Reserved81_IRQHandler</STRONG> (Thumb, 0 bytes, Stack size 0 bytes, startup_s32k144.o(.text))
<BR>[Address Reference Count : 1]<UL><LI> startup_s32k144.o(RESET)
</UL>
<P><STRONG><a name="[51]"></a>Reserved82_IRQHandler</STRONG> (Thumb, 0 bytes, Stack size 0 bytes, startup_s32k144.o(.text))
<BR>[Address Reference Count : 1]<UL><LI> startup_s32k144.o(RESET)
</UL>
<P><STRONG><a name="[52]"></a>Reserved83_IRQHandler</STRONG> (Thumb, 0 bytes, Stack size 0 bytes, startup_s32k144.o(.text))
<BR>[Address Reference Count : 1]<UL><LI> startup_s32k144.o(RESET)
</UL>
<P><STRONG><a name="[55]"></a>Reserved86_IRQHandler</STRONG> (Thumb, 0 bytes, Stack size 0 bytes, startup_s32k144.o(.text))
<BR>[Address Reference Count : 1]<UL><LI> startup_s32k144.o(RESET)
</UL>
<P><STRONG><a name="[56]"></a>Reserved87_IRQHandler</STRONG> (Thumb, 0 bytes, Stack size 0 bytes, startup_s32k144.o(.text))
<BR>[Address Reference Count : 1]<UL><LI> startup_s32k144.o(RESET)
</UL>
<P><STRONG><a name="[57]"></a>Reserved88_IRQHandler</STRONG> (Thumb, 0 bytes, Stack size 0 bytes, startup_s32k144.o(.text))
<BR>[Address Reference Count : 1]<UL><LI> startup_s32k144.o(RESET)
</UL>
<P><STRONG><a name="[58]"></a>Reserved89_IRQHandler</STRONG> (Thumb, 0 bytes, Stack size 0 bytes, startup_s32k144.o(.text))
<BR>[Address Reference Count : 1]<UL><LI> startup_s32k144.o(RESET)
</UL>
<P><STRONG><a name="[59]"></a>Reserved90_IRQHandler</STRONG> (Thumb, 0 bytes, Stack size 0 bytes, startup_s32k144.o(.text))
<BR>[Address Reference Count : 1]<UL><LI> startup_s32k144.o(RESET)
</UL>
<P><STRONG><a name="[5a]"></a>Reserved91_IRQHandler</STRONG> (Thumb, 0 bytes, Stack size 0 bytes, startup_s32k144.o(.text))
<BR>[Address Reference Count : 1]<UL><LI> startup_s32k144.o(RESET)
</UL>
<P><STRONG><a name="[5b]"></a>Reserved92_IRQHandler</STRONG> (Thumb, 0 bytes, Stack size 0 bytes, startup_s32k144.o(.text))
<BR>[Address Reference Count : 1]<UL><LI> startup_s32k144.o(RESET)
</UL>
<P><STRONG><a name="[5c]"></a>Reserved93_IRQHandler</STRONG> (Thumb, 0 bytes, Stack size 0 bytes, startup_s32k144.o(.text))
<BR>[Address Reference Count : 1]<UL><LI> startup_s32k144.o(RESET)
</UL>
<P><STRONG><a name="[62]"></a>Reserved99_IRQHandler</STRONG> (Thumb, 0 bytes, Stack size 0 bytes, startup_s32k144.o(.text))
<BR>[Address Reference Count : 1]<UL><LI> startup_s32k144.o(RESET)
</UL>
<P><STRONG><a name="[48]"></a>SCG_IRQHandler</STRONG> (Thumb, 0 bytes, Stack size 0 bytes, startup_s32k144.o(.text))
<BR>[Address Reference Count : 1]<UL><LI> startup_s32k144.o(RESET)
</UL>
<P><STRONG><a name="[4f]"></a>SWI_IRQHandler</STRONG> (Thumb, 0 bytes, Stack size 0 bytes, startup_s32k144.o(.text))
<BR>[Address Reference Count : 1]<UL><LI> startup_s32k144.o(RESET)
</UL>
<P><STRONG><a name="[25]"></a>WDOG_EWM_IRQHandler</STRONG> (Thumb, 0 bytes, Stack size 0 bytes, startup_s32k144.o(.text))
<BR>[Address Reference Count : 1]<UL><LI> startup_s32k144.o(RESET)
</UL>
<P><STRONG><a name="[95]"></a>exit</STRONG> (Thumb, 12 bytes, Stack size 0 bytes, exit.o(.text))
<BR><BR>[Calls]<UL><LI><a href="#[9a]">&gt;&gt;</a>&nbsp;&nbsp;&nbsp;__rt_exit
</UL>
<BR>[Called By]<UL><LI><a href="#[93]">&gt;&gt;</a>&nbsp;&nbsp;&nbsp;__rt_entry_main
</UL>

<P><STRONG><a name="[ed]"></a>__I$use$semihosting</STRONG> (Thumb, 0 bytes, Stack size 0 bytes, use_no_semi.o(.text), UNUSED)

<P><STRONG><a name="[ee]"></a>__use_no_semihosting_swi</STRONG> (Thumb, 2 bytes, Stack size 0 bytes, use_no_semi.o(.text), UNUSED)

<P><STRONG><a name="[ef]"></a>__semihosting_library_function</STRONG> (Thumb, 0 bytes, Stack size unknown bytes, indicate_semi.o(.text), UNUSED)

<P><STRONG><a name="[99]"></a>_sys_exit</STRONG> (Thumb, 8 bytes, Stack size 0 bytes, sys_exit.o(.text))
<BR><BR>[Called By]<UL><LI><a href="#[98]">&gt;&gt;</a>&nbsp;&nbsp;&nbsp;__rt_exit_exit
</UL>

<P><STRONG><a name="[9b]"></a>CLOCK_DRV_Init</STRONG> (Thumb, 58 bytes, Stack size 136 bytes, clock_s32k1xx.o(i.CLOCK_DRV_Init))
<BR><BR>[Stack]<UL><LI>Max Depth = 272<LI>Call Chain = CLOCK_DRV_Init &rArr; CLOCK_SYS_SetScgConfiguration &rArr; CLOCK_SYS_ConfigureModulesFromScg &rArr; CLOCK_SYS_TransitionSystemClock &rArr; CLOCK_SYS_SetSystemClockConfig &rArr; CLOCK_SYS_GetSrcFreq &rArr; CLOCK_SYS_GetSysPllFreq
</UL>
<BR>[Calls]<UL><LI><a href="#[9f]">&gt;&gt;</a>&nbsp;&nbsp;&nbsp;CLOCK_SYS_SetSimConfiguration
<LI><a href="#[9d]">&gt;&gt;</a>&nbsp;&nbsp;&nbsp;CLOCK_SYS_SetScgConfiguration
<LI><a href="#[a0]">&gt;&gt;</a>&nbsp;&nbsp;&nbsp;CLOCK_SYS_SetPmcConfiguration
<LI><a href="#[9e]">&gt;&gt;</a>&nbsp;&nbsp;&nbsp;CLOCK_SYS_SetPccConfiguration
<LI><a href="#[9c]">&gt;&gt;</a>&nbsp;&nbsp;&nbsp;CLOCK_SYS_GetDefaultConfiguration
</UL>
<BR>[Called By]<UL><LI><a href="#[b1]">&gt;&gt;</a>&nbsp;&nbsp;&nbsp;CLOCK_SYS_SetConfiguration
</UL>

<P><STRONG><a name="[c3]"></a>CLOCK_SYS_Init</STRONG> (Thumb, 20 bytes, Stack size 8 bytes, clock_s32k1xx.o(i.CLOCK_SYS_Init))
<BR><BR>[Stack]<UL><LI>Max Depth = 8<LI>Call Chain = CLOCK_SYS_Init
</UL>
<BR>[Called By]<UL><LI><a href="#[94]">&gt;&gt;</a>&nbsp;&nbsp;&nbsp;main
</UL>

<P><STRONG><a name="[b1]"></a>CLOCK_SYS_SetConfiguration</STRONG> (Thumb, 12 bytes, Stack size 8 bytes, clock_s32k1xx.o(i.CLOCK_SYS_SetConfiguration))
<BR><BR>[Stack]<UL><LI>Max Depth = 280<LI>Call Chain = CLOCK_SYS_SetConfiguration &rArr; CLOCK_DRV_Init &rArr; CLOCK_SYS_SetScgConfiguration &rArr; CLOCK_SYS_ConfigureModulesFromScg &rArr; CLOCK_SYS_TransitionSystemClock &rArr; CLOCK_SYS_SetSystemClockConfig &rArr; CLOCK_SYS_GetSrcFreq &rArr; CLOCK_SYS_GetSysPllFreq
</UL>
<BR>[Calls]<UL><LI><a href="#[9b]">&gt;&gt;</a>&nbsp;&nbsp;&nbsp;CLOCK_DRV_Init
</UL>
<BR>[Called By]<UL><LI><a href="#[bd]">&gt;&gt;</a>&nbsp;&nbsp;&nbsp;CLOCK_SYS_UpdateConfiguration
</UL>

<P><STRONG><a name="[bd]"></a>CLOCK_SYS_UpdateConfiguration</STRONG> (Thumb, 258 bytes, Stack size 32 bytes, clock_s32k1xx.o(i.CLOCK_SYS_UpdateConfiguration))
<BR><BR>[Stack]<UL><LI>Max Depth = 312<LI>Call Chain = CLOCK_SYS_UpdateConfiguration &rArr; CLOCK_SYS_SetConfiguration &rArr; CLOCK_DRV_Init &rArr; CLOCK_SYS_SetScgConfiguration &rArr; CLOCK_SYS_ConfigureModulesFromScg &rArr; CLOCK_SYS_TransitionSystemClock &rArr; CLOCK_SYS_SetSystemClockConfig &rArr; CLOCK_SYS_GetSrcFreq &rArr; CLOCK_SYS_GetSysPllFreq
</UL>
<BR>[Calls]<UL><LI><a href="#[bf]">&gt;&gt;</a>&nbsp;&nbsp;&nbsp;INT_SYS_EnableIRQGlobal
<LI><a href="#[be]">&gt;&gt;</a>&nbsp;&nbsp;&nbsp;INT_SYS_DisableIRQGlobal
<LI><a href="#[b1]">&gt;&gt;</a>&nbsp;&nbsp;&nbsp;CLOCK_SYS_SetConfiguration
</UL>
<BR>[Called By]<UL><LI><a href="#[94]">&gt;&gt;</a>&nbsp;&nbsp;&nbsp;main
</UL>

<P><STRONG><a name="[be]"></a>INT_SYS_DisableIRQGlobal</STRONG> (Thumb, 14 bytes, Stack size 0 bytes, interrupt_manager.o(i.INT_SYS_DisableIRQGlobal))
<BR><BR>[Called By]<UL><LI><a href="#[bd]">&gt;&gt;</a>&nbsp;&nbsp;&nbsp;CLOCK_SYS_UpdateConfiguration
</UL>

<P><STRONG><a name="[bf]"></a>INT_SYS_EnableIRQGlobal</STRONG> (Thumb, 30 bytes, Stack size 0 bytes, interrupt_manager.o(i.INT_SYS_EnableIRQGlobal))
<BR><BR>[Called By]<UL><LI><a href="#[bd]">&gt;&gt;</a>&nbsp;&nbsp;&nbsp;CLOCK_SYS_UpdateConfiguration
</UL>

<P><STRONG><a name="[c6]"></a>PINS_DRV_ClearPins</STRONG> (Thumb, 8 bytes, Stack size 0 bytes, pins_driver.o(i.PINS_DRV_ClearPins))
<BR><BR>[Called By]<UL><LI><a href="#[94]">&gt;&gt;</a>&nbsp;&nbsp;&nbsp;main
</UL>

<P><STRONG><a name="[c0]"></a>PINS_DRV_Init</STRONG> (Thumb, 32 bytes, Stack size 16 bytes, pins_driver.o(i.PINS_DRV_Init))
<BR><BR>[Stack]<UL><LI>Max Depth = 56<LI>Call Chain = PINS_DRV_Init &rArr; PINS_Init &rArr; PINS_GetAdcInterleaveVal
</UL>
<BR>[Calls]<UL><LI><a href="#[c1]">&gt;&gt;</a>&nbsp;&nbsp;&nbsp;PINS_Init
</UL>
<BR>[Called By]<UL><LI><a href="#[94]">&gt;&gt;</a>&nbsp;&nbsp;&nbsp;main
</UL>

<P><STRONG><a name="[c5]"></a>PINS_DRV_SetPins</STRONG> (Thumb, 8 bytes, Stack size 0 bytes, pins_driver.o(i.PINS_DRV_SetPins))
<BR><BR>[Called By]<UL><LI><a href="#[94]">&gt;&gt;</a>&nbsp;&nbsp;&nbsp;main
</UL>

<P><STRONG><a name="[c4]"></a>PINS_DRV_SetPinsDirection</STRONG> (Thumb, 8 bytes, Stack size 0 bytes, pins_driver.o(i.PINS_DRV_SetPinsDirection))
<BR><BR>[Called By]<UL><LI><a href="#[94]">&gt;&gt;</a>&nbsp;&nbsp;&nbsp;main
</UL>

<P><STRONG><a name="[c8]"></a>PINS_DRV_TogglePins</STRONG> (Thumb, 8 bytes, Stack size 0 bytes, pins_driver.o(i.PINS_DRV_TogglePins))
<BR><BR>[Called By]<UL><LI><a href="#[94]">&gt;&gt;</a>&nbsp;&nbsp;&nbsp;main
</UL>

<P><STRONG><a name="[c1]"></a>PINS_Init</STRONG> (Thumb, 346 bytes, Stack size 32 bytes, pins_port_hw_access.o(i.PINS_Init))
<BR><BR>[Stack]<UL><LI>Max Depth = 40<LI>Call Chain = PINS_Init &rArr; PINS_GetAdcInterleaveVal
</UL>
<BR>[Calls]<UL><LI><a href="#[c2]">&gt;&gt;</a>&nbsp;&nbsp;&nbsp;PINS_GetAdcInterleaveVal
</UL>
<BR>[Called By]<UL><LI><a href="#[c0]">&gt;&gt;</a>&nbsp;&nbsp;&nbsp;PINS_DRV_Init
</UL>

<P><STRONG><a name="[2]"></a>SystemInit</STRONG> (Thumb, 24 bytes, Stack size 0 bytes, system_s32k144.o(i.SystemInit))
<BR>[Address Reference Count : 1]<UL><LI> startup_s32k144.o(.text)
</UL>
<P><STRONG><a name="[c7]"></a>delay</STRONG> (Thumb, 16 bytes, Stack size 8 bytes, main.o(i.delay))
<BR><BR>[Stack]<UL><LI>Max Depth = 8<LI>Call Chain = delay
</UL>
<BR>[Called By]<UL><LI><a href="#[94]">&gt;&gt;</a>&nbsp;&nbsp;&nbsp;main
</UL>

<P><STRONG><a name="[3]"></a>init_data_bss</STRONG> (Thumb, 68 bytes, Stack size 8 bytes, startup.o(i.init_data_bss))
<BR><BR>[Stack]<UL><LI>Max Depth = 8<LI>Call Chain = init_data_bss
</UL>
<BR>[Address Reference Count : 1]<UL><LI> startup_s32k144.o(.text)
</UL>
<P><STRONG><a name="[94]"></a>main</STRONG> (Thumb, 76 bytes, Stack size 0 bytes, main.o(i.main))
<BR><BR>[Stack]<UL><LI>Max Depth = 312<LI>Call Chain = main &rArr; CLOCK_SYS_UpdateConfiguration &rArr; CLOCK_SYS_SetConfiguration &rArr; CLOCK_DRV_Init &rArr; CLOCK_SYS_SetScgConfiguration &rArr; CLOCK_SYS_ConfigureModulesFromScg &rArr; CLOCK_SYS_TransitionSystemClock &rArr; CLOCK_SYS_SetSystemClockConfig &rArr; CLOCK_SYS_GetSrcFreq &rArr; CLOCK_SYS_GetSysPllFreq
</UL>
<BR>[Calls]<UL><LI><a href="#[c8]">&gt;&gt;</a>&nbsp;&nbsp;&nbsp;PINS_DRV_TogglePins
<LI><a href="#[c4]">&gt;&gt;</a>&nbsp;&nbsp;&nbsp;PINS_DRV_SetPinsDirection
<LI><a href="#[c5]">&gt;&gt;</a>&nbsp;&nbsp;&nbsp;PINS_DRV_SetPins
<LI><a href="#[c0]">&gt;&gt;</a>&nbsp;&nbsp;&nbsp;PINS_DRV_Init
<LI><a href="#[c6]">&gt;&gt;</a>&nbsp;&nbsp;&nbsp;PINS_DRV_ClearPins
<LI><a href="#[bd]">&gt;&gt;</a>&nbsp;&nbsp;&nbsp;CLOCK_SYS_UpdateConfiguration
<LI><a href="#[c3]">&gt;&gt;</a>&nbsp;&nbsp;&nbsp;CLOCK_SYS_Init
<LI><a href="#[c7]">&gt;&gt;</a>&nbsp;&nbsp;&nbsp;delay
</UL>
<BR>[Called By]<UL><LI><a href="#[93]">&gt;&gt;</a>&nbsp;&nbsp;&nbsp;__rt_entry_main
</UL>

<P><STRONG><a name="[90]"></a>_fp_init</STRONG> (Thumb, 10 bytes, Stack size 0 bytes, fpinit.o(x$fpl$fpinit))
<BR><BR>[Called By]<UL><LI><a href="#[8f]">&gt;&gt;</a>&nbsp;&nbsp;&nbsp;__rt_lib_init_fp_1
</UL>

<P><STRONG><a name="[f0]"></a>__fplib_config_fpu_vfp</STRONG> (Thumb, 0 bytes, Stack size unknown bytes, fpinit.o(x$fpl$fpinit), UNUSED)

<P><STRONG><a name="[f1]"></a>__fplib_config_pureend_doubles</STRONG> (Thumb, 0 bytes, Stack size unknown bytes, fpinit.o(x$fpl$fpinit), UNUSED)
<P>
<H3>
Local Symbols
</H3>
<P><STRONG><a name="[a1]"></a>CLOCK_SYS_ConfigureFIRC</STRONG> (Thumb, 222 bytes, Stack size 32 bytes, clock_s32k1xx.o(i.CLOCK_SYS_ConfigureFIRC))
<BR><BR>[Stack]<UL><LI>Max Depth = 32<LI>Call Chain = CLOCK_SYS_ConfigureFIRC
</UL>
<BR>[Calls]<UL><LI><a href="#[a2]">&gt;&gt;</a>&nbsp;&nbsp;&nbsp;CLOCK_SYS_GetFircFreq
</UL>
<BR>[Called By]<UL><LI><a href="#[ae]">&gt;&gt;</a>&nbsp;&nbsp;&nbsp;CLOCK_SYS_ConfigureTemporarySystemClock
<LI><a href="#[a3]">&gt;&gt;</a>&nbsp;&nbsp;&nbsp;CLOCK_SYS_ConfigureModulesFromScg
</UL>

<P><STRONG><a name="[a3]"></a>CLOCK_SYS_ConfigureModulesFromScg</STRONG> (Thumb, 336 bytes, Stack size 24 bytes, clock_s32k1xx.o(i.CLOCK_SYS_ConfigureModulesFromScg))
<BR><BR>[Stack]<UL><LI>Max Depth = 120<LI>Call Chain = CLOCK_SYS_ConfigureModulesFromScg &rArr; CLOCK_SYS_TransitionSystemClock &rArr; CLOCK_SYS_SetSystemClockConfig &rArr; CLOCK_SYS_GetSrcFreq &rArr; CLOCK_SYS_GetSysPllFreq
</UL>
<BR>[Calls]<UL><LI><a href="#[a8]">&gt;&gt;</a>&nbsp;&nbsp;&nbsp;CLOCK_SYS_TransitionSystemClock
<LI><a href="#[a7]">&gt;&gt;</a>&nbsp;&nbsp;&nbsp;CLOCK_SYS_GetCurrentRunMode
<LI><a href="#[a6]">&gt;&gt;</a>&nbsp;&nbsp;&nbsp;CLOCK_SYS_ConfigureSPLL
<LI><a href="#[a5]">&gt;&gt;</a>&nbsp;&nbsp;&nbsp;CLOCK_SYS_ConfigureSOSC
<LI><a href="#[a4]">&gt;&gt;</a>&nbsp;&nbsp;&nbsp;CLOCK_SYS_ConfigureSIRC
<LI><a href="#[a1]">&gt;&gt;</a>&nbsp;&nbsp;&nbsp;CLOCK_SYS_ConfigureFIRC
</UL>
<BR>[Called By]<UL><LI><a href="#[9d]">&gt;&gt;</a>&nbsp;&nbsp;&nbsp;CLOCK_SYS_SetScgConfiguration
</UL>

<P><STRONG><a name="[a4]"></a>CLOCK_SYS_ConfigureSIRC</STRONG> (Thumb, 240 bytes, Stack size 40 bytes, clock_s32k1xx.o(i.CLOCK_SYS_ConfigureSIRC))
<BR><BR>[Stack]<UL><LI>Max Depth = 40<LI>Call Chain = CLOCK_SYS_ConfigureSIRC
</UL>
<BR>[Calls]<UL><LI><a href="#[a9]">&gt;&gt;</a>&nbsp;&nbsp;&nbsp;CLOCK_SYS_GetSircFreq
</UL>
<BR>[Called By]<UL><LI><a href="#[a3]">&gt;&gt;</a>&nbsp;&nbsp;&nbsp;CLOCK_SYS_ConfigureModulesFromScg
</UL>

<P><STRONG><a name="[a5]"></a>CLOCK_SYS_ConfigureSOSC</STRONG> (Thumb, 302 bytes, Stack size 40 bytes, clock_s32k1xx.o(i.CLOCK_SYS_ConfigureSOSC))
<BR><BR>[Stack]<UL><LI>Max Depth = 56<LI>Call Chain = CLOCK_SYS_ConfigureSOSC &rArr; SCG_SetSoscControl
</UL>
<BR>[Calls]<UL><LI><a href="#[aa]">&gt;&gt;</a>&nbsp;&nbsp;&nbsp;SCG_SetSoscControl
<LI><a href="#[ab]">&gt;&gt;</a>&nbsp;&nbsp;&nbsp;CLOCK_SYS_GetSysOscFreq
</UL>
<BR>[Called By]<UL><LI><a href="#[a3]">&gt;&gt;</a>&nbsp;&nbsp;&nbsp;CLOCK_SYS_ConfigureModulesFromScg
</UL>

<P><STRONG><a name="[a6]"></a>CLOCK_SYS_ConfigureSPLL</STRONG> (Thumb, 288 bytes, Stack size 40 bytes, clock_s32k1xx.o(i.CLOCK_SYS_ConfigureSPLL))
<BR><BR>[Stack]<UL><LI>Max Depth = 56<LI>Call Chain = CLOCK_SYS_ConfigureSPLL &rArr; SCG_SetSpllControl
</UL>
<BR>[Calls]<UL><LI><a href="#[ac]">&gt;&gt;</a>&nbsp;&nbsp;&nbsp;SCG_SetSpllControl
<LI><a href="#[ad]">&gt;&gt;</a>&nbsp;&nbsp;&nbsp;CLOCK_SYS_GetSysPllFreq
<LI><a href="#[ab]">&gt;&gt;</a>&nbsp;&nbsp;&nbsp;CLOCK_SYS_GetSysOscFreq
</UL>
<BR>[Called By]<UL><LI><a href="#[a3]">&gt;&gt;</a>&nbsp;&nbsp;&nbsp;CLOCK_SYS_ConfigureModulesFromScg
</UL>

<P><STRONG><a name="[ae]"></a>CLOCK_SYS_ConfigureTemporarySystemClock</STRONG> (Thumb, 74 bytes, Stack size 16 bytes, clock_s32k1xx.o(i.CLOCK_SYS_ConfigureTemporarySystemClock))
<BR><BR>[Stack]<UL><LI>Max Depth = 112<LI>Call Chain = CLOCK_SYS_ConfigureTemporarySystemClock &rArr; CLOCK_SYS_TransitionSystemClock &rArr; CLOCK_SYS_SetSystemClockConfig &rArr; CLOCK_SYS_GetSrcFreq &rArr; CLOCK_SYS_GetSysPllFreq
</UL>
<BR>[Calls]<UL><LI><a href="#[af]">&gt;&gt;</a>&nbsp;&nbsp;&nbsp;SCG_GetCurrentSystemClockSource
<LI><a href="#[a8]">&gt;&gt;</a>&nbsp;&nbsp;&nbsp;CLOCK_SYS_TransitionSystemClock
<LI><a href="#[a2]">&gt;&gt;</a>&nbsp;&nbsp;&nbsp;CLOCK_SYS_GetFircFreq
<LI><a href="#[a1]">&gt;&gt;</a>&nbsp;&nbsp;&nbsp;CLOCK_SYS_ConfigureFIRC
</UL>
<BR>[Called By]<UL><LI><a href="#[9d]">&gt;&gt;</a>&nbsp;&nbsp;&nbsp;CLOCK_SYS_SetScgConfiguration
</UL>

<P><STRONG><a name="[a7]"></a>CLOCK_SYS_GetCurrentRunMode</STRONG> (Thumb, 40 bytes, Stack size 0 bytes, clock_s32k1xx.o(i.CLOCK_SYS_GetCurrentRunMode))
<BR><BR>[Called By]<UL><LI><a href="#[a8]">&gt;&gt;</a>&nbsp;&nbsp;&nbsp;CLOCK_SYS_TransitionSystemClock
<LI><a href="#[a3]">&gt;&gt;</a>&nbsp;&nbsp;&nbsp;CLOCK_SYS_ConfigureModulesFromScg
</UL>

<P><STRONG><a name="[9c]"></a>CLOCK_SYS_GetDefaultConfiguration</STRONG> (Thumb, 348 bytes, Stack size 0 bytes, clock_s32k1xx.o(i.CLOCK_SYS_GetDefaultConfiguration))
<BR><BR>[Called By]<UL><LI><a href="#[9b]">&gt;&gt;</a>&nbsp;&nbsp;&nbsp;CLOCK_DRV_Init
</UL>

<P><STRONG><a name="[a2]"></a>CLOCK_SYS_GetFircFreq</STRONG> (Thumb, 36 bytes, Stack size 0 bytes, clock_s32k1xx.o(i.CLOCK_SYS_GetFircFreq))
<BR><BR>[Called By]<UL><LI><a href="#[b0]">&gt;&gt;</a>&nbsp;&nbsp;&nbsp;CLOCK_SYS_GetSrcFreq
<LI><a href="#[ae]">&gt;&gt;</a>&nbsp;&nbsp;&nbsp;CLOCK_SYS_ConfigureTemporarySystemClock
<LI><a href="#[a1]">&gt;&gt;</a>&nbsp;&nbsp;&nbsp;CLOCK_SYS_ConfigureFIRC
</UL>

<P><STRONG><a name="[a9]"></a>CLOCK_SYS_GetSircFreq</STRONG> (Thumb, 32 bytes, Stack size 0 bytes, clock_s32k1xx.o(i.CLOCK_SYS_GetSircFreq))
<BR><BR>[Called By]<UL><LI><a href="#[b0]">&gt;&gt;</a>&nbsp;&nbsp;&nbsp;CLOCK_SYS_GetSrcFreq
<LI><a href="#[a4]">&gt;&gt;</a>&nbsp;&nbsp;&nbsp;CLOCK_SYS_ConfigureSIRC
</UL>

<P><STRONG><a name="[b0]"></a>CLOCK_SYS_GetSrcFreq</STRONG> (Thumb, 66 bytes, Stack size 16 bytes, clock_s32k1xx.o(i.CLOCK_SYS_GetSrcFreq))
<BR><BR>[Stack]<UL><LI>Max Depth = 32<LI>Call Chain = CLOCK_SYS_GetSrcFreq &rArr; CLOCK_SYS_GetSysPllFreq
</UL>
<BR>[Calls]<UL><LI><a href="#[ad]">&gt;&gt;</a>&nbsp;&nbsp;&nbsp;CLOCK_SYS_GetSysPllFreq
<LI><a href="#[ab]">&gt;&gt;</a>&nbsp;&nbsp;&nbsp;CLOCK_SYS_GetSysOscFreq
<LI><a href="#[a9]">&gt;&gt;</a>&nbsp;&nbsp;&nbsp;CLOCK_SYS_GetSircFreq
<LI><a href="#[a2]">&gt;&gt;</a>&nbsp;&nbsp;&nbsp;CLOCK_SYS_GetFircFreq
</UL>
<BR>[Called By]<UL><LI><a href="#[b5]">&gt;&gt;</a>&nbsp;&nbsp;&nbsp;CLOCK_SYS_SetSystemClockConfig
</UL>

<P><STRONG><a name="[ab]"></a>CLOCK_SYS_GetSysOscFreq</STRONG> (Thumb, 22 bytes, Stack size 0 bytes, clock_s32k1xx.o(i.CLOCK_SYS_GetSysOscFreq))
<BR><BR>[Called By]<UL><LI><a href="#[ad]">&gt;&gt;</a>&nbsp;&nbsp;&nbsp;CLOCK_SYS_GetSysPllFreq
<LI><a href="#[b0]">&gt;&gt;</a>&nbsp;&nbsp;&nbsp;CLOCK_SYS_GetSrcFreq
<LI><a href="#[a6]">&gt;&gt;</a>&nbsp;&nbsp;&nbsp;CLOCK_SYS_ConfigureSPLL
<LI><a href="#[a5]">&gt;&gt;</a>&nbsp;&nbsp;&nbsp;CLOCK_SYS_ConfigureSOSC
</UL>

<P><STRONG><a name="[ad]"></a>CLOCK_SYS_GetSysPllFreq</STRONG> (Thumb, 68 bytes, Stack size 16 bytes, clock_s32k1xx.o(i.CLOCK_SYS_GetSysPllFreq))
<BR><BR>[Stack]<UL><LI>Max Depth = 16<LI>Call Chain = CLOCK_SYS_GetSysPllFreq
</UL>
<BR>[Calls]<UL><LI><a href="#[ab]">&gt;&gt;</a>&nbsp;&nbsp;&nbsp;CLOCK_SYS_GetSysOscFreq
</UL>
<BR>[Called By]<UL><LI><a href="#[b0]">&gt;&gt;</a>&nbsp;&nbsp;&nbsp;CLOCK_SYS_GetSrcFreq
<LI><a href="#[a6]">&gt;&gt;</a>&nbsp;&nbsp;&nbsp;CLOCK_SYS_ConfigureSPLL
</UL>

<P><STRONG><a name="[9e]"></a>CLOCK_SYS_SetPccConfiguration</STRONG> (Thumb, 98 bytes, Stack size 24 bytes, clock_s32k1xx.o(i.CLOCK_SYS_SetPccConfiguration))
<BR><BR>[Stack]<UL><LI>Max Depth = 44<LI>Call Chain = CLOCK_SYS_SetPccConfiguration &rArr; PCC_SetPeripheralClockControl
</UL>
<BR>[Calls]<UL><LI><a href="#[b3]">&gt;&gt;</a>&nbsp;&nbsp;&nbsp;PCC_SetPeripheralClockControl
<LI><a href="#[b2]">&gt;&gt;</a>&nbsp;&nbsp;&nbsp;PCC_SetClockMode
</UL>
<BR>[Called By]<UL><LI><a href="#[9b]">&gt;&gt;</a>&nbsp;&nbsp;&nbsp;CLOCK_DRV_Init
</UL>

<P><STRONG><a name="[a0]"></a>CLOCK_SYS_SetPmcConfiguration</STRONG> (Thumb, 60 bytes, Stack size 24 bytes, clock_s32k1xx.o(i.CLOCK_SYS_SetPmcConfiguration))
<BR><BR>[Stack]<UL><LI>Max Depth = 32<LI>Call Chain = CLOCK_SYS_SetPmcConfiguration &rArr; PMC_SetLpoMode
</UL>
<BR>[Calls]<UL><LI><a href="#[b4]">&gt;&gt;</a>&nbsp;&nbsp;&nbsp;PMC_SetLpoMode
</UL>
<BR>[Called By]<UL><LI><a href="#[9b]">&gt;&gt;</a>&nbsp;&nbsp;&nbsp;CLOCK_DRV_Init
</UL>

<P><STRONG><a name="[9d]"></a>CLOCK_SYS_SetScgConfiguration</STRONG> (Thumb, 126 bytes, Stack size 16 bytes, clock_s32k1xx.o(i.CLOCK_SYS_SetScgConfiguration))
<BR><BR>[Stack]<UL><LI>Max Depth = 136<LI>Call Chain = CLOCK_SYS_SetScgConfiguration &rArr; CLOCK_SYS_ConfigureModulesFromScg &rArr; CLOCK_SYS_TransitionSystemClock &rArr; CLOCK_SYS_SetSystemClockConfig &rArr; CLOCK_SYS_GetSrcFreq &rArr; CLOCK_SYS_GetSysPllFreq
</UL>
<BR>[Calls]<UL><LI><a href="#[b5]">&gt;&gt;</a>&nbsp;&nbsp;&nbsp;CLOCK_SYS_SetSystemClockConfig
<LI><a href="#[ae]">&gt;&gt;</a>&nbsp;&nbsp;&nbsp;CLOCK_SYS_ConfigureTemporarySystemClock
<LI><a href="#[a3]">&gt;&gt;</a>&nbsp;&nbsp;&nbsp;CLOCK_SYS_ConfigureModulesFromScg
</UL>
<BR>[Called By]<UL><LI><a href="#[9b]">&gt;&gt;</a>&nbsp;&nbsp;&nbsp;CLOCK_DRV_Init
</UL>

<P><STRONG><a name="[9f]"></a>CLOCK_SYS_SetSimConfiguration</STRONG> (Thumb, 244 bytes, Stack size 24 bytes, clock_s32k1xx.o(i.CLOCK_SYS_SetSimConfiguration))
<BR><BR>[Stack]<UL><LI>Max Depth = 40<LI>Call Chain = CLOCK_SYS_SetSimConfiguration &rArr; SIM_SetLpoClocks
</UL>
<BR>[Calls]<UL><LI><a href="#[bc]">&gt;&gt;</a>&nbsp;&nbsp;&nbsp;SIM_SetTraceClockConfig
<LI><a href="#[b7]">&gt;&gt;</a>&nbsp;&nbsp;&nbsp;SIM_SetMscmClockGate
<LI><a href="#[b8]">&gt;&gt;</a>&nbsp;&nbsp;&nbsp;SIM_SetMpuClockGate
<LI><a href="#[b6]">&gt;&gt;</a>&nbsp;&nbsp;&nbsp;SIM_SetLpoClocks
<LI><a href="#[ba]">&gt;&gt;</a>&nbsp;&nbsp;&nbsp;SIM_SetErmClockGate
<LI><a href="#[bb]">&gt;&gt;</a>&nbsp;&nbsp;&nbsp;SIM_SetEimClockGate
<LI><a href="#[b9]">&gt;&gt;</a>&nbsp;&nbsp;&nbsp;SIM_SetDmaClockGate
</UL>
<BR>[Called By]<UL><LI><a href="#[9b]">&gt;&gt;</a>&nbsp;&nbsp;&nbsp;CLOCK_DRV_Init
</UL>

<P><STRONG><a name="[b5]"></a>CLOCK_SYS_SetSystemClockConfig</STRONG> (Thumb, 476 bytes, Stack size 40 bytes, clock_s32k1xx.o(i.CLOCK_SYS_SetSystemClockConfig))
<BR><BR>[Stack]<UL><LI>Max Depth = 72<LI>Call Chain = CLOCK_SYS_SetSystemClockConfig &rArr; CLOCK_SYS_GetSrcFreq &rArr; CLOCK_SYS_GetSysPllFreq
</UL>
<BR>[Calls]<UL><LI><a href="#[b0]">&gt;&gt;</a>&nbsp;&nbsp;&nbsp;CLOCK_SYS_GetSrcFreq
</UL>
<BR>[Called By]<UL><LI><a href="#[a8]">&gt;&gt;</a>&nbsp;&nbsp;&nbsp;CLOCK_SYS_TransitionSystemClock
<LI><a href="#[9d]">&gt;&gt;</a>&nbsp;&nbsp;&nbsp;CLOCK_SYS_SetScgConfiguration
</UL>

<P><STRONG><a name="[a8]"></a>CLOCK_SYS_TransitionSystemClock</STRONG> (Thumb, 58 bytes, Stack size 24 bytes, clock_s32k1xx.o(i.CLOCK_SYS_TransitionSystemClock))
<BR><BR>[Stack]<UL><LI>Max Depth = 96<LI>Call Chain = CLOCK_SYS_TransitionSystemClock &rArr; CLOCK_SYS_SetSystemClockConfig &rArr; CLOCK_SYS_GetSrcFreq &rArr; CLOCK_SYS_GetSysPllFreq
</UL>
<BR>[Calls]<UL><LI><a href="#[af]">&gt;&gt;</a>&nbsp;&nbsp;&nbsp;SCG_GetCurrentSystemClockSource
<LI><a href="#[b5]">&gt;&gt;</a>&nbsp;&nbsp;&nbsp;CLOCK_SYS_SetSystemClockConfig
<LI><a href="#[a7]">&gt;&gt;</a>&nbsp;&nbsp;&nbsp;CLOCK_SYS_GetCurrentRunMode
</UL>
<BR>[Called By]<UL><LI><a href="#[ae]">&gt;&gt;</a>&nbsp;&nbsp;&nbsp;CLOCK_SYS_ConfigureTemporarySystemClock
<LI><a href="#[a3]">&gt;&gt;</a>&nbsp;&nbsp;&nbsp;CLOCK_SYS_ConfigureModulesFromScg
</UL>

<P><STRONG><a name="[b2]"></a>PCC_SetClockMode</STRONG> (Thumb, 56 bytes, Stack size 8 bytes, clock_s32k1xx.o(i.PCC_SetClockMode))
<BR><BR>[Stack]<UL><LI>Max Depth = 8<LI>Call Chain = PCC_SetClockMode
</UL>
<BR>[Called By]<UL><LI><a href="#[9e]">&gt;&gt;</a>&nbsp;&nbsp;&nbsp;CLOCK_SYS_SetPccConfiguration
</UL>

<P><STRONG><a name="[b3]"></a>PCC_SetPeripheralClockControl</STRONG> (Thumb, 58 bytes, Stack size 20 bytes, clock_s32k1xx.o(i.PCC_SetPeripheralClockControl))
<BR><BR>[Stack]<UL><LI>Max Depth = 20<LI>Call Chain = PCC_SetPeripheralClockControl
</UL>
<BR>[Called By]<UL><LI><a href="#[9e]">&gt;&gt;</a>&nbsp;&nbsp;&nbsp;CLOCK_SYS_SetPccConfiguration
</UL>

<P><STRONG><a name="[b4]"></a>PMC_SetLpoMode</STRONG> (Thumb, 26 bytes, Stack size 8 bytes, clock_s32k1xx.o(i.PMC_SetLpoMode))
<BR><BR>[Stack]<UL><LI>Max Depth = 8<LI>Call Chain = PMC_SetLpoMode
</UL>
<BR>[Called By]<UL><LI><a href="#[a0]">&gt;&gt;</a>&nbsp;&nbsp;&nbsp;CLOCK_SYS_SetPmcConfiguration
</UL>

<P><STRONG><a name="[af]"></a>SCG_GetCurrentSystemClockSource</STRONG> (Thumb, 10 bytes, Stack size 0 bytes, clock_s32k1xx.o(i.SCG_GetCurrentSystemClockSource))
<BR><BR>[Called By]<UL><LI><a href="#[a8]">&gt;&gt;</a>&nbsp;&nbsp;&nbsp;CLOCK_SYS_TransitionSystemClock
<LI><a href="#[ae]">&gt;&gt;</a>&nbsp;&nbsp;&nbsp;CLOCK_SYS_ConfigureTemporarySystemClock
</UL>

<P><STRONG><a name="[aa]"></a>SCG_SetSoscControl</STRONG> (Thumb, 42 bytes, Stack size 16 bytes, clock_s32k1xx.o(i.SCG_SetSoscControl))
<BR><BR>[Stack]<UL><LI>Max Depth = 16<LI>Call Chain = SCG_SetSoscControl
</UL>
<BR>[Called By]<UL><LI><a href="#[a5]">&gt;&gt;</a>&nbsp;&nbsp;&nbsp;CLOCK_SYS_ConfigureSOSC
</UL>

<P><STRONG><a name="[ac]"></a>SCG_SetSpllControl</STRONG> (Thumb, 42 bytes, Stack size 16 bytes, clock_s32k1xx.o(i.SCG_SetSpllControl))
<BR><BR>[Stack]<UL><LI>Max Depth = 16<LI>Call Chain = SCG_SetSpllControl
</UL>
<BR>[Called By]<UL><LI><a href="#[a6]">&gt;&gt;</a>&nbsp;&nbsp;&nbsp;CLOCK_SYS_ConfigureSPLL
</UL>

<P><STRONG><a name="[b9]"></a>SIM_SetDmaClockGate</STRONG> (Thumb, 20 bytes, Stack size 0 bytes, clock_s32k1xx.o(i.SIM_SetDmaClockGate))
<BR><BR>[Called By]<UL><LI><a href="#[9f]">&gt;&gt;</a>&nbsp;&nbsp;&nbsp;CLOCK_SYS_SetSimConfiguration
</UL>

<P><STRONG><a name="[bb]"></a>SIM_SetEimClockGate</STRONG> (Thumb, 20 bytes, Stack size 0 bytes, clock_s32k1xx.o(i.SIM_SetEimClockGate))
<BR><BR>[Called By]<UL><LI><a href="#[9f]">&gt;&gt;</a>&nbsp;&nbsp;&nbsp;CLOCK_SYS_SetSimConfiguration
</UL>

<P><STRONG><a name="[ba]"></a>SIM_SetErmClockGate</STRONG> (Thumb, 20 bytes, Stack size 0 bytes, clock_s32k1xx.o(i.SIM_SetErmClockGate))
<BR><BR>[Called By]<UL><LI><a href="#[9f]">&gt;&gt;</a>&nbsp;&nbsp;&nbsp;CLOCK_SYS_SetSimConfiguration
</UL>

<P><STRONG><a name="[b6]"></a>SIM_SetLpoClocks</STRONG> (Thumb, 46 bytes, Stack size 16 bytes, clock_s32k1xx.o(i.SIM_SetLpoClocks))
<BR><BR>[Stack]<UL><LI>Max Depth = 16<LI>Call Chain = SIM_SetLpoClocks
</UL>
<BR>[Called By]<UL><LI><a href="#[9f]">&gt;&gt;</a>&nbsp;&nbsp;&nbsp;CLOCK_SYS_SetSimConfiguration
</UL>

<P><STRONG><a name="[b8]"></a>SIM_SetMpuClockGate</STRONG> (Thumb, 20 bytes, Stack size 0 bytes, clock_s32k1xx.o(i.SIM_SetMpuClockGate))
<BR><BR>[Called By]<UL><LI><a href="#[9f]">&gt;&gt;</a>&nbsp;&nbsp;&nbsp;CLOCK_SYS_SetSimConfiguration
</UL>

<P><STRONG><a name="[b7]"></a>SIM_SetMscmClockGate</STRONG> (Thumb, 18 bytes, Stack size 0 bytes, clock_s32k1xx.o(i.SIM_SetMscmClockGate))
<BR><BR>[Called By]<UL><LI><a href="#[9f]">&gt;&gt;</a>&nbsp;&nbsp;&nbsp;CLOCK_SYS_SetSimConfiguration
</UL>

<P><STRONG><a name="[bc]"></a>SIM_SetTraceClockConfig</STRONG> (Thumb, 28 bytes, Stack size 12 bytes, clock_s32k1xx.o(i.SIM_SetTraceClockConfig))
<BR><BR>[Stack]<UL><LI>Max Depth = 12<LI>Call Chain = SIM_SetTraceClockConfig
</UL>
<BR>[Called By]<UL><LI><a href="#[9f]">&gt;&gt;</a>&nbsp;&nbsp;&nbsp;CLOCK_SYS_SetSimConfiguration
</UL>

<P><STRONG><a name="[c2]"></a>PINS_GetAdcInterleaveVal</STRONG> (Thumb, 112 bytes, Stack size 8 bytes, pins_port_hw_access.o(i.PINS_GetAdcInterleaveVal))
<BR><BR>[Stack]<UL><LI>Max Depth = 8<LI>Call Chain = PINS_GetAdcInterleaveVal
</UL>
<BR>[Called By]<UL><LI><a href="#[c1]">&gt;&gt;</a>&nbsp;&nbsp;&nbsp;PINS_Init
</UL>
<P>
<H3>
Undefined Global Symbols
</H3><HR></body></html>
