<html>
<body>
<pre>
<h1>µVision Build Log</h1>
<h2>Tool Versions:</h2>
IDE-Version: ¦ÌVision V5.14.0.0
Copyright (C) 2015 ARM Ltd and ARM Germany GmbH. All rights reserved.
License Information: ly Microsoft, Microsoft, LIC=FQQGK-ZFPEK-IM89B-2LCLC-WHZE9-JR8GU
 
Tool Versions:
Toolchain:       MDK-ARM Professional  Version: 5.14.0.0
Toolchain Path:  C:\Keil_v5\ARM\ARMCC\Bin
C Compiler:      Armcc.exe V5.05 update 1 (build 106)
Assembler:       Armasm.exe V5.05 update 1 (build 106)
Linker/Locator:  ArmLink.exe V5.05 update 1 (build 106)
Library Manager: ArmAr.exe V5.05 update 1 (build 106)
Hex Converter:   FromElf.exe V5.05 update 1 (build 106)
CPU DLL:         SARMCM3.DLL V5.14.0.0
Dialog DLL:      DCM.DLL V1.13.1.0
Target DLL:      PEMicro\Pemicro_ArmCortexInterface.dll V1.3.0.0
Dialog DLL:      TCM.DLL V1.14.4.0
 
<h2>Project:</h2>
D:\nxp-nxps32-demo\rttreads32f144project.uvprojx
Project File Date:  04/11/2020

<h2>Output:</h2>
Build target 'rttread-s32f144'
linking...
Program Size: Code=5212 RO-data=1656 RW-data=424 ZI-data=2076  
".\Objects\rttreads32f144project.axf" - 0 Error(s), 0 Warning(s).

<h2>Collection of Component include folders:</h2>
  D:\nxp-nxps32-demo\RTE
  C:\Keil_v5\ARM\PACK\Keil\S32_SDK_DFP\1.2.0

<h2>Collection of Component Files used:</h2>
</pre>
</body>
</html>
