Component: ARM Compiler 5.05 update 1 (build 106) Tool: armlink [4d0efa]

==============================================================================

Section Cross References

    main.o(i.main) refers to clock_s32k1xx.o(i.CLOCK_SYS_Init) for CLOCK_SYS_Init
    main.o(i.main) refers to clock_s32k1xx.o(i.CLOCK_SYS_UpdateConfiguration) for CLOCK_SYS_UpdateConfiguration
    main.o(i.main) refers to pins_driver.o(i.PINS_DRV_Init) for PINS_DRV_Init
    main.o(i.main) refers to pins_driver.o(i.PINS_DRV_SetPinsDirection) for PINS_DRV_SetPinsDirection
    main.o(i.main) refers to pins_driver.o(i.PINS_DRV_SetPins) for PINS_DRV_SetPins
    main.o(i.main) refers to pins_driver.o(i.PINS_DRV_ClearPins) for PINS_DRV_ClearPins
    main.o(i.main) refers to main.o(i.delay) for delay
    main.o(i.main) refers to pins_driver.o(i.PINS_DRV_TogglePins) for PINS_DRV_TogglePins
    main.o(i.main) refers to clockman1.o(.data) for g_clockManCallbacksArr
    main.o(i.main) refers to pin_mux.o(.data) for g_pin_mux_InitConfigArr
    clock_s32k1xx.o(i.CLOCK_DRV_GetFreq) refers to clock_s32k1xx.o(i.CLOCK_SYS_GetScgClockFreq) for CLOCK_SYS_GetScgClockFreq
    clock_s32k1xx.o(i.CLOCK_DRV_GetFreq) refers to clock_s32k1xx.o(i.CLOCK_SYS_GetSimClockFreq) for CLOCK_SYS_GetSimClockFreq
    clock_s32k1xx.o(i.CLOCK_DRV_GetFreq) refers to clock_s32k1xx.o(i.CLOCK_SYS_GetPccClockFreq) for CLOCK_SYS_GetPccClockFreq
    clock_s32k1xx.o(i.CLOCK_DRV_GetSystemClockSource) refers to clock_s32k1xx.o(i.SCG_GetCurrentSystemClockSource) for SCG_GetCurrentSystemClockSource
    clock_s32k1xx.o(i.CLOCK_DRV_GetSystemClockSource) refers to clock_s32k1xx.o(i.SCG_GetCurrentCoreClockDividerRatio) for SCG_GetCurrentCoreClockDividerRatio
    clock_s32k1xx.o(i.CLOCK_DRV_GetSystemClockSource) refers to clock_s32k1xx.o(i.SCG_GetCurrentBusClockDividerRatio) for SCG_GetCurrentBusClockDividerRatio
    clock_s32k1xx.o(i.CLOCK_DRV_Init) refers to clock_s32k1xx.o(i.CLOCK_SYS_GetDefaultConfiguration) for CLOCK_SYS_GetDefaultConfiguration
    clock_s32k1xx.o(i.CLOCK_DRV_Init) refers to clock_s32k1xx.o(i.CLOCK_SYS_SetScgConfiguration) for CLOCK_SYS_SetScgConfiguration
    clock_s32k1xx.o(i.CLOCK_DRV_Init) refers to clock_s32k1xx.o(i.CLOCK_SYS_SetPccConfiguration) for CLOCK_SYS_SetPccConfiguration
    clock_s32k1xx.o(i.CLOCK_DRV_Init) refers to clock_s32k1xx.o(i.CLOCK_SYS_SetSimConfiguration) for CLOCK_SYS_SetSimConfiguration
    clock_s32k1xx.o(i.CLOCK_DRV_Init) refers to clock_s32k1xx.o(i.CLOCK_SYS_SetPmcConfiguration) for CLOCK_SYS_SetPmcConfiguration
    clock_s32k1xx.o(i.CLOCK_DRV_SetClockSource) refers to clock_s32k1xx.o(i.CLOCK_SYS_ConvertAsyncDividerValue) for CLOCK_SYS_ConvertAsyncDividerValue
    clock_s32k1xx.o(i.CLOCK_DRV_SetClockSource) refers to clock_s32k1xx.o(i.CLOCK_SYS_SetSircClockSource) for CLOCK_SYS_SetSircClockSource
    clock_s32k1xx.o(i.CLOCK_DRV_SetClockSource) refers to clock_s32k1xx.o(i.CLOCK_SYS_SetFircClockSource) for CLOCK_SYS_SetFircClockSource
    clock_s32k1xx.o(i.CLOCK_DRV_SetClockSource) refers to clock_s32k1xx.o(i.CLOCK_SYS_SetSoscClockSource) for CLOCK_SYS_SetSoscClockSource
    clock_s32k1xx.o(i.CLOCK_DRV_SetClockSource) refers to clock_s32k1xx.o(i.CLOCK_SYS_SetSpllClockSource) for CLOCK_SYS_SetSpllClockSource
    clock_s32k1xx.o(i.CLOCK_DRV_SetClockSource) refers to clock_s32k1xx.o(i.SIM_SetLpoClocks) for SIM_SetLpoClocks
    clock_s32k1xx.o(i.CLOCK_DRV_SetClockSource) refers to clock_s32k1xx.o(i.PMC_SetLpoMode) for PMC_SetLpoMode
    clock_s32k1xx.o(i.CLOCK_DRV_SetModuleClock) refers to clock_s32k1xx.o(i.CLOCK_SYS_GetDefaultModuleClkCfgSource) for CLOCK_SYS_GetDefaultModuleClkCfgSource
    clock_s32k1xx.o(i.CLOCK_DRV_SetModuleClock) refers to clock_s32k1xx.o(i.PCC_SetClockMode) for PCC_SetClockMode
    clock_s32k1xx.o(i.CLOCK_DRV_SetModuleClock) refers to clock_s32k1xx.o(i.PCC_SetPeripheralClockControl) for PCC_SetPeripheralClockControl
    clock_s32k1xx.o(i.CLOCK_DRV_SetModuleClock) refers to clock_s32k1xx.o(i.CLOCK_SYS_SetClockGate) for CLOCK_SYS_SetClockGate
    clock_s32k1xx.o(i.CLOCK_DRV_SetModuleClock) refers to clock_s32k1xx.o(.constdata) for peripheralFeaturesList
    clock_s32k1xx.o(i.CLOCK_DRV_SetSystemClock) refers to clock_s32k1xx.o(i.CLOCK_SYS_GetCurrentRunMode) for CLOCK_SYS_GetCurrentRunMode
    clock_s32k1xx.o(i.CLOCK_DRV_SetSystemClock) refers to clock_s32k1xx.o(i.CLOCK_SYS_GetSysClockMode) for CLOCK_SYS_GetSysClockMode
    clock_s32k1xx.o(i.CLOCK_DRV_SetSystemClock) refers to clock_s32k1xx.o(i.CLOCK_SYS_GetFircFreq) for CLOCK_SYS_GetFircFreq
    clock_s32k1xx.o(i.CLOCK_DRV_SetSystemClock) refers to clock_s32k1xx.o(i.CLOCK_SYS_GetSysPllFreq) for CLOCK_SYS_GetSysPllFreq
    clock_s32k1xx.o(i.CLOCK_DRV_SetSystemClock) refers to clock_s32k1xx.o(i.CLOCK_SYS_GetSysOscFreq) for CLOCK_SYS_GetSysOscFreq
    clock_s32k1xx.o(i.CLOCK_DRV_SetSystemClock) refers to clock_s32k1xx.o(i.CLOCK_SYS_GetSircFreq) for CLOCK_SYS_GetSircFreq
[...]
    clock_s32k1xx.o(i.CLOCK_SYS_SetSircClockSource) refers to clock_s32k1xx.o(i.CLOCK_SYS_GetCurrentSysClkConfig) for CLOCK_SYS_GetCurrentSysClkConfig
    clock_s32k1xx.o(i.CLOCK_SYS_SetSircClockSource) refers to clock_s32k1xx.o(i.CLOCK_SYS_TransitionToTmpSysClk) for CLOCK_SYS_TransitionToTmpSysClk
    clock_s32k1xx.o(i.CLOCK_SYS_SetSircClockSource) refers to clock_s32k1xx.o(i.CLOCK_SYS_ConfigureSIRC) for CLOCK_SYS_ConfigureSIRC
    clock_s32k1xx.o(i.CLOCK_SYS_SetSircClockSource) refers to clock_s32k1xx.o(i.CLOCK_SYS_TransitionSystemClock) for CLOCK_SYS_TransitionSystemClock
    clock_s32k1xx.o(i.CLOCK_SYS_SetSoscClockSource) refers to clock_s32k1xx.o(i.SCG_GetCurrentSystemClockSource) for SCG_GetCurrentSystemClockSource
    clock_s32k1xx.o(i.CLOCK_SYS_SetSoscClockSource) refers to clock_s32k1xx.o(i.CLOCK_SYS_GetCurrentSysClkConfig) for CLOCK_SYS_GetCurrentSysClkConfig
    clock_s32k1xx.o(i.CLOCK_SYS_SetSoscClockSource) refers to clock_s32k1xx.o(i.CLOCK_SYS_TransitionToTmpSysClk) for CLOCK_SYS_TransitionToTmpSysClk
    clock_s32k1xx.o(i.CLOCK_SYS_SetSoscClockSource) refers to clock_s32k1xx.o(i.CLOCK_SYS_ConfigureSOSC) for CLOCK_SYS_ConfigureSOSC
    clock_s32k1xx.o(i.CLOCK_SYS_SetSoscClockSource) refers to clock_s32k1xx.o(i.CLOCK_SYS_GetExtRef) for CLOCK_SYS_GetExtRef
    clock_s32k1xx.o(i.CLOCK_SYS_SetSoscClockSource) refers to clock_s32k1xx.o(i.CLOCK_SYS_TransitionSystemClock) for CLOCK_SYS_TransitionSystemClock
    clock_s32k1xx.o(i.CLOCK_SYS_SetSpllClockSource) refers to clock_s32k1xx.o(i.SCG_GetCurrentSystemClockSource) for SCG_GetCurrentSystemClockSource
    clock_s32k1xx.o(i.CLOCK_SYS_SetSpllClockSource) refers to clock_s32k1xx.o(i.CLOCK_SYS_GetCurrentSysClkConfig) for CLOCK_SYS_GetCurrentSysClkConfig
    clock_s32k1xx.o(i.CLOCK_SYS_SetSpllClockSource) refers to clock_s32k1xx.o(i.CLOCK_SYS_TransitionToTmpSysClk) for CLOCK_SYS_TransitionToTmpSysClk
    clock_s32k1xx.o(i.CLOCK_SYS_SetSpllClockSource) refers to clock_s32k1xx.o(i.CLOCK_SYS_ConfigureSPLL) for CLOCK_SYS_ConfigureSPLL
    clock_s32k1xx.o(i.CLOCK_SYS_SetSpllClockSource) refers to clock_s32k1xx.o(i.CLOCK_SYS_TransitionSystemClock) for CLOCK_SYS_TransitionSystemClock
    clock_s32k1xx.o(i.CLOCK_SYS_SetSystemClockConfig) refers to clock_s32k1xx.o(i.CLOCK_SYS_GetSrcFreq) for CLOCK_SYS_GetSrcFreq
    clock_s32k1xx.o(i.CLOCK_SYS_SetSystemClockConfig) refers to clock_s32k1xx.o(.constdata) for maxSysClksInRUN
    clock_s32k1xx.o(i.CLOCK_SYS_TransitionSystemClock) refers to clock_s32k1xx.o(i.CLOCK_SYS_GetCurrentRunMode) for CLOCK_SYS_GetCurrentRunMode
    clock_s32k1xx.o(i.CLOCK_SYS_TransitionSystemClock) refers to clock_s32k1xx.o(i.CLOCK_SYS_SetSystemClockConfig) for CLOCK_SYS_SetSystemClockConfig
    clock_s32k1xx.o(i.CLOCK_SYS_TransitionSystemClock) refers to clock_s32k1xx.o(i.SCG_GetCurrentSystemClockSource) for SCG_GetCurrentSystemClockSource
    clock_s32k1xx.o(i.CLOCK_SYS_TransitionToTmpSysClk) refers to clock_s32k1xx.o(i.CLOCK_SYS_GetSysPllFreq) for CLOCK_SYS_GetSysPllFreq
    clock_s32k1xx.o(i.CLOCK_SYS_TransitionToTmpSysClk) refers to clock_s32k1xx.o(i.CLOCK_SYS_TransitionSystemClock) for CLOCK_SYS_TransitionSystemClock
    clock_s32k1xx.o(i.CLOCK_SYS_TransitionToTmpSysClk) refers to clock_s32k1xx.o(i.CLOCK_SYS_GetFircFreq) for CLOCK_SYS_GetFircFreq
    clock_s32k1xx.o(i.CLOCK_SYS_TransitionToTmpSysClk) refers to clock_s32k1xx.o(i.CLOCK_SYS_GetSysOscFreq) for CLOCK_SYS_GetSysOscFreq
    clock_s32k1xx.o(i.CLOCK_SYS_TransitionToTmpSysClk) refers to clock_s32k1xx.o(i.CLOCK_SYS_GetSircFreq) for CLOCK_SYS_GetSircFreq
    clock_s32k1xx.o(i.CLOCK_SYS_TransitionToTmpSysClk) refers to clock_s32k1xx.o(.constdata) for tmpSysClk
    clock_s32k1xx.o(i.CLOCK_SYS_UpdateConfiguration) refers to interrupt_manager.o(i.INT_SYS_DisableIRQGlobal) for INT_SYS_DisableIRQGlobal
    clock_s32k1xx.o(i.CLOCK_SYS_UpdateConfiguration) refers to clock_s32k1xx.o(i.CLOCK_SYS_SetConfiguration) for CLOCK_SYS_SetConfiguration
    clock_s32k1xx.o(i.CLOCK_SYS_UpdateConfiguration) refers to interrupt_manager.o(i.INT_SYS_EnableIRQGlobal) for INT_SYS_EnableIRQGlobal
    clock_s32k1xx.o(i.CLOCK_SYS_UpdateConfiguration) refers to clock_s32k1xx.o(.bss) for g_clockState
    clock_s32k1xx.o(i.PCC_GetClockMode) refers to clock_s32k1xx.o(.constdata) for clockNameMappings
    clock_s32k1xx.o(i.PCC_SetClockMode) refers to clock_s32k1xx.o(.constdata) for clockNameMappings
    clock_s32k1xx.o(i.PCC_SetPeripheralClockControl) refers to clock_s32k1xx.o(.constdata) for clockNameMappings
    interrupt_manager.o(i.INT_SYS_DisableIRQGlobal) refers to interrupt_manager.o(.data) for g_interruptDisableCount
    interrupt_manager.o(i.INT_SYS_EnableIRQGlobal) refers to interrupt_manager.o(.data) for g_interruptDisableCount
    pins_driver.o(i.PINS_DRV_Init) refers to pins_port_hw_access.o(i.PINS_Init) for PINS_Init
    pins_driver.o(i.PINS_DRV_SetGlobalIntControl) refers to pins_port_hw_access.o(i.PINS_SetGlobalIntControl) for PINS_SetGlobalIntControl
    pins_driver.o(i.PINS_DRV_SetGlobalPinControl) refers to pins_port_hw_access.o(i.PINS_SetGlobalPinControl) for PINS_SetGlobalPinControl
    pins_driver.o(i.PINS_DRV_SetMuxModeSel) refers to pins_port_hw_access.o(i.PINS_SetMuxModeSel) for PINS_SetMuxModeSel
    pins_driver.o(i.PINS_DRV_SetPullSel) refers to pins_driver.o(i.PINS_SetPullSel) for PINS_SetPullSel
    pins_port_hw_access.o(i.PINS_Init) refers to pins_port_hw_access.o(i.PINS_GetAdcInterleaveVal) for PINS_GetAdcInterleaveVal
    pins_port_hw_access.o(i.PINS_SetMuxModeSel) refers to pins_port_hw_access.o(i.PINS_GetAdcInterleaveVal) for PINS_GetAdcInterleaveVal
    startup_s32k144.o(RESET) refers to startup_s32k144.o(.text) for Reset_Handler
    startup_s32k144.o(.text) refers to startup_s32k144.o(FlashConfig) for FlashConfig
    startup_s32k144.o(.text) refers to system_s32k144.o(i.SystemInit) for SystemInit
    startup_s32k144.o(.text) refers to startup.o(i.init_data_bss) for init_data_bss
    startup_s32k144.o(.text) refers to __main.o(!!!main) for __main
    system_s32k144.o(i.SystemCoreClockUpdate) refers to system_s32k144.o(.constdata) for fircFreq
    system_s32k144.o(i.SystemCoreClockUpdate) refers to system_s32k144.o(.data) for SystemCoreClock
    startup.o(i.init_data_bss) refers to startup.o(.constdata) for .constdata
    __main.o(!!!main) refers to __rtentry.o(.ARM.Collect$$rtentry$$00000000) for __rt_entry
    __rtentry.o(.ARM.Collect$$rtentry$$00000000) refers (Special) to __rtentry2.o(.ARM.Collect$$rtentry$$0000000A) for __rt_entry_li
    __rtentry.o(.ARM.Collect$$rtentry$$00000000) refers (Special) to __rtentry2.o(.ARM.Collect$$rtentry$$0000000D) for __rt_entry_main
    __rtentry.o(.ARM.Collect$$rtentry$$00000000) refers (Special) to __rtentry2.o(.ARM.Collect$$rtentry$$0000000C) for __rt_entry_postli_1
    __rtentry.o(.ARM.Collect$$rtentry$$00000000) refers (Special) to __rtentry2.o(.ARM.Collect$$rtentry$$00000009) for __rt_entry_postsh_1
    __rtentry.o(.ARM.Collect$$rtentry$$00000000) refers (Special) to __rtentry2.o(.ARM.Collect$$rtentry$$00000002) for __rt_entry_presh_1
    __rtentry.o(.ARM.Collect$$rtentry$$00000000) refers (Special) to __rtentry7.o(.ARM.Collect$$rtentry$$00000007) for __rt_entry_sh
    __rtentry2.o(.ARM.Collect$$rtentry$$00000008) refers to boardinit2.o(.text) for _platform_post_stackheap_init
    __rtentry2.o(.ARM.Collect$$rtentry$$0000000A) refers to libinit.o(.ARM.Collect$$libinit$$00000000) for __rt_lib_init
    __rtentry2.o(.ARM.Collect$$rtentry$$0000000B) refers to boardinit3.o(.text) for _platform_post_lib_init
    __rtentry2.o(.ARM.Collect$$rtentry$$0000000D) refers to main.o(i.main) for main
    __rtentry2.o(.ARM.Collect$$rtentry$$0000000D) refers to exit.o(.text) for exit
    __rtentry2.o(.ARM.exidx) refers to __rtentry2.o(.ARM.Collect$$rtentry$$00000001) for .ARM.Collect$$rtentry$$00000001
    __rtentry2.o(.ARM.exidx) refers to __rtentry2.o(.ARM.Collect$$rtentry$$00000008) for .ARM.Collect$$rtentry$$00000008
    __rtentry2.o(.ARM.exidx) refers to __rtentry2.o(.ARM.Collect$$rtentry$$0000000A) for .ARM.Collect$$rtentry$$0000000A
    __rtentry2.o(.ARM.exidx) refers to __rtentry2.o(.ARM.Collect$$rtentry$$0000000B) for .ARM.Collect$$rtentry$$0000000B
    __rtentry2.o(.ARM.exidx) refers to __rtentry2.o(.ARM.Collect$$rtentry$$0000000D) for .ARM.Collect$$rtentry$$0000000D
    __rtentry4.o(.ARM.Collect$$rtentry$$00000004) refers to sys_stackheap_outer.o(.text) for __user_setup_stackheap
    __rtentry4.o(.ARM.exidx) refers to __rtentry4.o(.ARM.Collect$$rtentry$$00000004) for .ARM.Collect$$rtentry$$00000004
    __rtentry7.o(.ARM.Collect$$rtentry$$00000007) refers to __rtentry7.o(.ARM.Collect$$rtentry$$00002718) for __lit__00000000
    __rtentry7.o(__vectab_stack_and_reset_2_area) refers to __main.o(!!!main) for __main
    __rtentry7.o(.ARM.exidx) refers to __rtentry7.o(.ARM.Collect$$rtentry$$00000007) for .ARM.Collect$$rtentry$$00000007
    __rtentry7.o(.ARM.exidx) refers to __rtentry7.o(.ARM.Collect$$rtentry$$00002718) for .ARM.Collect$$rtentry$$00002718
    sys_stackheap_outer.o(.text) refers to libspace.o(.text) for __user_perproc_libspace
    sys_stackheap_outer.o(.text) refers to sys_stackheap.o(.text) for __user_initial_stackheap
    exit.o(.text) refers to rtexit.o(.ARM.Collect$$rtexit$$00000000) for __rt_exit
    libinit.o(.ARM.Collect$$libinit$$00000000) refers (Special) to libinit2.o(.ARM.Collect$$libinit$$0000002E) for __rt_lib_init_alloca_1
    libinit.o(.ARM.Collect$$libinit$$00000000) refers (Special) to libinit2.o(.ARM.Collect$$libinit$$0000002C) for __rt_lib_init_argv_1
    libinit.o(.ARM.Collect$$libinit$$00000000) refers (Special) to libinit2.o(.ARM.Collect$$libinit$$0000001B) for __rt_lib_init_atexit_1
    libinit.o(.ARM.Collect$$libinit$$00000000) refers (Special) to libinit2.o(.ARM.Collect$$libinit$$00000021) for __rt_lib_init_clock_1
    libinit.o(.ARM.Collect$$libinit$$00000000) refers (Special) to libinit2.o(.ARM.Collect$$libinit$$00000032) for __rt_lib_init_cpp_1
    libinit.o(.ARM.Collect$$libinit$$00000000) refers (Special) to libinit2.o(.ARM.Collect$$libinit$$00000030) for __rt_lib_init_exceptions_1
    libinit.o(.ARM.Collect$$libinit$$00000000) refers (Special) to libinit2.o(.ARM.Collect$$libinit$$00000001) for __rt_lib_init_fp_1
    libinit.o(.ARM.Collect$$libinit$$00000000) refers (Special) to libinit2.o(.ARM.Collect$$libinit$$0000001F) for __rt_lib_init_fp_trap_1
    libinit.o(.ARM.Collect$$libinit$$00000000) refers (Special) to libinit2.o(.ARM.Collect$$libinit$$00000023) for __rt_lib_init_getenv_1
    libinit.o(.ARM.Collect$$libinit$$00000000) refers (Special) to libinit2.o(.ARM.Collect$$libinit$$0000000A) for __rt_lib_init_heap_1
    libinit.o(.ARM.Collect$$libinit$$00000000) refers (Special) to libinit2.o(.ARM.Collect$$libinit$$00000011) for __rt_lib_init_lc_collate_1
    libinit.o(.ARM.Collect$$libinit$$00000000) refers (Special) to libinit2.o(.ARM.Collect$$libinit$$00000013) for __rt_lib_init_lc_ctype_1
    libinit.o(.ARM.Collect$$libinit$$00000000) refers (Special) to libinit2.o(.ARM.Collect$$libinit$$00000015) for __rt_lib_init_lc_monetary_1
    libinit.o(.ARM.Collect$$libinit$$00000000) refers (Special) to libinit2.o(.ARM.Collect$$libinit$$00000017) for __rt_lib_init_lc_numeric_1
    libinit.o(.ARM.Collect$$libinit$$00000000) refers (Special) to libinit2.o(.ARM.Collect$$libinit$$00000019) for __rt_lib_init_lc_time_1
    libinit.o(.ARM.Collect$$libinit$$00000000) refers (Special) to libinit2.o(.ARM.Collect$$libinit$$00000004) for __rt_lib_init_preinit_1
    libinit.o(.ARM.Collect$$libinit$$00000000) refers (Special) to libinit2.o(.ARM.Collect$$libinit$$0000000E) for __rt_lib_init_rand_1
    libinit.o(.ARM.Collect$$libinit$$00000000) refers (Special) to libinit2.o(.ARM.Collect$$libinit$$00000033) for __rt_lib_init_return
    libinit.o(.ARM.Collect$$libinit$$00000000) refers (Special) to libinit2.o(.ARM.Collect$$libinit$$0000001D) for __rt_lib_init_signal_1
    libinit.o(.ARM.Collect$$libinit$$00000000) refers (Special) to libinit2.o(.ARM.Collect$$libinit$$00000025) for __rt_lib_init_stdio_1
    libinit.o(.ARM.Collect$$libinit$$00000000) refers (Special) to libinit2.o(.ARM.Collect$$libinit$$0000000C) for __rt_lib_init_user_alloc_1
    libspace.o(.text) refers to libspace.o(.bss) for __libspace_start
    sys_stackheap.o(.text) refers (Special) to indicate_semi.o(.text) for __semihosting_library_function
    sys_stackheap.o(.text) refers to use_no_semi.o(.text) for __I$use$semihosting
    rtexit.o(.ARM.Collect$$rtexit$$00000000) refers (Special) to rtexit2.o(.ARM.Collect$$rtexit$$00000004) for __rt_exit_exit
    rtexit.o(.ARM.Collect$$rtexit$$00000000) refers (Special) to rtexit2.o(.ARM.Collect$$rtexit$$00000003) for __rt_exit_ls
    rtexit.o(.ARM.Collect$$rtexit$$00000000) refers (Special) to rtexit2.o(.ARM.Collect$$rtexit$$00000002) for __rt_exit_prels_1
    rtexit.o(.ARM.exidx) refers (Special) to rtexit2.o(.ARM.Collect$$rtexit$$00000004) for __rt_exit_exit
    rtexit.o(.ARM.exidx) refers (Special) to rtexit2.o(.ARM.Collect$$rtexit$$00000003) for __rt_exit_ls
    rtexit.o(.ARM.exidx) refers (Special) to rtexit2.o(.ARM.Collect$$rtexit$$00000002) for __rt_exit_prels_1
    rtexit.o(.ARM.exidx) refers to rtexit.o(.ARM.Collect$$rtexit$$00000000) for .ARM.Collect$$rtexit$$00000000
    libinit2.o(.ARM.Collect$$libinit$$00000001) refers to fpinit.o(x$fpl$fpinit) for _fp_init
    libinit2.o(.ARM.Collect$$libinit$$00000010) refers to libinit2.o(.ARM.Collect$$libinit$$0000000F) for .ARM.Collect$$libinit$$0000000F
    libinit2.o(.ARM.Collect$$libinit$$00000012) refers to libinit2.o(.ARM.Collect$$libinit$$0000000F) for .ARM.Collect$$libinit$$0000000F
    libinit2.o(.ARM.Collect$$libinit$$00000014) refers to libinit2.o(.ARM.Collect$$libinit$$0000000F) for .ARM.Collect$$libinit$$0000000F
    libinit2.o(.ARM.Collect$$libinit$$00000016) refers to libinit2.o(.ARM.Collect$$libinit$$0000000F) for .ARM.Collect$$libinit$$0000000F
    libinit2.o(.ARM.Collect$$libinit$$00000018) refers to libinit2.o(.ARM.Collect$$libinit$$0000000F) for .ARM.Collect$$libinit$$0000000F
    libinit2.o(.ARM.Collect$$libinit$$00000026) refers to argv_veneer.o(.emb_text) for __ARM_argv_veneer
    libinit2.o(.ARM.Collect$$libinit$$00000027) refers to argv_veneer.o(.emb_text) for __ARM_argv_veneer
    libinit5.o(.ARM.Collect$$libinit$$00000008) refers to libinit5.o(.ARM.Collect$$libinit$$00002719) for __lit__00000000
    libinit5.o(.ARM.Collect$$libinit$$0000002A) refers to libinit5.o(.ARM.Collect$$libinit$$0000273B) for __lit__00000002
    libinit5.o(.ARM.Collect$$libinit$$0000002A) refers to argv_veneer.o(.emb_text) for __ARM_argv_veneer
    rtexit2.o(.ARM.Collect$$rtexit$$00000003) refers to libshutdown.o(.ARM.Collect$$libshutdown$$00000000) for __rt_lib_shutdown
    rtexit2.o(.ARM.Collect$$rtexit$$00000004) refers to sys_exit.o(.text) for _sys_exit
    rtexit2.o(.ARM.exidx) refers to rtexit2.o(.ARM.Collect$$rtexit$$00000001) for .ARM.Collect$$rtexit$$00000001
    rtexit2.o(.ARM.exidx) refers to rtexit2.o(.ARM.Collect$$rtexit$$00000003) for .ARM.Collect$$rtexit$$00000003
    rtexit2.o(.ARM.exidx) refers to rtexit2.o(.ARM.Collect$$rtexit$$00000004) for .ARM.Collect$$rtexit$$00000004
    argv_veneer.o(.emb_text) refers to no_argv.o(.text) for __ARM_get_argv
    sys_exit.o(.text) refers (Special) to use_no_semi.o(.text) for __I$use$semihosting
    sys_exit.o(.text) refers (Special) to indicate_semi.o(.text) for __semihosting_library_function
    _get_argv_nomalloc.o(.text) refers (Special) to hrguard.o(.text) for __heap_region$guard
    _get_argv_nomalloc.o(.text) refers to defsig_rtmem_outer.o(.text) for __rt_SIGRTMEM
    _get_argv_nomalloc.o(.text) refers to sys_command.o(.text) for _sys_command_string
    libshutdown.o(.ARM.Collect$$libshutdown$$00000000) refers (Special) to libshutdown2.o(.ARM.Collect$$libshutdown$$00000006) for __rt_lib_shutdown_fp_trap_1
    libshutdown.o(.ARM.Collect$$libshutdown$$00000000) refers (Special) to libshutdown2.o(.ARM.Collect$$libshutdown$$0000000E) for __rt_lib_shutdown_heap_1
    libshutdown.o(.ARM.Collect$$libshutdown$$00000000) refers (Special) to libshutdown2.o(.ARM.Collect$$libshutdown$$0000000F) for __rt_lib_shutdown_return
    libshutdown.o(.ARM.Collect$$libshutdown$$00000000) refers (Special) to libshutdown2.o(.ARM.Collect$$libshutdown$$00000009) for __rt_lib_shutdown_signal_1
    libshutdown.o(.ARM.Collect$$libshutdown$$00000000) refers (Special) to libshutdown2.o(.ARM.Collect$$libshutdown$$00000003) for __rt_lib_shutdown_stdio_1
    libshutdown.o(.ARM.Collect$$libshutdown$$00000000) refers (Special) to libshutdown2.o(.ARM.Collect$$libshutdown$$0000000B) for __rt_lib_shutdown_user_alloc_1
    sys_command.o(.text) refers (Special) to use_no_semi.o(.text) for __I$use$semihosting
    sys_command.o(.text) refers (Special) to indicate_semi.o(.text) for __semihosting_library_function
    defsig_rtmem_outer.o(.text) refers to defsig_rtmem_inner.o(.text) for __rt_SIGRTMEM_inner
    defsig_rtmem_outer.o(.text) refers to defsig_exit.o(.text) for __sig_exit
    defsig_rtmem_formal.o(.text) refers to rt_raise.o(.text) for __rt_raise
    rt_raise.o(.text) refers to __raise.o(.text) for __raise
    rt_raise.o(.text) refers to sys_exit.o(.text) for _sys_exit
    defsig_exit.o(.text) refers to sys_exit.o(.text) for _sys_exit
    defsig_rtmem_inner.o(.text) refers to defsig_general.o(.text) for __default_signal_display
    __raise.o(.text) refers to defsig.o(CL$$defsig) for __default_signal_handler
    defsig_general.o(.text) refers to sys_wrch.o(.text) for _ttywrch
    sys_wrch.o(.text) refers (Special) to use_no_semi.o(.text) for __I$use$semihosting
    sys_wrch.o(.text) refers (Special) to indicate_semi.o(.text) for __semihosting_library_function
    defsig.o(CL$$defsig) refers to defsig_rtmem_inner.o(.text) for __rt_SIGRTMEM_inner
    defsig_abrt_inner.o(.text) refers to defsig_general.o(.text) for __default_signal_display
    defsig_fpe_inner.o(.text) refers to defsig_general.o(.text) for __default_signal_display
    defsig_rtred_inner.o(.text) refers to defsig_general.o(.text) for __default_signal_display
    defsig_stak_inner.o(.text) refers to defsig_general.o(.text) for __default_signal_display
    defsig_pvfn_inner.o(.text) refers to defsig_general.o(.text) for __default_signal_display
    defsig_cppl_inner.o(.text) refers to defsig_general.o(.text) for __default_signal_display
    defsig_segv_inner.o(.text) refers to defsig_general.o(.text) for __default_signal_display
    defsig_other.o(.text) refers to defsig_general.o(.text) for __default_signal_display


==============================================================================

Removing Unused input sections from the image.

    Removing main.o(.rev16_text), (4 bytes).
    Removing main.o(.revsh_text), (4 bytes).
    Removing main.o(.data), (4 bytes).
    Removing clockman1.o(.rev16_text), (4 bytes).
    Removing clockman1.o(.revsh_text), (4 bytes).
    Removing cpu.o(.rev16_text), (4 bytes).
    Removing cpu.o(.revsh_text), (4 bytes).
    Removing pin_mux.o(.rev16_text), (4 bytes).
    Removing pin_mux.o(.revsh_text), (4 bytes).
    Removing clock_s32k1xx.o(.rev16_text), (4 bytes).
    Removing clock_s32k1xx.o(.revsh_text), (4 bytes).
    Removing clock_s32k1xx.o(i.CLOCK_DRV_GetFreq), (60 bytes).
    Removing clock_s32k1xx.o(i.CLOCK_DRV_GetSystemClockSource), (100 bytes).
    Removing clock_s32k1xx.o(i.CLOCK_DRV_SetClockSource), (200 bytes).
    Removing clock_s32k1xx.o(i.CLOCK_DRV_SetModuleClock), (192 bytes).
    Removing clock_s32k1xx.o(i.CLOCK_DRV_SetSystemClock), (264 bytes).
    Removing clock_s32k1xx.o(i.CLOCK_SYS_CheckPCCClock), (60 bytes).
    Removing clock_s32k1xx.o(i.CLOCK_SYS_ConvertAsyncDividerValue), (74 bytes).
    Removing clock_s32k1xx.o(i.CLOCK_SYS_GetCurrentConfiguration), (12 bytes).
    Removing clock_s32k1xx.o(i.CLOCK_SYS_GetCurrentSysClkConfig), (104 bytes).
    Removing clock_s32k1xx.o(i.CLOCK_SYS_GetDefaultModuleClkCfgSource), (50 bytes).
    Removing clock_s32k1xx.o(i.CLOCK_SYS_GetErrorCallback), (36 bytes).
    Removing clock_s32k1xx.o(i.CLOCK_SYS_GetExtRef), (26 bytes).
    Removing clock_s32k1xx.o(i.CLOCK_SYS_GetFreq), (16 bytes).
    Removing clock_s32k1xx.o(i.CLOCK_SYS_GetLpoFreq), (92 bytes).
    Removing clock_s32k1xx.o(i.CLOCK_SYS_GetPccClockFreq), (188 bytes).
    Removing clock_s32k1xx.o(i.CLOCK_SYS_GetPeripheralClock), (172 bytes).
    Removing clock_s32k1xx.o(i.CLOCK_SYS_GetScgClkOutFreq), (84 bytes).
    Removing clock_s32k1xx.o(i.CLOCK_SYS_GetScgClockFreq), (240 bytes).
    Removing clock_s32k1xx.o(i.CLOCK_SYS_GetSimClkOutFreq), (184 bytes).
    Removing clock_s32k1xx.o(i.CLOCK_SYS_GetSimClockFreq), (404 bytes).
    Removing clock_s32k1xx.o(i.CLOCK_SYS_GetSimRtcClkFreq), (96 bytes).
    Removing clock_s32k1xx.o(i.CLOCK_SYS_GetSysAsyncFreq), (248 bytes).
    Removing clock_s32k1xx.o(i.CLOCK_SYS_GetSysClockMode), (34 bytes).
    Removing clock_s32k1xx.o(i.CLOCK_SYS_GetSysClockSource), (44 bytes).
    Removing clock_s32k1xx.o(i.CLOCK_SYS_GetSystemClockFreq), (140 bytes).
    Removing clock_s32k1xx.o(i.CLOCK_SYS_SetClockGate), (84 bytes).
    Removing clock_s32k1xx.o(i.CLOCK_SYS_SetFircClockSource), (132 bytes).
    Removing clock_s32k1xx.o(i.CLOCK_SYS_SetSircClockSource), (140 bytes).
    Removing clock_s32k1xx.o(i.CLOCK_SYS_SetSoscClockSource), (216 bytes).
    Removing clock_s32k1xx.o(i.CLOCK_SYS_SetSpllClockSource), (152 bytes).
    Removing clock_s32k1xx.o(i.CLOCK_SYS_TransitionToTmpSysClk), (216 bytes).
    Removing clock_s32k1xx.o(i.PCC_GetClockMode), (32 bytes).
    Removing clock_s32k1xx.o(i.PMC_GetLpoMode), (16 bytes).
    Removing clock_s32k1xx.o(i.SCG_GetCurrentBusClockDividerRatio), (10 bytes).
    Removing clock_s32k1xx.o(i.SCG_GetCurrentCoreClockDividerRatio), (10 bytes).
    Removing clock_s32k1xx.o(i.SIM_GetLpo32KStatus), (10 bytes).
    Removing interrupt_manager.o(.rev16_text), (4 bytes).
    Removing interrupt_manager.o(.revsh_text), (4 bytes).
    Removing interrupt_manager.o(i.INT_SYS_ClearPending), (24 bytes).
    Removing interrupt_manager.o(i.INT_SYS_DisableIRQ), (24 bytes).
    Removing interrupt_manager.o(i.INT_SYS_EnableIRQ), (22 bytes).
    Removing interrupt_manager.o(i.INT_SYS_GetActive), (36 bytes).
    Removing interrupt_manager.o(i.INT_SYS_GetPending), (36 bytes).
    Removing interrupt_manager.o(i.INT_SYS_GetPriority), (76 bytes).
    Removing interrupt_manager.o(i.INT_SYS_InstallHandler), (32 bytes).
    Removing interrupt_manager.o(i.INT_SYS_SetPending), (24 bytes).
    Removing interrupt_manager.o(i.INT_SYS_SetPriority), (72 bytes).
    Removing pins_driver.o(.rev16_text), (4 bytes).
    Removing pins_driver.o(.revsh_text), (4 bytes).
    Removing pins_driver.o(i.PINS_DRV_ClearPinIntFlagCmd), (22 bytes).
    Removing pins_driver.o(i.PINS_DRV_ClearPortIntFlagCmd), (14 bytes).
    Removing pins_driver.o(i.PINS_DRV_ConfigDigitalFilter), (26 bytes).
    Removing pins_driver.o(i.PINS_DRV_DisableDigitalFilter), (20 bytes).
    Removing pins_driver.o(i.PINS_DRV_EnableDigitalFilter), (20 bytes).
    Removing pins_driver.o(i.PINS_DRV_GetPinIntSel), (16 bytes).
    Removing pins_driver.o(i.PINS_DRV_GetPinsDirection), (8 bytes).
    Removing pins_driver.o(i.PINS_DRV_GetPinsOutput), (12 bytes).
    Removing pins_driver.o(i.PINS_DRV_GetPortInputDisable), (8 bytes).
    Removing pins_driver.o(i.PINS_DRV_GetPortIntFlag), (12 bytes).
    Removing pins_driver.o(i.PINS_DRV_ReadPins), (12 bytes).
    Removing pins_driver.o(i.PINS_DRV_SetGlobalIntControl), (28 bytes).
    Removing pins_driver.o(i.PINS_DRV_SetGlobalPinControl), (28 bytes).
    Removing pins_driver.o(i.PINS_DRV_SetMuxModeSel), (20 bytes).
    Removing pins_driver.o(i.PINS_DRV_SetPinDirection), (26 bytes).
    Removing pins_driver.o(i.PINS_DRV_SetPinIntSel), (30 bytes).
    Removing pins_driver.o(i.PINS_DRV_SetPortInputDisable), (8 bytes).
    Removing pins_driver.o(i.PINS_DRV_SetPullSel), (20 bytes).
    Removing pins_driver.o(i.PINS_DRV_WritePin), (26 bytes).
    Removing pins_driver.o(i.PINS_DRV_WritePins), (8 bytes).
    Removing pins_driver.o(i.PINS_SetPullSel), (72 bytes).
    Removing pins_port_hw_access.o(.rev16_text), (4 bytes).
    Removing pins_port_hw_access.o(.revsh_text), (4 bytes).
    Removing pins_port_hw_access.o(i.PINS_SetGlobalIntControl), (44 bytes).
    Removing pins_port_hw_access.o(i.PINS_SetGlobalPinControl), (66 bytes).
    Removing pins_port_hw_access.o(i.PINS_SetMuxModeSel), (108 bytes).
    Removing system_s32k144.o(.rev16_text), (4 bytes).
    Removing system_s32k144.o(.revsh_text), (4 bytes).
    Removing system_s32k144.o(i.SystemCoreClockUpdate), (160 bytes).
    Removing system_s32k144.o(i.SystemSoftwareReset), (28 bytes).
    Removing system_s32k144.o(.constdata), (4 bytes).
    Removing system_s32k144.o(.data), (4 bytes).
    Removing startup.o(.rev16_text), (4 bytes).
    Removing startup.o(.revsh_text), (4 bytes).

94 unused section(s) (total 5418 bytes) removed from the image.

==============================================================================

Image Symbol Table

    Local Symbols

    Symbol Name                              Value     Ov Type        Size  Object(Section)

    RESET                                    0x00000000   Section     1024  startup_s32k144.o(RESET)
    ../clib/angel/boardlib.s                 0x00000000   Number         0  boardinit1.o ABSOLUTE
    ../clib/angel/boardlib.s                 0x00000000   Number         0  boardinit3.o ABSOLUTE
    ../clib/angel/boardlib.s                 0x00000000   Number         0  boardinit2.o ABSOLUTE
    ../clib/angel/boardlib.s                 0x00000000   Number         0  boardshut.o ABSOLUTE
    ../clib/angel/dczerorl2.s                0x00000000   Number         0  __dczerorl2.o ABSOLUTE
    ../clib/angel/handlers.s                 0x00000000   Number         0  __scatter_zi.o ABSOLUTE
    ../clib/angel/kernel.s                   0x00000000   Number         0  rtexit.o ABSOLUTE
    ../clib/angel/kernel.s                   0x00000000   Number         0  __rtentry7.o ABSOLUTE
    ../clib/angel/kernel.s                   0x00000000   Number         0  rtexit2.o ABSOLUTE
    ../clib/angel/kernel.s                   0x00000000   Number         0  __rtentry4.o ABSOLUTE
    ../clib/angel/kernel.s                   0x00000000   Number         0  __rtentry2.o ABSOLUTE
    ../clib/angel/kernel.s                   0x00000000   Number         0  __rtentry.o ABSOLUTE
    ../clib/angel/rt.s                       0x00000000   Number         0  rt_raise.o ABSOLUTE
    ../clib/angel/scatter.s                  0x00000000   Number         0  __scatter.o ABSOLUTE
    ../clib/angel/startup.s                  0x00000000   Number         0  __main.o ABSOLUTE
    ../clib/angel/sys.s                      0x00000000   Number         0  indicate_semi.o ABSOLUTE
    ../clib/angel/sys.s                      0x00000000   Number         0  sys_stackheap.o ABSOLUTE
    ../clib/angel/sys.s                      0x00000000   Number         0  use_no_semi.o ABSOLUTE
    ../clib/angel/sys.s                      0x00000000   Number         0  libspace.o ABSOLUTE
    ../clib/angel/sys.s                      0x00000000   Number         0  sys_stackheap_outer.o ABSOLUTE
    ../clib/angel/sysapp.c                   0x00000000   Number         0  sys_exit.o ABSOLUTE
    ../clib/angel/sysapp.c                   0x00000000   Number         0  sys_wrch.o ABSOLUTE
    ../clib/angel/sysapp.c                   0x00000000   Number         0  sys_command.o ABSOLUTE
    ../clib/armsys.c                         0x00000000   Number         0  argv_veneer.o ABSOLUTE
    ../clib/armsys.c                         0x00000000   Number         0  argv_veneer.o ABSOLUTE
    ../clib/armsys.c                         0x00000000   Number         0  _get_argv_nomalloc.o ABSOLUTE
    ../clib/armsys.c                         0x00000000   Number         0  no_argv.o ABSOLUTE
    ../clib/heapalloc.c                      0x00000000   Number         0  hrguard.o ABSOLUTE
    ../clib/libinit.s                        0x00000000   Number         0  libshutdown2.o ABSOLUTE
    ../clib/libinit.s                        0x00000000   Number         0  libinit.o ABSOLUTE
    ../clib/libinit.s                        0x00000000   Number         0  libshutdown.o ABSOLUTE
    ../clib/libinit.s                        0x00000000   Number         0  libinit2.o ABSOLUTE
    ../clib/libinit.s                        0x00000000   Number         0  libinit5.o ABSOLUTE
    ../clib/signal.c                         0x00000000   Number         0  defsig_other.o ABSOLUTE
    ../clib/signal.c                         0x00000000   Number         0  defsig_rtmem_formal.o ABSOLUTE
    ../clib/signal.c                         0x00000000   Number         0  defsig_general.o ABSOLUTE
    ../clib/signal.c                         0x00000000   Number         0  __raise.o ABSOLUTE
    ../clib/signal.c                         0x00000000   Number         0  defsig_rtmem_inner.o ABSOLUTE
    ../clib/signal.c                         0x00000000   Number         0  defsig_abrt_inner.o ABSOLUTE
    ../clib/signal.c                         0x00000000   Number         0  defsig_fpe_inner.o ABSOLUTE
    ../clib/signal.c                         0x00000000   Number         0  defsig_rtmem_outer.o ABSOLUTE
    ../clib/signal.c                         0x00000000   Number         0  defsig_rtred_inner.o ABSOLUTE
    ../clib/signal.c                         0x00000000   Number         0  defsig_stak_inner.o ABSOLUTE
    ../clib/signal.c                         0x00000000   Number         0  defsig_pvfn_inner.o ABSOLUTE
    ../clib/signal.c                         0x00000000   Number         0  defsig_cppl_inner.o ABSOLUTE
    ../clib/signal.c                         0x00000000   Number         0  defsig_segv_inner.o ABSOLUTE
    ../clib/signal.c                         0x00000000   Number         0  defsig_exit.o ABSOLUTE
    ../clib/signal.s                         0x00000000   Number         0  defsig.o ABSOLUTE
    ../clib/stdlib.c                         0x00000000   Number         0  exit.o ABSOLUTE
    ../fplib/fpinit.s                        0x00000000   Number         0  fpinit.o ABSOLUTE
    Application\Src\main.c                   0x00000000   Number         0  main.o ABSOLUTE
    Application\\Src\\main.c                 0x00000000   Number         0  main.o ABSOLUTE
    CMSIS\\startup.c                         0x00000000   Number         0  startup.o ABSOLUTE
    CMSIS\\system_S32K144.c                  0x00000000   Number         0  system_s32k144.o ABSOLUTE
    CMSIS\startup.c                          0x00000000   Number         0  startup.o ABSOLUTE
    CMSIS\startup_S32K144.s                  0x00000000   Number         0  startup_s32k144.o ABSOLUTE
    CMSIS\system_S32K144.c                   0x00000000   Number         0  system_s32k144.o ABSOLUTE
    Drivers\Src\Cpu.c                        0x00000000   Number         0  cpu.o ABSOLUTE
    Drivers\Src\clockMan1.c                  0x00000000   Number         0  clockman1.o ABSOLUTE
    Drivers\Src\pin_mux.c                    0x00000000   Number         0  pin_mux.o ABSOLUTE
    Drivers\\Src\\Cpu.c                      0x00000000   Number         0  cpu.o ABSOLUTE
    Drivers\\Src\\clockMan1.c                0x00000000   Number         0  clockman1.o ABSOLUTE
    Drivers\\Src\\pin_mux.c                  0x00000000   Number         0  pin_mux.o ABSOLUTE
    S32Drivers\Src\clock\S32K1xx\clock_S32K1xx.c 0x00000000   Number         0  clock_s32k1xx.o ABSOLUTE
    S32Drivers\Src\interrupt\interrupt_manager.c 0x00000000   Number         0  interrupt_manager.o ABSOLUTE
    S32Drivers\Src\pins\pins_driver.c        0x00000000   Number         0  pins_driver.o ABSOLUTE
    S32Drivers\Src\pins\pins_port_hw_access.c 0x00000000   Number         0  pins_port_hw_access.o ABSOLUTE
    S32Drivers\\Src\\clock\\S32K1xx\\clock_S32K1xx.c 0x00000000   Number         0  clock_s32k1xx.o ABSOLUTE
    S32Drivers\\Src\\interrupt\\interrupt_manager.c 0x00000000   Number         0  interrupt_manager.o ABSOLUTE
    S32Drivers\\Src\\pins\\pins_driver.c     0x00000000   Number         0  pins_driver.o ABSOLUTE
    S32Drivers\\Src\\pins\\pins_port_hw_access.c 0x00000000   Number         0  pins_port_hw_access.o ABSOLUTE
    dc.s                                     0x00000000   Number         0  dc.o ABSOLUTE
    FlashConfig                              0x00000400   Section       16  startup_s32k144.o(FlashConfig)
    !!!main                                  0x00000410   Section        8  __main.o(!!!main)
    !!!scatter                               0x00000418   Section       52  __scatter.o(!!!scatter)
    !!dczerorl2                              0x0000044c   Section       90  __dczerorl2.o(!!dczerorl2)
    !!handler_zi                             0x000004a8   Section       28  __scatter_zi.o(!!handler_zi)
    .ARM.Collect$$libinit$$00000000          0x000004c4   Section        2  libinit.o(.ARM.Collect$$libinit$$00000000)
    .ARM.Collect$$libinit$$00000001          0x000004c6   Section        4  libinit2.o(.ARM.Collect$$libinit$$00000001)
    .ARM.Collect$$libinit$$00000004          0x000004ca   Section        0  libinit2.o(.ARM.Collect$$libinit$$00000004)
    .ARM.Collect$$libinit$$0000000A          0x000004ca   Section        0  libinit2.o(.ARM.Collect$$libinit$$0000000A)
    .ARM.Collect$$libinit$$0000000C          0x000004ca   Section        0  libinit2.o(.ARM.Collect$$libinit$$0000000C)
    .ARM.Collect$$libinit$$0000000E          0x000004ca   Section        0  libinit2.o(.ARM.Collect$$libinit$$0000000E)
    .ARM.Collect$$libinit$$00000011          0x000004ca   Section        0  libinit2.o(.ARM.Collect$$libinit$$00000011)
    .ARM.Collect$$libinit$$00000013          0x000004ca   Section        0  libinit2.o(.ARM.Collect$$libinit$$00000013)
    .ARM.Collect$$libinit$$00000015          0x000004ca   Section        0  libinit2.o(.ARM.Collect$$libinit$$00000015)
    .ARM.Collect$$libinit$$00000017          0x000004ca   Section        0  libinit2.o(.ARM.Collect$$libinit$$00000017)
    .ARM.Collect$$libinit$$00000019          0x000004ca   Section        0  libinit2.o(.ARM.Collect$$libinit$$00000019)
    .ARM.Collect$$libinit$$0000001B          0x000004ca   Section        0  libinit2.o(.ARM.Collect$$libinit$$0000001B)
    .ARM.Collect$$libinit$$0000001D          0x000004ca   Section        0  libinit2.o(.ARM.Collect$$libinit$$0000001D)
    .ARM.Collect$$libinit$$0000001F          0x000004ca   Section        0  libinit2.o(.ARM.Collect$$libinit$$0000001F)
    .ARM.Collect$$libinit$$00000021          0x000004ca   Section        0  libinit2.o(.ARM.Collect$$libinit$$00000021)
    .ARM.Collect$$libinit$$00000023          0x000004ca   Section        0  libinit2.o(.ARM.Collect$$libinit$$00000023)
    .ARM.Collect$$libinit$$00000025          0x000004ca   Section        0  libinit2.o(.ARM.Collect$$libinit$$00000025)
    .ARM.Collect$$libinit$$0000002C          0x000004ca   Section        0  libinit2.o(.ARM.Collect$$libinit$$0000002C)
    .ARM.Collect$$libinit$$0000002E          0x000004ca   Section        0  libinit2.o(.ARM.Collect$$libinit$$0000002E)
    .ARM.Collect$$libinit$$00000030          0x000004ca   Section        0  libinit2.o(.ARM.Collect$$libinit$$00000030)
    .ARM.Collect$$libinit$$00000032          0x000004ca   Section        0  libinit2.o(.ARM.Collect$$libinit$$00000032)
    .ARM.Collect$$libinit$$00000033          0x000004ca   Section        2  libinit2.o(.ARM.Collect$$libinit$$00000033)
    .ARM.Collect$$libshutdown$$00000000      0x000004cc   Section        2  libshutdown.o(.ARM.Collect$$libshutdown$$00000000)
    .ARM.Collect$$libshutdown$$00000003      0x000004ce   Section        0  libshutdown2.o(.ARM.Collect$$libshutdown$$00000003)
    .ARM.Collect$$libshutdown$$00000006      0x000004ce   Section        0  libshutdown2.o(.ARM.Collect$$libshutdown$$00000006)
    .ARM.Collect$$libshutdown$$00000009      0x000004ce   Section        0  libshutdown2.o(.ARM.Collect$$libshutdown$$00000009)
    .ARM.Collect$$libshutdown$$0000000B      0x000004ce   Section        0  libshutdown2.o(.ARM.Collect$$libshutdown$$0000000B)
    .ARM.Collect$$libshutdown$$0000000E      0x000004ce   Section        0  libshutdown2.o(.ARM.Collect$$libshutdown$$0000000E)
    .ARM.Collect$$libshutdown$$0000000F      0x000004ce   Section        2  libshutdown2.o(.ARM.Collect$$libshutdown$$0000000F)
    .ARM.Collect$$rtentry$$00000000          0x000004d0   Section        0  __rtentry.o(.ARM.Collect$$rtentry$$00000000)
    .ARM.Collect$$rtentry$$00000002          0x000004d0   Section        0  __rtentry2.o(.ARM.Collect$$rtentry$$00000002)
    .ARM.Collect$$rtentry$$00000007          0x000004d0   Section        4  __rtentry7.o(.ARM.Collect$$rtentry$$00000007)
    .ARM.Collect$$rtentry$$00000009          0x000004d4   Section        0  __rtentry2.o(.ARM.Collect$$rtentry$$00000009)
    .ARM.Collect$$rtentry$$0000000A          0x000004d4   Section        4  __rtentry2.o(.ARM.Collect$$rtentry$$0000000A)
    .ARM.Collect$$rtentry$$0000000C          0x000004d8   Section        0  __rtentry2.o(.ARM.Collect$$rtentry$$0000000C)
    .ARM.Collect$$rtentry$$0000000D          0x000004d8   Section        8  __rtentry2.o(.ARM.Collect$$rtentry$$0000000D)
    .ARM.Collect$$rtentry$$00002718          0x000004e0   Section        4  __rtentry7.o(.ARM.Collect$$rtentry$$00002718)
    __lit__00000000                          0x000004e0   Data           4  __rtentry7.o(.ARM.Collect$$rtentry$$00002718)
    .ARM.Collect$$rtexit$$00000000           0x000004e4   Section        2  rtexit.o(.ARM.Collect$$rtexit$$00000000)
    .ARM.Collect$$rtexit$$00000002           0x000004e6   Section        0  rtexit2.o(.ARM.Collect$$rtexit$$00000002)
    .ARM.Collect$$rtexit$$00000003           0x000004e6   Section        4  rtexit2.o(.ARM.Collect$$rtexit$$00000003)
    .ARM.Collect$$rtexit$$00000004           0x000004ea   Section        6  rtexit2.o(.ARM.Collect$$rtexit$$00000004)
    .text                                    0x000004f0   Section       56  startup_s32k144.o(.text)
    $v0                                      0x000004f0   Number         0  startup_s32k144.o(.text)
    .text                                    0x00000528   Section        0  exit.o(.text)
    .text                                    0x00000534   Section        2  use_no_semi.o(.text)
    .text                                    0x00000536   Section        0  indicate_semi.o(.text)
    .text                                    0x00000538   Section        0  sys_exit.o(.text)
    i.CLOCK_DRV_Init                         0x00000544   Section        0  clock_s32k1xx.o(i.CLOCK_DRV_Init)
    i.CLOCK_SYS_ConfigureFIRC                0x00000580   Section        0  clock_s32k1xx.o(i.CLOCK_SYS_ConfigureFIRC)
    CLOCK_SYS_ConfigureFIRC                  0x00000581   Thumb Code   222  clock_s32k1xx.o(i.CLOCK_SYS_ConfigureFIRC)
    i.CLOCK_SYS_ConfigureModulesFromScg      0x00000668   Section        0  clock_s32k1xx.o(i.CLOCK_SYS_ConfigureModulesFromScg)
    CLOCK_SYS_ConfigureModulesFromScg        0x00000669   Thumb Code   336  clock_s32k1xx.o(i.CLOCK_SYS_ConfigureModulesFromScg)
    i.CLOCK_SYS_ConfigureSIRC                0x000007bc   Section        0  clock_s32k1xx.o(i.CLOCK_SYS_ConfigureSIRC)
    CLOCK_SYS_ConfigureSIRC                  0x000007bd   Thumb Code   240  clock_s32k1xx.o(i.CLOCK_SYS_ConfigureSIRC)
    i.CLOCK_SYS_ConfigureSOSC                0x000008b4   Section        0  clock_s32k1xx.o(i.CLOCK_SYS_ConfigureSOSC)
    CLOCK_SYS_ConfigureSOSC                  0x000008b5   Thumb Code   302  clock_s32k1xx.o(i.CLOCK_SYS_ConfigureSOSC)
    i.CLOCK_SYS_ConfigureSPLL                0x000009f8   Section        0  clock_s32k1xx.o(i.CLOCK_SYS_ConfigureSPLL)
    CLOCK_SYS_ConfigureSPLL                  0x000009f9   Thumb Code   288  clock_s32k1xx.o(i.CLOCK_SYS_ConfigureSPLL)
    i.CLOCK_SYS_ConfigureTemporarySystemClock 0x00000b20   Section        0  clock_s32k1xx.o(i.CLOCK_SYS_ConfigureTemporarySystemClock)
    CLOCK_SYS_ConfigureTemporarySystemClock  0x00000b21   Thumb Code    74  clock_s32k1xx.o(i.CLOCK_SYS_ConfigureTemporarySystemClock)
    i.CLOCK_SYS_GetCurrentRunMode            0x00000b74   Section        0  clock_s32k1xx.o(i.CLOCK_SYS_GetCurrentRunMode)
    CLOCK_SYS_GetCurrentRunMode              0x00000b75   Thumb Code    40  clock_s32k1xx.o(i.CLOCK_SYS_GetCurrentRunMode)
    i.CLOCK_SYS_GetDefaultConfiguration      0x00000ba0   Section        0  clock_s32k1xx.o(i.CLOCK_SYS_GetDefaultConfiguration)
    CLOCK_SYS_GetDefaultConfiguration        0x00000ba1   Thumb Code   348  clock_s32k1xx.o(i.CLOCK_SYS_GetDefaultConfiguration)
    i.CLOCK_SYS_GetFircFreq                  0x00000d04   Section        0  clock_s32k1xx.o(i.CLOCK_SYS_GetFircFreq)
    CLOCK_SYS_GetFircFreq                    0x00000d05   Thumb Code    36  clock_s32k1xx.o(i.CLOCK_SYS_GetFircFreq)
    i.CLOCK_SYS_GetSircFreq                  0x00000d30   Section        0  clock_s32k1xx.o(i.CLOCK_SYS_GetSircFreq)
    CLOCK_SYS_GetSircFreq                    0x00000d31   Thumb Code    32  clock_s32k1xx.o(i.CLOCK_SYS_GetSircFreq)
    i.CLOCK_SYS_GetSrcFreq                   0x00000d58   Section        0  clock_s32k1xx.o(i.CLOCK_SYS_GetSrcFreq)
    CLOCK_SYS_GetSrcFreq                     0x00000d59   Thumb Code    66  clock_s32k1xx.o(i.CLOCK_SYS_GetSrcFreq)
    i.CLOCK_SYS_GetSysOscFreq                0x00000d9c   Section        0  clock_s32k1xx.o(i.CLOCK_SYS_GetSysOscFreq)
    CLOCK_SYS_GetSysOscFreq                  0x00000d9d   Thumb Code    22  clock_s32k1xx.o(i.CLOCK_SYS_GetSysOscFreq)
    i.CLOCK_SYS_GetSysPllFreq                0x00000dbc   Section        0  clock_s32k1xx.o(i.CLOCK_SYS_GetSysPllFreq)
    CLOCK_SYS_GetSysPllFreq                  0x00000dbd   Thumb Code    68  clock_s32k1xx.o(i.CLOCK_SYS_GetSysPllFreq)
    i.CLOCK_SYS_Init                         0x00000e08   Section        0  clock_s32k1xx.o(i.CLOCK_SYS_Init)
    i.CLOCK_SYS_SetConfiguration             0x00000e20   Section        0  clock_s32k1xx.o(i.CLOCK_SYS_SetConfiguration)
    i.CLOCK_SYS_SetPccConfiguration          0x00000e2c   Section        0  clock_s32k1xx.o(i.CLOCK_SYS_SetPccConfiguration)
    CLOCK_SYS_SetPccConfiguration            0x00000e2d   Thumb Code    98  clock_s32k1xx.o(i.CLOCK_SYS_SetPccConfiguration)
    i.CLOCK_SYS_SetPmcConfiguration          0x00000e94   Section        0  clock_s32k1xx.o(i.CLOCK_SYS_SetPmcConfiguration)
    CLOCK_SYS_SetPmcConfiguration            0x00000e95   Thumb Code    60  clock_s32k1xx.o(i.CLOCK_SYS_SetPmcConfiguration)
    i.CLOCK_SYS_SetScgConfiguration          0x00000ed4   Section        0  clock_s32k1xx.o(i.CLOCK_SYS_SetScgConfiguration)
    CLOCK_SYS_SetScgConfiguration            0x00000ed5   Thumb Code   126  clock_s32k1xx.o(i.CLOCK_SYS_SetScgConfiguration)
    i.CLOCK_SYS_SetSimConfiguration          0x00000f5c   Section        0  clock_s32k1xx.o(i.CLOCK_SYS_SetSimConfiguration)
    CLOCK_SYS_SetSimConfiguration            0x00000f5d   Thumb Code   244  clock_s32k1xx.o(i.CLOCK_SYS_SetSimConfiguration)
    i.CLOCK_SYS_SetSystemClockConfig         0x00001058   Section        0  clock_s32k1xx.o(i.CLOCK_SYS_SetSystemClockConfig)
    CLOCK_SYS_SetSystemClockConfig           0x00001059   Thumb Code   476  clock_s32k1xx.o(i.CLOCK_SYS_SetSystemClockConfig)
    i.CLOCK_SYS_TransitionSystemClock        0x00001244   Section        0  clock_s32k1xx.o(i.CLOCK_SYS_TransitionSystemClock)
    CLOCK_SYS_TransitionSystemClock          0x00001245   Thumb Code    58  clock_s32k1xx.o(i.CLOCK_SYS_TransitionSystemClock)
    i.CLOCK_SYS_UpdateConfiguration          0x00001284   Section        0  clock_s32k1xx.o(i.CLOCK_SYS_UpdateConfiguration)
    i.INT_SYS_DisableIRQGlobal               0x0000138c   Section        0  interrupt_manager.o(i.INT_SYS_DisableIRQGlobal)
    i.INT_SYS_EnableIRQGlobal                0x000013a0   Section        0  interrupt_manager.o(i.INT_SYS_EnableIRQGlobal)
    i.PCC_SetClockMode                       0x000013c4   Section        0  clock_s32k1xx.o(i.PCC_SetClockMode)
    PCC_SetClockMode                         0x000013c5   Thumb Code    56  clock_s32k1xx.o(i.PCC_SetClockMode)
    i.PCC_SetPeripheralClockControl          0x00001400   Section        0  clock_s32k1xx.o(i.PCC_SetPeripheralClockControl)
    PCC_SetPeripheralClockControl            0x00001401   Thumb Code    58  clock_s32k1xx.o(i.PCC_SetPeripheralClockControl)
    i.PINS_DRV_ClearPins                     0x00001440   Section        0  pins_driver.o(i.PINS_DRV_ClearPins)
    i.PINS_DRV_Init                          0x00001448   Section        0  pins_driver.o(i.PINS_DRV_Init)
    i.PINS_DRV_SetPins                       0x00001468   Section        0  pins_driver.o(i.PINS_DRV_SetPins)
    i.PINS_DRV_SetPinsDirection              0x00001470   Section        0  pins_driver.o(i.PINS_DRV_SetPinsDirection)
    i.PINS_DRV_TogglePins                    0x00001478   Section        0  pins_driver.o(i.PINS_DRV_TogglePins)
    i.PINS_GetAdcInterleaveVal               0x00001480   Section        0  pins_port_hw_access.o(i.PINS_GetAdcInterleaveVal)
    PINS_GetAdcInterleaveVal                 0x00001481   Thumb Code   112  pins_port_hw_access.o(i.PINS_GetAdcInterleaveVal)
    i.PINS_Init                              0x000014f8   Section        0  pins_port_hw_access.o(i.PINS_Init)
    i.PMC_SetLpoMode                         0x00001658   Section        0  clock_s32k1xx.o(i.PMC_SetLpoMode)
    PMC_SetLpoMode                           0x00001659   Thumb Code    26  clock_s32k1xx.o(i.PMC_SetLpoMode)
    i.SCG_GetCurrentSystemClockSource        0x00001672   Section        0  clock_s32k1xx.o(i.SCG_GetCurrentSystemClockSource)
    SCG_GetCurrentSystemClockSource          0x00001673   Thumb Code    10  clock_s32k1xx.o(i.SCG_GetCurrentSystemClockSource)
    i.SCG_SetSoscControl                     0x0000167c   Section        0  clock_s32k1xx.o(i.SCG_SetSoscControl)
    SCG_SetSoscControl                       0x0000167d   Thumb Code    42  clock_s32k1xx.o(i.SCG_SetSoscControl)
    i.SCG_SetSpllControl                     0x000016a6   Section        0  clock_s32k1xx.o(i.SCG_SetSpllControl)
    SCG_SetSpllControl                       0x000016a7   Thumb Code    42  clock_s32k1xx.o(i.SCG_SetSpllControl)
    i.SIM_SetDmaClockGate                    0x000016d0   Section        0  clock_s32k1xx.o(i.SIM_SetDmaClockGate)
    SIM_SetDmaClockGate                      0x000016d1   Thumb Code    20  clock_s32k1xx.o(i.SIM_SetDmaClockGate)
    i.SIM_SetEimClockGate                    0x000016e4   Section        0  clock_s32k1xx.o(i.SIM_SetEimClockGate)
    SIM_SetEimClockGate                      0x000016e5   Thumb Code    20  clock_s32k1xx.o(i.SIM_SetEimClockGate)
    i.SIM_SetErmClockGate                    0x000016f8   Section        0  clock_s32k1xx.o(i.SIM_SetErmClockGate)
    SIM_SetErmClockGate                      0x000016f9   Thumb Code    20  clock_s32k1xx.o(i.SIM_SetErmClockGate)
    i.SIM_SetLpoClocks                       0x0000170c   Section        0  clock_s32k1xx.o(i.SIM_SetLpoClocks)
    SIM_SetLpoClocks                         0x0000170d   Thumb Code    46  clock_s32k1xx.o(i.SIM_SetLpoClocks)
    i.SIM_SetMpuClockGate                    0x0000173a   Section        0  clock_s32k1xx.o(i.SIM_SetMpuClockGate)
    SIM_SetMpuClockGate                      0x0000173b   Thumb Code    20  clock_s32k1xx.o(i.SIM_SetMpuClockGate)
    i.SIM_SetMscmClockGate                   0x0000174e   Section        0  clock_s32k1xx.o(i.SIM_SetMscmClockGate)
    SIM_SetMscmClockGate                     0x0000174f   Thumb Code    18  clock_s32k1xx.o(i.SIM_SetMscmClockGate)
    i.SIM_SetTraceClockConfig                0x00001760   Section        0  clock_s32k1xx.o(i.SIM_SetTraceClockConfig)
    SIM_SetTraceClockConfig                  0x00001761   Thumb Code    28  clock_s32k1xx.o(i.SIM_SetTraceClockConfig)
    i.SystemInit                             0x0000177c   Section        0  system_s32k144.o(i.SystemInit)
    i.delay                                  0x0000179c   Section        0  main.o(i.delay)
    i.init_data_bss                          0x000017ac   Section        0  startup.o(i.init_data_bss)
    i.main                                   0x00001800   Section        0  main.o(i.main)
    x$fpl$fpinit                             0x00001860   Section       10  fpinit.o(x$fpl$fpinit)
    $v0                                      0x00001860   Number         0  fpinit.o(x$fpl$fpinit)
    .constdata                               0x0000186c   Section      577  clock_s32k1xx.o(.constdata)
    tmpSysClk                                0x00001959   Data          12  clock_s32k1xx.o(.constdata)
    tmpSysClk                                0x00001965   Data          12  clock_s32k1xx.o(.constdata)
    maxSysClksInVLPR                         0x00001974   Data          84  clock_s32k1xx.o(.constdata)
    maxSysClksInRUN                          0x000019c8   Data          84  clock_s32k1xx.o(.constdata)
    maxSysClksInHSRUN                        0x00001a1c   Data          84  clock_s32k1xx.o(.constdata)
    fircFreq                                 0x00001a70   Data           4  clock_s32k1xx.o(.constdata)
    tmpSysClk                                0x00001a74   Data          12  clock_s32k1xx.o(.constdata)
    sysClkDivMappings                        0x00001a80   Data          16  clock_s32k1xx.o(.constdata)
    sysClkDivMappings                        0x00001a90   Data          17  clock_s32k1xx.o(.constdata)
    defSysClk                                0x00001aa1   Data          12  clock_s32k1xx.o(.constdata)
    .constdata                               0x00001ab0   Section        4  startup.o(.constdata)
    .data                                    0x1fff8000   Section      156  clockman1.o(.data)
    .data                                    0x1fff809c   Section       96  pin_mux.o(.data)
    .data                                    0x1fff80fc   Section      168  clock_s32k1xx.o(.data)
    peripheralClockConfig                    0x1fff8104   Data         160  clock_s32k1xx.o(.data)
    .data                                    0x1fff81a4   Section        4  interrupt_manager.o(.data)
    g_interruptDisableCount                  0x1fff81a4   Data           4  interrupt_manager.o(.data)
    .bss                                     0x1fff81a8   Section       28  clock_s32k1xx.o(.bss)
    g_clockState                             0x1fff81a8   Data          16  clock_s32k1xx.o(.bss)

    Global Symbols

    Symbol Name                              Value     Ov Type        Size  Object(Section)

    BuildAttributes$$THM_ISAv4$E$P$D$K$B$S$7EM$VFPi3$EXTD16$VFPS$VFMA$PE$A:L22UL41UL21$X:L11$S22US41US21$IEEE1$IW$USESV6$~STKCKD$USESV7$~SHL$OSPACE$ROPI$EBA8$UX$STANDARDLIB$REQ8$PRES8$EABIv2 0x00000000   Number         0  anon$$obj.o ABSOLUTE
    Image$$VECTOR_RAM$$Base                  0x00000000   Number         0  anon$$obj.o ABSOLUTE
    Image$$VECTOR_ROM$$Base                  0x00000000   Number         0  anon$$obj.o ABSOLUTE
    __ARM_use_no_argv                        0x00000000   Number         0  main.o ABSOLUTE
    __Vectors                                0x00000000   Data           4  startup_s32k144.o(RESET)
    Image$$ZI$$Limit                          - Undefined Weak Reference
    __ARM_exceptions_init                     - Undefined Weak Reference
    __alloca_initialize                       - Undefined Weak Reference
    __arm_preinit_                            - Undefined Weak Reference
    __cpp_initialize__aeabi_                  - Undefined Weak Reference
    __cxa_finalize                            - Undefined Weak Reference
    __rt_locale                               - Undefined Weak Reference
    __sigvec_lookup                           - Undefined Weak Reference
    _atexit_init                              - Undefined Weak Reference
    _call_atexit_fns                          - Undefined Weak Reference
    _clock_init                               - Undefined Weak Reference
    _fp_trap_init                             - Undefined Weak Reference
    _fp_trap_shutdown                         - Undefined Weak Reference
    _get_lc_collate                           - Undefined Weak Reference
    _get_lc_ctype                             - Undefined Weak Reference
    _get_lc_monetary                          - Undefined Weak Reference
    _get_lc_numeric                           - Undefined Weak Reference
    _get_lc_time                              - Undefined Weak Reference
    _getenv_init                              - Undefined Weak Reference
    _handle_redirection                       - Undefined Weak Reference
    _init_alloc                               - Undefined Weak Reference
    _init_user_alloc                          - Undefined Weak Reference
    _initio                                   - Undefined Weak Reference
    _rand_init                                - Undefined Weak Reference
    _signal_finish                            - Undefined Weak Reference
    _signal_init                              - Undefined Weak Reference
    _terminate_alloc                          - Undefined Weak Reference
    _terminate_user_alloc                     - Undefined Weak Reference
    _terminateio                              - Undefined Weak Reference
    __Vectors_End                            0x00000400   Data           0  startup_s32k144.o(RESET)
    __Vectors_Size                           0x00000400   Number         0  startup_s32k144.o ABSOLUTE
    __main                                   0x00000411   Thumb Code     8  __main.o(!!!main)
    __scatterload                            0x00000419   Thumb Code     0  __scatter.o(!!!scatter)
    __scatterload_rt2                        0x00000419   Thumb Code    44  __scatter.o(!!!scatter)
    __scatterload_rt2_thumb_only             0x00000419   Thumb Code     0  __scatter.o(!!!scatter)
    __scatterload_null                       0x00000427   Thumb Code     0  __scatter.o(!!!scatter)
    __decompress                             0x0000044d   Thumb Code    90  __dczerorl2.o(!!dczerorl2)
    __decompress1                            0x0000044d   Thumb Code     0  __dczerorl2.o(!!dczerorl2)
    __scatterload_zeroinit                   0x000004a9   Thumb Code    28  __scatter_zi.o(!!handler_zi)
    __rt_lib_init                            0x000004c5   Thumb Code     0  libinit.o(.ARM.Collect$$libinit$$00000000)
    __rt_lib_init_fp_1                       0x000004c7   Thumb Code     0  libinit2.o(.ARM.Collect$$libinit$$00000001)
    __rt_lib_init_alloca_1                   0x000004cb   Thumb Code     0  libinit2.o(.ARM.Collect$$libinit$$0000002E)
    __rt_lib_init_argv_1                     0x000004cb   Thumb Code     0  libinit2.o(.ARM.Collect$$libinit$$0000002C)
    __rt_lib_init_atexit_1                   0x000004cb   Thumb Code     0  libinit2.o(.ARM.Collect$$libinit$$0000001B)
    __rt_lib_init_clock_1                    0x000004cb   Thumb Code     0  libinit2.o(.ARM.Collect$$libinit$$00000021)
    __rt_lib_init_cpp_1                      0x000004cb   Thumb Code     0  libinit2.o(.ARM.Collect$$libinit$$00000032)
    __rt_lib_init_exceptions_1               0x000004cb   Thumb Code     0  libinit2.o(.ARM.Collect$$libinit$$00000030)
    __rt_lib_init_fp_trap_1                  0x000004cb   Thumb Code     0  libinit2.o(.ARM.Collect$$libinit$$0000001F)
    __rt_lib_init_getenv_1                   0x000004cb   Thumb Code     0  libinit2.o(.ARM.Collect$$libinit$$00000023)
    __rt_lib_init_heap_1                     0x000004cb   Thumb Code     0  libinit2.o(.ARM.Collect$$libinit$$0000000A)
    __rt_lib_init_lc_collate_1               0x000004cb   Thumb Code     0  libinit2.o(.ARM.Collect$$libinit$$00000011)
    __rt_lib_init_lc_ctype_1                 0x000004cb   Thumb Code     0  libinit2.o(.ARM.Collect$$libinit$$00000013)
    __rt_lib_init_lc_monetary_1              0x000004cb   Thumb Code     0  libinit2.o(.ARM.Collect$$libinit$$00000015)
    __rt_lib_init_lc_numeric_1               0x000004cb   Thumb Code     0  libinit2.o(.ARM.Collect$$libinit$$00000017)
    __rt_lib_init_lc_time_1                  0x000004cb   Thumb Code     0  libinit2.o(.ARM.Collect$$libinit$$00000019)
    __rt_lib_init_preinit_1                  0x000004cb   Thumb Code     0  libinit2.o(.ARM.Collect$$libinit$$00000004)
    __rt_lib_init_rand_1                     0x000004cb   Thumb Code     0  libinit2.o(.ARM.Collect$$libinit$$0000000E)
    __rt_lib_init_return                     0x000004cb   Thumb Code     0  libinit2.o(.ARM.Collect$$libinit$$00000033)
    __rt_lib_init_signal_1                   0x000004cb   Thumb Code     0  libinit2.o(.ARM.Collect$$libinit$$0000001D)
    __rt_lib_init_stdio_1                    0x000004cb   Thumb Code     0  libinit2.o(.ARM.Collect$$libinit$$00000025)
    __rt_lib_init_user_alloc_1               0x000004cb   Thumb Code     0  libinit2.o(.ARM.Collect$$libinit$$0000000C)
    __rt_lib_shutdown                        0x000004cd   Thumb Code     0  libshutdown.o(.ARM.Collect$$libshutdown$$00000000)
    __rt_lib_shutdown_fp_trap_1              0x000004cf   Thumb Code     0  libshutdown2.o(.ARM.Collect$$libshutdown$$00000006)
    __rt_lib_shutdown_heap_1                 0x000004cf   Thumb Code     0  libshutdown2.o(.ARM.Collect$$libshutdown$$0000000E)
    __rt_lib_shutdown_return                 0x000004cf   Thumb Code     0  libshutdown2.o(.ARM.Collect$$libshutdown$$0000000F)
    __rt_lib_shutdown_signal_1               0x000004cf   Thumb Code     0  libshutdown2.o(.ARM.Collect$$libshutdown$$00000009)
    __rt_lib_shutdown_stdio_1                0x000004cf   Thumb Code     0  libshutdown2.o(.ARM.Collect$$libshutdown$$00000003)
    __rt_lib_shutdown_user_alloc_1           0x000004cf   Thumb Code     0  libshutdown2.o(.ARM.Collect$$libshutdown$$0000000B)
    __rt_entry                               0x000004d1   Thumb Code     0  __rtentry.o(.ARM.Collect$$rtentry$$00000000)
    __rt_entry_presh_1                       0x000004d1   Thumb Code     0  __rtentry2.o(.ARM.Collect$$rtentry$$00000002)
    __rt_entry_sh                            0x000004d1   Thumb Code     0  __rtentry7.o(.ARM.Collect$$rtentry$$00000007)
    __rt_entry_li                            0x000004d5   Thumb Code     0  __rtentry2.o(.ARM.Collect$$rtentry$$0000000A)
    __rt_entry_postsh_1                      0x000004d5   Thumb Code     0  __rtentry2.o(.ARM.Collect$$rtentry$$00000009)
    __rt_entry_main                          0x000004d9   Thumb Code     0  __rtentry2.o(.ARM.Collect$$rtentry$$0000000D)
    __rt_entry_postli_1                      0x000004d9   Thumb Code     0  __rtentry2.o(.ARM.Collect$$rtentry$$0000000C)
    __rt_exit                                0x000004e5   Thumb Code     0  rtexit.o(.ARM.Collect$$rtexit$$00000000)
    __rt_exit_ls                             0x000004e7   Thumb Code     0  rtexit2.o(.ARM.Collect$$rtexit$$00000003)
    __rt_exit_prels_1                        0x000004e7   Thumb Code     0  rtexit2.o(.ARM.Collect$$rtexit$$00000002)
    __rt_exit_exit                           0x000004eb   Thumb Code     0  rtexit2.o(.ARM.Collect$$rtexit$$00000004)
    Reset_Handler                            0x000004f1   Thumb Code    18  startup_s32k144.o(.text)
    NMI_Handler                              0x00000503   Thumb Code     2  startup_s32k144.o(.text)
    HardFault_Handler                        0x00000505   Thumb Code     2  startup_s32k144.o(.text)
    MemManage_Handler                        0x00000507   Thumb Code     2  startup_s32k144.o(.text)
    BusFault_Handler                         0x00000509   Thumb Code     2  startup_s32k144.o(.text)
    UsageFault_Handler                       0x0000050b   Thumb Code     2  startup_s32k144.o(.text)
    SVC_Handler                              0x0000050d   Thumb Code     2  startup_s32k144.o(.text)
    DebugMon_Handler                         0x0000050f   Thumb Code     2  startup_s32k144.o(.text)
    PendSV_Handler                           0x00000511   Thumb Code     2  startup_s32k144.o(.text)
    SysTick_Handler                          0x00000513   Thumb Code     2  startup_s32k144.o(.text)
    ADC0_IRQHandler                          0x00000515   Thumb Code     0  startup_s32k144.o(.text)
    ADC1_IRQHandler                          0x00000515   Thumb Code     0  startup_s32k144.o(.text)
    CAN0_Error_IRQHandler                    0x00000515   Thumb Code     0  startup_s32k144.o(.text)
    CAN0_ORed_0_15_MB_IRQHandler             0x00000515   Thumb Code     0  startup_s32k144.o(.text)
    CAN0_ORed_16_31_MB_IRQHandler            0x00000515   Thumb Code     0  startup_s32k144.o(.text)
    CAN0_ORed_IRQHandler                     0x00000515   Thumb Code     0  startup_s32k144.o(.text)
    CAN0_Wake_Up_IRQHandler                  0x00000515   Thumb Code     0  startup_s32k144.o(.text)
    CAN1_Error_IRQHandler                    0x00000515   Thumb Code     0  startup_s32k144.o(.text)
    CAN1_ORed_0_15_MB_IRQHandler             0x00000515   Thumb Code     0  startup_s32k144.o(.text)
    CAN1_ORed_IRQHandler                     0x00000515   Thumb Code     0  startup_s32k144.o(.text)
    CAN2_Error_IRQHandler                    0x00000515   Thumb Code     0  startup_s32k144.o(.text)
    CAN2_ORed_0_15_MB_IRQHandler             0x00000515   Thumb Code     0  startup_s32k144.o(.text)
    CAN2_ORed_IRQHandler                     0x00000515   Thumb Code     0  startup_s32k144.o(.text)
    CMP0_IRQHandler                          0x00000515   Thumb Code     0  startup_s32k144.o(.text)
    DMA0_IRQHandler                          0x00000515   Thumb Code     0  startup_s32k144.o(.text)
    DMA10_IRQHandler                         0x00000515   Thumb Code     0  startup_s32k144.o(.text)
    DMA11_IRQHandler                         0x00000515   Thumb Code     0  startup_s32k144.o(.text)
    DMA12_IRQHandler                         0x00000515   Thumb Code     0  startup_s32k144.o(.text)
    DMA13_IRQHandler                         0x00000515   Thumb Code     0  startup_s32k144.o(.text)
    DMA14_IRQHandler                         0x00000515   Thumb Code     0  startup_s32k144.o(.text)
    DMA15_IRQHandler                         0x00000515   Thumb Code     0  startup_s32k144.o(.text)
    DMA1_IRQHandler                          0x00000515   Thumb Code     0  startup_s32k144.o(.text)
    DMA2_IRQHandler                          0x00000515   Thumb Code     0  startup_s32k144.o(.text)
    DMA3_IRQHandler                          0x00000515   Thumb Code     0  startup_s32k144.o(.text)
    DMA4_IRQHandler                          0x00000515   Thumb Code     0  startup_s32k144.o(.text)
    DMA5_IRQHandler                          0x00000515   Thumb Code     0  startup_s32k144.o(.text)
    DMA6_IRQHandler                          0x00000515   Thumb Code     0  startup_s32k144.o(.text)
    DMA7_IRQHandler                          0x00000515   Thumb Code     0  startup_s32k144.o(.text)
    DMA8_IRQHandler                          0x00000515   Thumb Code     0  startup_s32k144.o(.text)
    DMA9_IRQHandler                          0x00000515   Thumb Code     0  startup_s32k144.o(.text)
    DMA_Error_IRQHandler                     0x00000515   Thumb Code     0  startup_s32k144.o(.text)
    DefaultISR                               0x00000515   Thumb Code     0  startup_s32k144.o(.text)
    ERM_double_fault_IRQHandler              0x00000515   Thumb Code     0  startup_s32k144.o(.text)
    ERM_single_fault_IRQHandler              0x00000515   Thumb Code     0  startup_s32k144.o(.text)
    FLEXIO_IRQHandler                        0x00000515   Thumb Code     0  startup_s32k144.o(.text)
    FTFC_Fault_IRQHandler                    0x00000515   Thumb Code     0  startup_s32k144.o(.text)
    FTFC_IRQHandler                          0x00000515   Thumb Code     0  startup_s32k144.o(.text)
    FTM0_Ch0_Ch1_IRQHandler                  0x00000515   Thumb Code     0  startup_s32k144.o(.text)
    FTM0_Ch2_Ch3_IRQHandler                  0x00000515   Thumb Code     0  startup_s32k144.o(.text)
    FTM0_Ch4_Ch5_IRQHandler                  0x00000515   Thumb Code     0  startup_s32k144.o(.text)
    FTM0_Ch6_Ch7_IRQHandler                  0x00000515   Thumb Code     0  startup_s32k144.o(.text)
    FTM0_Fault_IRQHandler                    0x00000515   Thumb Code     0  startup_s32k144.o(.text)
    FTM0_Ovf_Reload_IRQHandler               0x00000515   Thumb Code     0  startup_s32k144.o(.text)
    FTM1_Ch0_Ch1_IRQHandler                  0x00000515   Thumb Code     0  startup_s32k144.o(.text)
    FTM1_Ch2_Ch3_IRQHandler                  0x00000515   Thumb Code     0  startup_s32k144.o(.text)
    FTM1_Ch4_Ch5_IRQHandler                  0x00000515   Thumb Code     0  startup_s32k144.o(.text)
    FTM1_Ch6_Ch7_IRQHandler                  0x00000515   Thumb Code     0  startup_s32k144.o(.text)
    FTM1_Fault_IRQHandler                    0x00000515   Thumb Code     0  startup_s32k144.o(.text)
    FTM1_Ovf_Reload_IRQHandler               0x00000515   Thumb Code     0  startup_s32k144.o(.text)
    FTM2_Ch0_Ch1_IRQHandler                  0x00000515   Thumb Code     0  startup_s32k144.o(.text)
    FTM2_Ch2_Ch3_IRQHandler                  0x00000515   Thumb Code     0  startup_s32k144.o(.text)
    FTM2_Ch4_Ch5_IRQHandler                  0x00000515   Thumb Code     0  startup_s32k144.o(.text)
    FTM2_Ch6_Ch7_IRQHandler                  0x00000515   Thumb Code     0  startup_s32k144.o(.text)
    FTM2_Fault_IRQHandler                    0x00000515   Thumb Code     0  startup_s32k144.o(.text)
    FTM2_Ovf_Reload_IRQHandler               0x00000515   Thumb Code     0  startup_s32k144.o(.text)
    FTM3_Ch0_Ch1_IRQHandler                  0x00000515   Thumb Code     0  startup_s32k144.o(.text)
    FTM3_Ch2_Ch3_IRQHandler                  0x00000515   Thumb Code     0  startup_s32k144.o(.text)
    FTM3_Ch4_Ch5_IRQHandler                  0x00000515   Thumb Code     0  startup_s32k144.o(.text)
    FTM3_Ch6_Ch7_IRQHandler                  0x00000515   Thumb Code     0  startup_s32k144.o(.text)
    FTM3_Fault_IRQHandler                    0x00000515   Thumb Code     0  startup_s32k144.o(.text)
    FTM3_Ovf_Reload_IRQHandler               0x00000515   Thumb Code     0  startup_s32k144.o(.text)
    LPI2C0_Master_IRQHandler                 0x00000515   Thumb Code     0  startup_s32k144.o(.text)
    LPI2C0_Slave_IRQHandler                  0x00000515   Thumb Code     0  startup_s32k144.o(.text)
    LPIT0_Ch0_IRQHandler                     0x00000515   Thumb Code     0  startup_s32k144.o(.text)
    LPIT0_Ch1_IRQHandler                     0x00000515   Thumb Code     0  startup_s32k144.o(.text)
    LPIT0_Ch2_IRQHandler                     0x00000515   Thumb Code     0  startup_s32k144.o(.text)
    LPIT0_Ch3_IRQHandler                     0x00000515   Thumb Code     0  startup_s32k144.o(.text)
    LPSPI0_IRQHandler                        0x00000515   Thumb Code     0  startup_s32k144.o(.text)
    LPSPI1_IRQHandler                        0x00000515   Thumb Code     0  startup_s32k144.o(.text)
    LPSPI2_IRQHandler                        0x00000515   Thumb Code     0  startup_s32k144.o(.text)
    LPTMR0_IRQHandler                        0x00000515   Thumb Code     0  startup_s32k144.o(.text)
    LPUART0_RxTx_IRQHandler                  0x00000515   Thumb Code     0  startup_s32k144.o(.text)
    LPUART1_RxTx_IRQHandler                  0x00000515   Thumb Code     0  startup_s32k144.o(.text)
    LPUART2_RxTx_IRQHandler                  0x00000515   Thumb Code     0  startup_s32k144.o(.text)
    LVD_LVW_IRQHandler                       0x00000515   Thumb Code     0  startup_s32k144.o(.text)
    MCM_IRQHandler                           0x00000515   Thumb Code     0  startup_s32k144.o(.text)
    PDB0_IRQHandler                          0x00000515   Thumb Code     0  startup_s32k144.o(.text)
    PDB1_IRQHandler                          0x00000515   Thumb Code     0  startup_s32k144.o(.text)
    PORTA_IRQHandler                         0x00000515   Thumb Code     0  startup_s32k144.o(.text)
    PORTB_IRQHandler                         0x00000515   Thumb Code     0  startup_s32k144.o(.text)
    PORTC_IRQHandler                         0x00000515   Thumb Code     0  startup_s32k144.o(.text)
    PORTD_IRQHandler                         0x00000515   Thumb Code     0  startup_s32k144.o(.text)
    PORTE_IRQHandler                         0x00000515   Thumb Code     0  startup_s32k144.o(.text)
    RCM_IRQHandler                           0x00000515   Thumb Code     0  startup_s32k144.o(.text)
    RTC_IRQHandler                           0x00000515   Thumb Code     0  startup_s32k144.o(.text)
    RTC_Seconds_IRQHandler                   0x00000515   Thumb Code     0  startup_s32k144.o(.text)
    Read_Collision_IRQHandler                0x00000515   Thumb Code     0  startup_s32k144.o(.text)
    Reserved100_IRQHandler                   0x00000515   Thumb Code     0  startup_s32k144.o(.text)
    Reserved103_IRQHandler                   0x00000515   Thumb Code     0  startup_s32k144.o(.text)
    Reserved105_IRQHandler                   0x00000515   Thumb Code     0  startup_s32k144.o(.text)
    Reserved106_IRQHandler                   0x00000515   Thumb Code     0  startup_s32k144.o(.text)
    Reserved107_IRQHandler                   0x00000515   Thumb Code     0  startup_s32k144.o(.text)
    Reserved110_IRQHandler                   0x00000515   Thumb Code     0  startup_s32k144.o(.text)
    Reserved112_IRQHandler                   0x00000515   Thumb Code     0  startup_s32k144.o(.text)
    Reserved113_IRQHandler                   0x00000515   Thumb Code     0  startup_s32k144.o(.text)
    Reserved114_IRQHandler                   0x00000515   Thumb Code     0  startup_s32k144.o(.text)
    Reserved45_IRQHandler                    0x00000515   Thumb Code     0  startup_s32k144.o(.text)
    Reserved46_IRQHandler                    0x00000515   Thumb Code     0  startup_s32k144.o(.text)
    Reserved48_IRQHandler                    0x00000515   Thumb Code     0  startup_s32k144.o(.text)
    Reserved50_IRQHandler                    0x00000515   Thumb Code     0  startup_s32k144.o(.text)
    Reserved52_IRQHandler                    0x00000515   Thumb Code     0  startup_s32k144.o(.text)
    Reserved53_IRQHandler                    0x00000515   Thumb Code     0  startup_s32k144.o(.text)
    Reserved54_IRQHandler                    0x00000515   Thumb Code     0  startup_s32k144.o(.text)
    Reserved58_IRQHandler                    0x00000515   Thumb Code     0  startup_s32k144.o(.text)
    Reserved59_IRQHandler                    0x00000515   Thumb Code     0  startup_s32k144.o(.text)
    Reserved69_IRQHandler                    0x00000515   Thumb Code     0  startup_s32k144.o(.text)
    Reserved70_IRQHandler                    0x00000515   Thumb Code     0  startup_s32k144.o(.text)
    Reserved71_IRQHandler                    0x00000515   Thumb Code     0  startup_s32k144.o(.text)
    Reserved72_IRQHandler                    0x00000515   Thumb Code     0  startup_s32k144.o(.text)
    Reserved81_IRQHandler                    0x00000515   Thumb Code     0  startup_s32k144.o(.text)
    Reserved82_IRQHandler                    0x00000515   Thumb Code     0  startup_s32k144.o(.text)
    Reserved83_IRQHandler                    0x00000515   Thumb Code     0  startup_s32k144.o(.text)
    Reserved86_IRQHandler                    0x00000515   Thumb Code     0  startup_s32k144.o(.text)
    Reserved87_IRQHandler                    0x00000515   Thumb Code     0  startup_s32k144.o(.text)
    Reserved88_IRQHandler                    0x00000515   Thumb Code     0  startup_s32k144.o(.text)
    Reserved89_IRQHandler                    0x00000515   Thumb Code     0  startup_s32k144.o(.text)
    Reserved90_IRQHandler                    0x00000515   Thumb Code     0  startup_s32k144.o(.text)
    Reserved91_IRQHandler                    0x00000515   Thumb Code     0  startup_s32k144.o(.text)
    Reserved92_IRQHandler                    0x00000515   Thumb Code     0  startup_s32k144.o(.text)
    Reserved93_IRQHandler                    0x00000515   Thumb Code     0  startup_s32k144.o(.text)
    Reserved99_IRQHandler                    0x00000515   Thumb Code     0  startup_s32k144.o(.text)
    SCG_IRQHandler                           0x00000515   Thumb Code     0  startup_s32k144.o(.text)
    SWI_IRQHandler                           0x00000515   Thumb Code     0  startup_s32k144.o(.text)
    WDOG_EWM_IRQHandler                      0x00000515   Thumb Code     0  startup_s32k144.o(.text)
    exit                                     0x00000529   Thumb Code    12  exit.o(.text)
    __I$use$semihosting                      0x00000535   Thumb Code     0  use_no_semi.o(.text)
    __use_no_semihosting_swi                 0x00000535   Thumb Code     2  use_no_semi.o(.text)
    __semihosting_library_function           0x00000537   Thumb Code     0  indicate_semi.o(.text)
    _sys_exit                                0x00000539   Thumb Code     8  sys_exit.o(.text)
    CLOCK_DRV_Init                           0x00000545   Thumb Code    58  clock_s32k1xx.o(i.CLOCK_DRV_Init)
    CLOCK_SYS_Init                           0x00000e09   Thumb Code    20  clock_s32k1xx.o(i.CLOCK_SYS_Init)
    CLOCK_SYS_SetConfiguration               0x00000e21   Thumb Code    12  clock_s32k1xx.o(i.CLOCK_SYS_SetConfiguration)
    CLOCK_SYS_UpdateConfiguration            0x00001285   Thumb Code   258  clock_s32k1xx.o(i.CLOCK_SYS_UpdateConfiguration)
    INT_SYS_DisableIRQGlobal                 0x0000138d   Thumb Code    14  interrupt_manager.o(i.INT_SYS_DisableIRQGlobal)
    INT_SYS_EnableIRQGlobal                  0x000013a1   Thumb Code    30  interrupt_manager.o(i.INT_SYS_EnableIRQGlobal)
    PINS_DRV_ClearPins                       0x00001441   Thumb Code     8  pins_driver.o(i.PINS_DRV_ClearPins)
    PINS_DRV_Init                            0x00001449   Thumb Code    32  pins_driver.o(i.PINS_DRV_Init)
    PINS_DRV_SetPins                         0x00001469   Thumb Code     8  pins_driver.o(i.PINS_DRV_SetPins)
    PINS_DRV_SetPinsDirection                0x00001471   Thumb Code     8  pins_driver.o(i.PINS_DRV_SetPinsDirection)
    PINS_DRV_TogglePins                      0x00001479   Thumb Code     8  pins_driver.o(i.PINS_DRV_TogglePins)
    PINS_Init                                0x000014f9   Thumb Code   346  pins_port_hw_access.o(i.PINS_Init)
    SystemInit                               0x0000177d   Thumb Code    24  system_s32k144.o(i.SystemInit)
    delay                                    0x0000179d   Thumb Code    16  main.o(i.delay)
    init_data_bss                            0x000017ad   Thumb Code    68  startup.o(i.init_data_bss)
    main                                     0x00001801   Thumb Code    76  main.o(i.main)
    _fp_init                                 0x00001861   Thumb Code    10  fpinit.o(x$fpl$fpinit)
    __fplib_config_fpu_vfp                   0x00001869   Thumb Code     0  fpinit.o(x$fpl$fpinit)
    __fplib_config_pureend_doubles           0x00001869   Thumb Code     0  fpinit.o(x$fpl$fpinit)
    clockNameMappings                        0x0000186c   Data         158  clock_s32k1xx.o(.constdata)
    peripheralFeaturesList                   0x0000190a   Data          79  clock_s32k1xx.o(.constdata)
    Region$$Table$$Base                      0x00001ab4   Number         0  anon$$obj.o(Region$$Table)
    Region$$Table$$Limit                     0x00001ad4   Number         0  anon$$obj.o(Region$$Table)
    Image$$RW_m_data$$Base                   0x1fff8000   Number         0  anon$$obj.o ABSOLUTE
    peripheralClockConfig0                   0x1fff8000   Data          25  clockman1.o(.data)
    clockMan1_InitConfig0                    0x1fff801c   Data         120  clockman1.o(.data)
    g_clockManConfigsArr                     0x1fff8094   Data           4  clockman1.o(.data)
    g_clockManCallbacksArr                   0x1fff8098   Data           4  clockman1.o(.data)
    g_pin_mux_InitConfigArr                  0x1fff809c   Data          96  pin_mux.o(.data)
    g_RtcClkInFreq                           0x1fff80fc   Data           4  clock_s32k1xx.o(.data)
    g_xtal0ClkFreq                           0x1fff8100   Data           4  clock_s32k1xx.o(.data)
    g_TClkFreq                               0x1fff81b8   Data          12  clock_s32k1xx.o(.bss)
    Image$$ARM_LIB_HEAP$$ZI$$Base            0x1fff81c4   Number         0  anon$$obj.o ABSOLUTE
    Image$$ARM_LIB_HEAP$$ZI$$Limit           0x1fff85c4   Number         0  anon$$obj.o ABSOLUTE
    Image$$ARM_LIB_STACK$$ZI$$Limit          0x20007000   Number         0  anon$$obj.o ABSOLUTE



==============================================================================

Memory Map of the image

  Image Entry point : 0x00000411

  Load Region LR_m_text (Base: 0x00000410, Size: 0x0000186c, Max: 0x0007fbf0, ABSOLUTE, COMPRESSED[0x00001794])

    Execution Region ER_m_text (Base: 0x00000410, Size: 0x000016c4, Max: 0x0007fbf0, ABSOLUTE)

    Base Addr    Size         Type   Attr      Idx    E Section Name        Object

    0x00000410   0x00000008   Code   RO          970  * !!!main             c_w.l(__main.o)
    0x00000418   0x00000034   Code   RO         1139    !!!scatter          c_w.l(__scatter.o)
    0x0000044c   0x0000005a   Code   RO         1137    !!dczerorl2         c_w.l(__dczerorl2.o)
    0x000004a6   0x00000002   PAD
    0x000004a8   0x0000001c   Code   RO         1141    !!handler_zi        c_w.l(__scatter_zi.o)
    0x000004c4   0x00000002   Code   RO         1002    .ARM.Collect$$libinit$$00000000  c_w.l(libinit.o)
    0x000004c6   0x00000004   Code   RO         1010    .ARM.Collect$$libinit$$00000001  c_w.l(libinit2.o)
    0x000004ca   0x00000000   Code   RO         1013    .ARM.Collect$$libinit$$00000004  c_w.l(libinit2.o)
    0x000004ca   0x00000000   Code   RO         1016    .ARM.Collect$$libinit$$0000000A  c_w.l(libinit2.o)
    0x000004ca   0x00000000   Code   RO         1018    .ARM.Collect$$libinit$$0000000C  c_w.l(libinit2.o)
    0x000004ca   0x00000000   Code   RO         1020    .ARM.Collect$$libinit$$0000000E  c_w.l(libinit2.o)
    0x000004ca   0x00000000   Code   RO         1023    .ARM.Collect$$libinit$$00000011  c_w.l(libinit2.o)
    0x000004ca   0x00000000   Code   RO         1025    .ARM.Collect$$libinit$$00000013  c_w.l(libinit2.o)
    0x000004ca   0x00000000   Code   RO         1027    .ARM.Collect$$libinit$$00000015  c_w.l(libinit2.o)
    0x000004ca   0x00000000   Code   RO         1029    .ARM.Collect$$libinit$$00000017  c_w.l(libinit2.o)
    0x000004ca   0x00000000   Code   RO         1031    .ARM.Collect$$libinit$$00000019  c_w.l(libinit2.o)
    0x000004ca   0x00000000   Code   RO         1033    .ARM.Collect$$libinit$$0000001B  c_w.l(libinit2.o)
    0x000004ca   0x00000000   Code   RO         1035    .ARM.Collect$$libinit$$0000001D  c_w.l(libinit2.o)
    0x000004ca   0x00000000   Code   RO         1037    .ARM.Collect$$libinit$$0000001F  c_w.l(libinit2.o)
    0x000004ca   0x00000000   Code   RO         1039    .ARM.Collect$$libinit$$00000021  c_w.l(libinit2.o)
    0x000004ca   0x00000000   Code   RO         1041    .ARM.Collect$$libinit$$00000023  c_w.l(libinit2.o)
    0x000004ca   0x00000000   Code   RO         1043    .ARM.Collect$$libinit$$00000025  c_w.l(libinit2.o)
    0x000004ca   0x00000000   Code   RO         1047    .ARM.Collect$$libinit$$0000002C  c_w.l(libinit2.o)
    0x000004ca   0x00000000   Code   RO         1049    .ARM.Collect$$libinit$$0000002E  c_w.l(libinit2.o)
    0x000004ca   0x00000000   Code   RO         1051    .ARM.Collect$$libinit$$00000030  c_w.l(libinit2.o)
    0x000004ca   0x00000000   Code   RO         1053    .ARM.Collect$$libinit$$00000032  c_w.l(libinit2.o)
    0x000004ca   0x00000002   Code   RO         1054    .ARM.Collect$$libinit$$00000033  c_w.l(libinit2.o)
    0x000004cc   0x00000002   Code   RO         1081    .ARM.Collect$$libshutdown$$00000000  c_w.l(libshutdown.o)
    0x000004ce   0x00000000   Code   RO         1092    .ARM.Collect$$libshutdown$$00000003  c_w.l(libshutdown2.o)
    0x000004ce   0x00000000   Code   RO         1095    .ARM.Collect$$libshutdown$$00000006  c_w.l(libshutdown2.o)
    0x000004ce   0x00000000   Code   RO         1098    .ARM.Collect$$libshutdown$$00000009  c_w.l(libshutdown2.o)
    0x000004ce   0x00000000   Code   RO         1100    .ARM.Collect$$libshutdown$$0000000B  c_w.l(libshutdown2.o)
    0x000004ce   0x00000000   Code   RO         1103    .ARM.Collect$$libshutdown$$0000000E  c_w.l(libshutdown2.o)
    0x000004ce   0x00000002   Code   RO         1104    .ARM.Collect$$libshutdown$$0000000F  c_w.l(libshutdown2.o)
    0x000004d0   0x00000000   Code   RO          972    .ARM.Collect$$rtentry$$00000000  c_w.l(__rtentry.o)
    0x000004d0   0x00000000   Code   RO          974    .ARM.Collect$$rtentry$$00000002  c_w.l(__rtentry2.o)
    0x000004d0   0x00000004   Code   RO          988    .ARM.Collect$$rtentry$$00000007  c_w.l(__rtentry7.o)
    0x000004d4   0x00000000   Code   RO          976    .ARM.Collect$$rtentry$$00000009  c_w.l(__rtentry2.o)
    0x000004d4   0x00000004   Code   RO          977    .ARM.Collect$$rtentry$$0000000A  c_w.l(__rtentry2.o)
    0x000004d8   0x00000000   Code   RO          979    .ARM.Collect$$rtentry$$0000000C  c_w.l(__rtentry2.o)
    0x000004d8   0x00000008   Code   RO          980    .ARM.Collect$$rtentry$$0000000D  c_w.l(__rtentry2.o)
    0x000004e0   0x00000004   Code   RO          989    .ARM.Collect$$rtentry$$00002718  c_w.l(__rtentry7.o)
    0x000004e4   0x00000002   Code   RO         1008    .ARM.Collect$$rtexit$$00000000  c_w.l(rtexit.o)
    0x000004e6   0x00000000   Code   RO         1063    .ARM.Collect$$rtexit$$00000002  c_w.l(rtexit2.o)
    0x000004e6   0x00000004   Code   RO         1064    .ARM.Collect$$rtexit$$00000003  c_w.l(rtexit2.o)
    0x000004ea   0x00000006   Code   RO         1065    .ARM.Collect$$rtexit$$00000004  c_w.l(rtexit2.o)
    0x000004f0   0x00000038   Code   RO          876    .text               startup_s32k144.o
    0x00000528   0x0000000c   Code   RO          995    .text               c_w.l(exit.o)
    0x00000534   0x00000002   Code   RO         1059    .text               c_w.l(use_no_semi.o)
    0x00000536   0x00000000   Code   RO         1061    .text               c_w.l(indicate_semi.o)
    0x00000536   0x00000002   PAD
    0x00000538   0x0000000c   Code   RO         1073    .text               c_w.l(sys_exit.o)
    0x00000544   0x0000003a   Code   RO          162    i.CLOCK_DRV_Init    clock_s32k1xx.o
    0x0000057e   0x00000002   PAD
    0x00000580   0x000000e8   Code   RO          167    i.CLOCK_SYS_ConfigureFIRC  clock_s32k1xx.o
    0x00000668   0x00000154   Code   RO          168    i.CLOCK_SYS_ConfigureModulesFromScg  clock_s32k1xx.o
    0x000007bc   0x000000f8   Code   RO          169    i.CLOCK_SYS_ConfigureSIRC  clock_s32k1xx.o
    0x000008b4   0x00000144   Code   RO          170    i.CLOCK_SYS_ConfigureSOSC  clock_s32k1xx.o
    0x000009f8   0x00000128   Code   RO          171    i.CLOCK_SYS_ConfigureSPLL  clock_s32k1xx.o
    0x00000b20   0x00000054   Code   RO          172    i.CLOCK_SYS_ConfigureTemporarySystemClock  clock_s32k1xx.o
    0x00000b74   0x0000002c   Code   RO          175    i.CLOCK_SYS_GetCurrentRunMode  clock_s32k1xx.o
    0x00000ba0   0x00000164   Code   RO          177    i.CLOCK_SYS_GetDefaultConfiguration  clock_s32k1xx.o
    0x00000d04   0x0000002c   Code   RO          181    i.CLOCK_SYS_GetFircFreq  clock_s32k1xx.o
    0x00000d30   0x00000028   Code   RO          191    i.CLOCK_SYS_GetSircFreq  clock_s32k1xx.o
    0x00000d58   0x00000042   Code   RO          192    i.CLOCK_SYS_GetSrcFreq  clock_s32k1xx.o
    0x00000d9a   0x00000002   PAD
    0x00000d9c   0x00000020   Code   RO          196    i.CLOCK_SYS_GetSysOscFreq  clock_s32k1xx.o
    0x00000dbc   0x0000004c   Code   RO          197    i.CLOCK_SYS_GetSysPllFreq  clock_s32k1xx.o
    0x00000e08   0x00000018   Code   RO          199    i.CLOCK_SYS_Init    clock_s32k1xx.o
    0x00000e20   0x0000000c   Code   RO          201    i.CLOCK_SYS_SetConfiguration  clock_s32k1xx.o
    0x00000e2c   0x00000068   Code   RO          203    i.CLOCK_SYS_SetPccConfiguration  clock_s32k1xx.o
    0x00000e94   0x00000040   Code   RO          204    i.CLOCK_SYS_SetPmcConfiguration  clock_s32k1xx.o
    0x00000ed4   0x00000088   Code   RO          205    i.CLOCK_SYS_SetScgConfiguration  clock_s32k1xx.o
    0x00000f5c   0x000000fc   Code   RO          206    i.CLOCK_SYS_SetSimConfiguration  clock_s32k1xx.o
    0x00001058   0x000001ec   Code   RO          210    i.CLOCK_SYS_SetSystemClockConfig  clock_s32k1xx.o
    0x00001244   0x00000040   Code   RO          211    i.CLOCK_SYS_TransitionSystemClock  clock_s32k1xx.o
    0x00001284   0x00000108   Code   RO          213    i.CLOCK_SYS_UpdateConfiguration  clock_s32k1xx.o
    0x0000138c   0x00000014   Code   RO          571    i.INT_SYS_DisableIRQGlobal  interrupt_manager.o
    0x000013a0   0x00000024   Code   RO          573    i.INT_SYS_EnableIRQGlobal  interrupt_manager.o
    0x000013c4   0x0000003c   Code   RO          215    i.PCC_SetClockMode  clock_s32k1xx.o
    0x00001400   0x00000040   Code   RO          216    i.PCC_SetPeripheralClockControl  clock_s32k1xx.o
    0x00001440   0x00000008   Code   RO          653    i.PINS_DRV_ClearPins  pins_driver.o
    0x00001448   0x00000020   Code   RO          663    i.PINS_DRV_Init     pins_driver.o
    0x00001468   0x00000008   Code   RO          670    i.PINS_DRV_SetPins  pins_driver.o
    0x00001470   0x00000008   Code   RO          671    i.PINS_DRV_SetPinsDirection  pins_driver.o
    0x00001478   0x00000008   Code   RO          674    i.PINS_DRV_TogglePins  pins_driver.o
    0x00001480   0x00000078   Code   RO          827    i.PINS_GetAdcInterleaveVal  pins_port_hw_access.o
    0x000014f8   0x00000160   Code   RO          828    i.PINS_Init         pins_port_hw_access.o
    0x00001658   0x0000001a   Code   RO          218    i.PMC_SetLpoMode    clock_s32k1xx.o
    0x00001672   0x0000000a   Code   RO          221    i.SCG_GetCurrentSystemClockSource  clock_s32k1xx.o
    0x0000167c   0x0000002a   Code   RO          222    i.SCG_SetSoscControl  clock_s32k1xx.o
    0x000016a6   0x0000002a   Code   RO          223    i.SCG_SetSpllControl  clock_s32k1xx.o
    0x000016d0   0x00000014   Code   RO          225    i.SIM_SetDmaClockGate  clock_s32k1xx.o
    0x000016e4   0x00000014   Code   RO          226    i.SIM_SetEimClockGate  clock_s32k1xx.o
    0x000016f8   0x00000014   Code   RO          227    i.SIM_SetErmClockGate  clock_s32k1xx.o
    0x0000170c   0x0000002e   Code   RO          228    i.SIM_SetLpoClocks  clock_s32k1xx.o
    0x0000173a   0x00000014   Code   RO          229    i.SIM_SetMpuClockGate  clock_s32k1xx.o
    0x0000174e   0x00000012   Code   RO          230    i.SIM_SetMscmClockGate  clock_s32k1xx.o
    0x00001760   0x0000001c   Code   RO          231    i.SIM_SetTraceClockConfig  clock_s32k1xx.o
    0x0000177c   0x00000020   Code   RO          883    i.SystemInit        system_s32k144.o
    0x0000179c   0x00000010   Code   RO            6    i.delay             main.o
    0x000017ac   0x00000054   Code   RO          940    i.init_data_bss     startup.o
    0x00001800   0x00000060   Code   RO            7    i.main              main.o
    0x00001860   0x0000000a   Code   RO         1071    x$fpl$fpinit        fz_wm.l(fpinit.o)
    0x0000186a   0x00000002   PAD
    0x0000186c   0x00000241   Data   RO          233    .constdata          clock_s32k1xx.o
    0x00001aad   0x00000003   PAD
    0x00001ab0   0x00000004   Data   RO          941    .constdata          startup.o
    0x00001ab4   0x00000020   Data   RO         1135    Region$$Table       anon$$obj.o


    Execution Region RW_m_data (Base: 0x1fff8000, Size: 0x000001c4, Max: 0x00008000, ABSOLUTE, COMPRESSED[0x000000d0])

    Base Addr    Size         Type   Attr      Idx    E Section Name        Object

    0x1fff8000   0x0000009c   Data   RW          106    .data               clockman1.o
    0x1fff809c   0x00000060   Data   RW          140    .data               pin_mux.o
    0x1fff80fc   0x000000a8   Data   RW          234    .data               clock_s32k1xx.o
    0x1fff81a4   0x00000004   Data   RW          580    .data               interrupt_manager.o
    0x1fff81a8   0x0000001c   Zero   RW          232    .bss                clock_s32k1xx.o


    Execution Region ARM_LIB_HEAP (Base: 0x1fff81c4, Size: 0x00000400, Max: 0x00000400, ABSOLUTE)

    Base Addr    Size         Type   Attr      Idx    E Section Name        Object

    0x1fff81c4   0x00000400   Zero   RW            1    ARM_LIB_HEAP.bss    anon$$obj.o


    Execution Region RW_m_data_2 (Base: 0x20000000, Size: 0x00000000, Max: 0x00006800, ABSOLUTE)

    **** No section assigned to this execution region ****


    Execution Region ARM_LIB_STACK (Base: 0x20006c00, Size: 0x00000400, Max: 0x00000400, ABSOLUTE)

    Base Addr    Size         Type   Attr      Idx    E Section Name        Object

    0x20006c00   0x00000400   Zero   RW            2    ARM_LIB_STACK.bss   anon$$obj.o



  Load Region LR_m_interrupts (Base: 0x00000000, Size: 0x00000400, Max: 0x00000400, ABSOLUTE)

    Execution Region VECTOR_RAM (Base: 0x00000000, Size: 0x00000000, Max: 0x00000000, ABSOLUTE)

    Base Addr    Size         Type   Attr      Idx    E Section Name        Object

    0x00000000   0x00000000   Zero   RW            3    VECTOR_RAM.bss      anon$$obj.o


    Execution Region VECTOR_ROM (Base: 0x00000000, Size: 0x00000400, Max: 0x00000400, ABSOLUTE)

    Base Addr    Size         Type   Attr      Idx    E Section Name        Object

    0x00000000   0x00000400   Data   RO          874    RESET               startup_s32k144.o



  Load Region LR_m_flash_config (Base: 0x00000400, Size: 0x00000010, Max: 0x00000010, ABSOLUTE)

    Execution Region ER_m_flash_config (Base: 0x00000400, Size: 0x00000010, Max: 0x00000010, ABSOLUTE)

    Base Addr    Size         Type   Attr      Idx    E Section Name        Object

    0x00000400   0x00000010   Data   RO          875    FlashConfig         startup_s32k144.o


==============================================================================

Image component sizes


      Code (inc. data)   RO Data    RW Data    ZI Data      Debug   Object Name

      4068        178        577        168         28      49162   clock_s32k1xx.o
         0          0          0        156          0        671   clockman1.o
        56         12          0          4          0       1197   interrupt_manager.o
       112         20          0          0          0     478541   main.o
         0          0          0         96          0        494   pin_mux.o
        64          0          0          0          0       4642   pins_driver.o
       472         14          0          0          0       3700   pins_port_hw_access.o
        84         16          4          0          0       1449   startup.o
        56         18       1040          0          0        788   startup_s32k144.o
        32          8          0          0          0        441   system_s32k144.o

    ----------------------------------------------------------------------
      4948        266       1656        424       2076     541085   Object Totals
         0          0         32          0       2048          0   (incl. Generated)
         4          0          3          0          0          0   (incl. Padding)

    ----------------------------------------------------------------------

      Code (inc. data)   RO Data    RW Data    ZI Data      Debug   Library Member Name

        90          0          0          0          0          0   __dczerorl2.o
         8          0          0          0          0         68   __main.o
         0          0          0          0          0          0   __rtentry.o
        12          0          0          0          0          0   __rtentry2.o
         8          4          0          0          0          0   __rtentry7.o
        52          8          0          0          0          0   __scatter.o
        28          0          0          0          0          0   __scatter_zi.o
        12          0          0          0          0         72   exit.o
         0          0          0          0          0          0   indicate_semi.o
         2          0          0          0          0          0   libinit.o
         6          0          0          0          0          0   libinit2.o
         2          0          0          0          0          0   libshutdown.o
         2          0          0          0          0          0   libshutdown2.o
         2          0          0          0          0          0   rtexit.o
        10          0          0          0          0          0   rtexit2.o
        12          4          0          0          0         68   sys_exit.o
         2          0          0          0          0         68   use_no_semi.o
        10          0          0          0          0        116   fpinit.o

    ----------------------------------------------------------------------
       264         16          0          0          0        392   Library Totals
         6          0          0          0          0          0   (incl. Padding)

    ----------------------------------------------------------------------

      Code (inc. data)   RO Data    RW Data    ZI Data      Debug   Library Name

       248         16          0          0          0        276   c_w.l
        10          0          0          0          0        116   fz_wm.l

    ----------------------------------------------------------------------
       264         16          0          0          0        392   Library Totals

    ----------------------------------------------------------------------

==============================================================================


      Code (inc. data)   RO Data    RW Data    ZI Data      Debug   

      5212        282       1656        424       2076     536977   Grand Totals
      5212        282       1656        208       2076     536977   ELF Image Totals (compressed)
      5212        282       1656        208          0          0   ROM Totals

==============================================================================

    Total RO  Size (Code + RO Data)                 6868 (   6.71kB)
    Total RW  Size (RW Data + ZI Data)              2500 (   2.44kB)
    Total ROM Size (Code + RO Data + RW Data)       7076 (   6.91kB)

==============================================================================

